Component: ARM Compiler 5.06 update 7 (build 960) Tool: armlink [4d3601]

==============================================================================

Section Cross References

    startup_stm32f103xe.o(RESET) refers to startup_stm32f103xe.o(STACK) for __initial_sp
    startup_stm32f103xe.o(RESET) refers to startup_stm32f103xe.o(.text) for Reset_Handler
    startup_stm32f103xe.o(RESET) refers to stm32f1xx_it.o(i.NMI_Handler) for NMI_Handler
    startup_stm32f103xe.o(RESET) refers to context_rvds.o(.text) for HardFault_Handler
    startup_stm32f103xe.o(RESET) refers to stm32f1xx_it.o(i.MemManage_Handler) for MemManage_Handler
    startup_stm32f103xe.o(RESET) refers to stm32f1xx_it.o(i.BusFault_Handler) for BusFault_Handler
    startup_stm32f103xe.o(RESET) refers to stm32f1xx_it.o(i.UsageFault_Handler) for UsageFault_Handler
    startup_stm32f103xe.o(RESET) refers to stm32f1xx_it.o(i.SVC_Handler) for SVC_Handler
    startup_stm32f103xe.o(RESET) refers to stm32f1xx_it.o(i.DebugMon_Handler) for DebugMon_Handler
    startup_stm32f103xe.o(RESET) refers to stm32f1xx_it.o(i.SysTick_Handler) for SysTick_Handler
    startup_stm32f103xe.o(RESET) refers to stm32f1xx_it.o(i.EXTI2_IRQHandler) for EXTI2_IRQHandler
    startup_stm32f103xe.o(RESET) refers to stm32f1xx_it.o(i.SPI1_IRQHandler) for SPI1_IRQHandler
    startup_stm32f103xe.o(RESET) refers to stm32f1xx_it.o(i.USART1_IRQHandler) for USART1_IRQHandler
    startup_stm32f103xe.o(RESET) refers to stm32f1xx_it.o(i.TIM6_IRQHandler) for TIM6_IRQHandler
    startup_stm32f103xe.o(.text) refers to system_stm32f1xx.o(i.SystemInit) for SystemInit
    startup_stm32f103xe.o(.text) refers to entry.o(.ARM.Collect$$$$00000000) for __main
    main.o(i.HAL_TIM_PeriodElapsedCallback) refers to stm32f1xx_hal.o(i.HAL_IncTick) for HAL_IncTick
    main.o(i.SystemClock_Config) refers to memseta.o(.text) for __aeabi_memclr4
    main.o(i.SystemClock_Config) refers to stm32f1xx_hal_rcc.o(i.HAL_RCC_OscConfig) for HAL_RCC_OscConfig
    main.o(i.SystemClock_Config) refers to stm32f1xx_hal_rcc.o(i.HAL_RCC_ClockConfig) for HAL_RCC_ClockConfig
    main.o(i.User_App_Start) refers to thread.o(i.rt_thread_create) for rt_thread_create
    main.o(i.User_App_Start) refers to thread.o(i.rt_thread_startup) for rt_thread_startup
    main.o(i.User_App_Start) refers to kservice.o(i.rt_kprintf) for rt_kprintf
    main.o(i.User_App_Start) refers to app_lora_node.o(i.lora_thread_entry) for lora_thread_entry
    main.o(i.main) refers to stm32f1xx_hal.o(i.HAL_Init) for HAL_Init
    main.o(i.main) refers to main.o(i.SystemClock_Config) for SystemClock_Config
    main.o(i.main) refers to gpio.o(i.MX_GPIO_Init) for MX_GPIO_Init
    main.o(i.main) refers to spi.o(i.MX_SPI1_Init) for MX_SPI1_Init
    main.o(i.main) refers to usart.o(i.MX_USART1_UART_Init) for MX_USART1_UART_Init
    main.o(i.main) refers to stm32f1xx_hal.o(i.HAL_GetUIDw0) for HAL_GetUIDw0
    main.o(i.main) refers to rand.o(.text) for srand
    main.o(i.main) refers to kservice.o(i.rt_kprintf) for rt_kprintf
    main.o(i.main) refers to main.o(i.User_App_Start) for User_App_Start
    main.o(i.main) refers to thread.o(i.rt_thread_mdelay) for rt_thread_mdelay
    gpio.o(i.MX_GPIO_Init) refers to stm32f1xx_hal_gpio.o(i.HAL_GPIO_WritePin) for HAL_GPIO_WritePin
    gpio.o(i.MX_GPIO_Init) refers to stm32f1xx_hal_gpio.o(i.HAL_GPIO_Init) for HAL_GPIO_Init
    gpio.o(i.MX_GPIO_Init) refers to stm32f1xx_hal_cortex.o(i.HAL_NVIC_SetPriority) for HAL_NVIC_SetPriority
    gpio.o(i.MX_GPIO_Init) refers to stm32f1xx_hal_cortex.o(i.HAL_NVIC_EnableIRQ) for HAL_NVIC_EnableIRQ
    spi.o(i.HAL_SPI_MspDeInit) refers to stm32f1xx_hal_gpio.o(i.HAL_GPIO_DeInit) for HAL_GPIO_DeInit
    spi.o(i.HAL_SPI_MspDeInit) refers to stm32f1xx_hal_cortex.o(i.HAL_NVIC_DisableIRQ) for HAL_NVIC_DisableIRQ
    spi.o(i.HAL_SPI_MspInit) refers to stm32f1xx_hal_gpio.o(i.HAL_GPIO_Init) for HAL_GPIO_Init
    spi.o(i.HAL_SPI_MspInit) refers to stm32f1xx_hal_cortex.o(i.HAL_NVIC_SetPriority) for HAL_NVIC_SetPriority
    spi.o(i.HAL_SPI_MspInit) refers to stm32f1xx_hal_cortex.o(i.HAL_NVIC_EnableIRQ) for HAL_NVIC_EnableIRQ
    spi.o(i.MX_SPI1_Init) refers to stm32f1xx_hal_spi.o(i.HAL_SPI_Init) for HAL_SPI_Init
    spi.o(i.MX_SPI1_Init) refers to main.o(i.Error_Handler) for Error_Handler
    spi.o(i.MX_SPI1_Init) refers to spi.o(.bss) for .bss
    usart.o(i.HAL_UART_MspDeInit) refers to stm32f1xx_hal_gpio.o(i.HAL_GPIO_DeInit) for HAL_GPIO_DeInit
    usart.o(i.HAL_UART_MspDeInit) refers to stm32f1xx_hal_cortex.o(i.HAL_NVIC_DisableIRQ) for HAL_NVIC_DisableIRQ
    usart.o(i.HAL_UART_MspInit) refers to stm32f1xx_hal_gpio.o(i.HAL_GPIO_Init) for HAL_GPIO_Init
    usart.o(i.HAL_UART_MspInit) refers to stm32f1xx_hal_cortex.o(i.HAL_NVIC_SetPriority) for HAL_NVIC_SetPriority
    usart.o(i.HAL_UART_MspInit) refers to stm32f1xx_hal_cortex.o(i.HAL_NVIC_EnableIRQ) for HAL_NVIC_EnableIRQ
    usart.o(i.MX_USART1_UART_Init) refers to stm32f1xx_hal_uart.o(i.HAL_UART_Init) for HAL_UART_Init
[...]
    HAL_TIM_IC_CaptureCallback               0x08002015   Thumb Code     2  stm32f1xx_hal_tim.o(i.HAL_TIM_IC_CaptureCallback)
    HAL_TIM_IRQHandler                       0x08002017   Thumb Code   304  stm32f1xx_hal_tim.o(i.HAL_TIM_IRQHandler)
    HAL_TIM_OC_DelayElapsedCallback          0x08002147   Thumb Code     2  stm32f1xx_hal_tim.o(i.HAL_TIM_OC_DelayElapsedCallback)
    HAL_TIM_PWM_PulseFinishedCallback        0x08002149   Thumb Code     2  stm32f1xx_hal_tim.o(i.HAL_TIM_PWM_PulseFinishedCallback)
    HAL_TIM_PeriodElapsedCallback            0x0800214d   Thumb Code    14  main.o(i.HAL_TIM_PeriodElapsedCallback)
    HAL_TIM_TriggerCallback                  0x08002161   Thumb Code     2  stm32f1xx_hal_tim.o(i.HAL_TIM_TriggerCallback)
    HAL_UARTEx_RxEventCallback               0x08002163   Thumb Code     2  stm32f1xx_hal_uart.o(i.HAL_UARTEx_RxEventCallback)
    HAL_UART_ErrorCallback                   0x08002165   Thumb Code     2  stm32f1xx_hal_uart.o(i.HAL_UART_ErrorCallback)
    HAL_UART_IRQHandler                      0x08002169   Thumb Code   616  stm32f1xx_hal_uart.o(i.HAL_UART_IRQHandler)
    HAL_UART_Init                            0x080023d5   Thumb Code   100  stm32f1xx_hal_uart.o(i.HAL_UART_Init)
    HAL_UART_MspInit                         0x08002439   Thumb Code   116  usart.o(i.HAL_UART_MspInit)
    HAL_UART_RxCpltCallback                  0x080024b9   Thumb Code     2  stm32f1xx_hal_uart.o(i.HAL_UART_RxCpltCallback)
    HAL_UART_Transmit                        0x080024bb   Thumb Code   160  stm32f1xx_hal_uart.o(i.HAL_UART_Transmit)
    HAL_UART_TxCpltCallback                  0x0800255b   Thumb Code     2  stm32f1xx_hal_uart.o(i.HAL_UART_TxCpltCallback)
    Is_Channel_Busy                          0x0800255d   Thumb Code    28  app_lora_node.o(i.Is_Channel_Busy)
    LoRa_Get_Current_RSSI                    0x080025a5   Thumb Code     8  app_lora_node.o(i.LoRa_Get_Current_RSSI)
    LoRa_Init                                0x080025b1   Thumb Code   130  bsp_lora.o(i.LoRa_Init)
    LoRa_Send_Data                           0x080026c9   Thumb Code    88  bsp_lora.o(i.LoRa_Send_Data)
    MX_GPIO_Init                             0x08002769   Thumb Code   272  gpio.o(i.MX_GPIO_Init)
    MX_SPI1_Init                             0x08002891   Thumb Code    62  spi.o(i.MX_SPI1_Init)
    MX_USART1_UART_Init                      0x080028d9   Thumb Code    48  usart.o(i.MX_USART1_UART_Init)
    MemManage_Handler                        0x08002911   Thumb Code     2  stm32f1xx_it.o(i.MemManage_Handler)
    NMI_Handler                              0x08002913   Thumb Code     2  stm32f1xx_it.o(i.NMI_Handler)
    SPI1_IRQHandler                          0x08002915   Thumb Code     6  stm32f1xx_it.o(i.SPI1_IRQHandler)
    SVC_Handler                              0x08002a1d   Thumb Code     2  stm32f1xx_it.o(i.SVC_Handler)
    SX1278_LoRaEntryRx                       0x08002a1f   Thumb Code   110  sx1278.o(i.SX1278_LoRaEntryRx)
    SX1278_LoRaEntryTx                       0x08002a8d   Thumb Code   128  sx1278.o(i.SX1278_LoRaEntryTx)
    SX1278_LoRaRxPacket                      0x08002b0d   Thumb Code    90  sx1278.o(i.SX1278_LoRaRxPacket)
    SX1278_LoRaTxPacket                      0x08002b67   Thumb Code    86  sx1278.o(i.SX1278_LoRaTxPacket)
    SX1278_RSSI_LoRa                         0x08002bbd   Thumb Code    14  sx1278.o(i.SX1278_RSSI_LoRa)
    SX1278_SPIBurstRead                      0x08002bcb   Thumb Code    66  sx1278.o(i.SX1278_SPIBurstRead)
    SX1278_SPIBurstWrite                     0x08002c0d   Thumb Code    70  sx1278.o(i.SX1278_SPIBurstWrite)
    SX1278_SPIRead                           0x08002c53   Thumb Code    30  sx1278.o(i.SX1278_SPIRead)
    SX1278_SPIWrite                          0x08002c71   Thumb Code    46  sx1278.o(i.SX1278_SPIWrite)
    SX1278_available                         0x08002c9f   Thumb Code     4  sx1278.o(i.SX1278_available)
    SX1278_clearLoRaIrq                      0x08002ca3   Thumb Code     8  sx1278.o(i.SX1278_clearLoRaIrq)
    SX1278_config                            0x08002cad   Thumb Code   320  sx1278.o(i.SX1278_config)
    SX1278_entryLoRa                         0x08002df5   Thumb Code     8  sx1278.o(i.SX1278_entryLoRa)
    SX1278_hw_DelayMs                        0x08002dfd   Thumb Code     4  sx1278_hw.o(i.SX1278_hw_DelayMs)
    SX1278_hw_GetDIO0                        0x08002e01   Thumb Code    20  sx1278_hw.o(i.SX1278_hw_GetDIO0)
    SX1278_hw_Reset                          0x08002e15   Thumb Code    48  sx1278_hw.o(i.SX1278_hw_Reset)
    SX1278_hw_SPICommand                     0x08002e45   Thumb Code    36  sx1278_hw.o(i.SX1278_hw_SPICommand)
    SX1278_hw_SPIReadByte                    0x08002e69   Thumb Code    56  sx1278_hw.o(i.SX1278_hw_SPIReadByte)
    SX1278_hw_SetNSS                         0x08002ea1   Thumb Code    20  sx1278_hw.o(i.SX1278_hw_SetNSS)
    SX1278_hw_init                           0x08002eb5   Thumb Code    26  sx1278_hw.o(i.SX1278_hw_init)
    SX1278_init                              0x08002ecf   Thumb Code    58  sx1278.o(i.SX1278_init)
    SX1278_read                              0x08002f09   Thumb Code    42  sx1278.o(i.SX1278_read)
    SX1278_sleep                             0x08002f33   Thumb Code    18  sx1278.o(i.SX1278_sleep)
    SX1278_standby                           0x08002f45   Thumb Code    18  sx1278.o(i.SX1278_standby)
    SX1278_transmit                          0x08002f57   Thumb Code    44  sx1278.o(i.SX1278_transmit)
    Send_Join_Request                        0x08002f85   Thumb Code   232  app_lora_node.o(i.Send_Join_Request)
    Send_Sensor_Data                         0x0800313d   Thumb Code   346  app_lora_node.o(i.Send_Sensor_Data)
    SysTick_Handler                          0x08003389   Thumb Code    18  stm32f1xx_it.o(i.SysTick_Handler)
    SystemClock_Config                       0x0800339b   Thumb Code    94  main.o(i.SystemClock_Config)
    SystemCoreClockUpdate                    0x080033f9   Thumb Code    82  system_stm32f1xx.o(i.SystemCoreClockUpdate)
    SystemInit                               0x08003461   Thumb Code     2  system_stm32f1xx.o(i.SystemInit)
    TIM6_IRQHandler                          0x08003465   Thumb Code     6  stm32f1xx_it.o(i.TIM6_IRQHandler)
    TIM_Base_SetConfig                       0x08003471   Thumb Code   134  stm32f1xx_hal_tim.o(i.TIM_Base_SetConfig)
    USART1_IRQHandler                        0x08003759   Thumb Code     6  stm32f1xx_it.o(i.USART1_IRQHandler)
    UsageFault_Handler                       0x08003765   Thumb Code     2  stm32f1xx_it.o(i.UsageFault_Handler)
    User_App_Start                           0x08003769   Thumb Code    44  main.o(i.User_App_Start)
    __0printf$bare                           0x080037f5   Thumb Code     8  printfb.o(i.__0printf$bare)
    __1printf$bare                           0x080037f5   Thumb Code     0  printfb.o(i.__0printf$bare)
    __2printf                                0x080037f5   Thumb Code     0  printfb.o(i.__0printf$bare)
    __ARM_fpclassifyf                        0x08003805   Thumb Code    38  fpclassifyf.o(i.__ARM_fpclassifyf)
    __mathlib_flt_divzero                    0x0800384b   Thumb Code    10  funder.o(i.__mathlib_flt_divzero)
    __mathlib_flt_infnan                     0x08003855   Thumb Code     6  funder.o(i.__mathlib_flt_infnan)
    __mathlib_flt_infnan2                    0x0800385b   Thumb Code     4  funder.o(i.__mathlib_flt_infnan2)
    __mathlib_flt_invalid                    0x0800385f   Thumb Code     8  funder.o(i.__mathlib_flt_invalid)
    __mathlib_flt_overflow                   0x08003867   Thumb Code    10  funder.o(i.__mathlib_flt_overflow)
    __mathlib_flt_underflow                  0x08003871   Thumb Code    10  funder.o(i.__mathlib_flt_underflow)
    __read_errno                             0x0800387d   Thumb Code     6  errno.o(i.__read_errno)
    __rt_ffs                                 0x08003889   Thumb Code    62  kservice.o(i.__rt_ffs)
    __scatterload_copy                       0x080038cd   Thumb Code    14  handlers.o(i.__scatterload_copy)
    __scatterload_null                       0x080038db   Thumb Code     2  handlers.o(i.__scatterload_null)
    __scatterload_zeroinit                   0x080038dd   Thumb Code    14  handlers.o(i.__scatterload_zeroinit)
    __set_errno                              0x080038ed   Thumb Code     6  errno.o(i.__set_errno)
    _is_digit                                0x080038f9   Thumb Code    14  scanf_fp.o(i._is_digit)
    and                                      0x08003a87   Thumb Code    50  fuzzypid.o(i.and)
    atof                                     0x08003ab9   Thumb Code    42  atof.o(i.atof)
    cmd_free                                 0x08003bcd   Thumb Code    10  msh.o(i.cmd_free)
    cmd_ps                                   0x08003bd7   Thumb Code    10  msh.o(i.cmd_ps)
    delete_fuzzy                             0x08003be1   Thumb Code    26  fuzzypid.o(i.delete_fuzzy)
    delete_pid                               0x08003bfb   Thumb Code    22  fuzzypid.o(i.delete_pid)
    delete_pid_vector                        0x08003c11   Thumb Code    36  fuzzypid.o(i.delete_pid_vector)
    df                                       0x08003c35   Thumb Code    38  fuzzypid.o(i.df)
    direct_control                           0x08003c81   Thumb Code    12  fuzzypid.o(i.direct_control)
    equilibrium                              0x08003c8d   Thumb Code    84  fuzzypid.o(i.equilibrium)
    __mathlib_expf                           0x08003ce1   Thumb Code     0  expf.o(i.expf)
    expf                                     0x08003ce1   Thumb Code   322  expf.o(i.expf)
    finsh_get_prompt                         0x08003e51   Thumb Code    68  shell.o(i.finsh_get_prompt)
    finsh_set_prompt_mode                    0x08003eb1   Thumb Code    16  shell.o(i.finsh_set_prompt_mode)
    finsh_system_function_init               0x08003ec5   Thumb Code     8  shell.o(i.finsh_system_function_init)
    finsh_system_init                        0x08003ed1   Thumb Code    90  shell.o(i.finsh_system_init)
    finsh_thread_entry                       0x08003f65   Thumb Code   612  shell.o(i.finsh_thread_entry)
    fmaxf                                    0x080041f1   Thumb Code    40  fmaxf.o(i.fmaxf)
    fminf                                    0x08004219   Thumb Code    40  fminf.o(i.fminf)
    fo                                       0x08004241   Thumb Code    26  fuzzypid.o(i.fo)
    fputc                                    0x0800425b   Thumb Code    18  fputc.o(i.fputc)
    free                                     0x0800426d   Thumb Code    76  malloc.o(i.free)
    fuzzy_control                            0x080042bd   Thumb Code   238  fuzzypid.o(i.fuzzy_control)
    fuzzy_init                               0x080043b1   Thumb Code    40  fuzzypid.o(i.fuzzy_init)
    fuzzy_params_init                        0x080043d9   Thumb Code    58  fuzzypid.o(i.fuzzy_params_init)
    fuzzy_pid_control                        0x08004415   Thumb Code   252  fuzzypid.o(i.fuzzy_pid_control)
    fuzzy_pid_init                           0x08004515   Thumb Code   116  fuzzypid.o(i.fuzzy_pid_init)
    fuzzy_pid_motor_pwd_output               0x0800458d   Thumb Code    38  fuzzypid.o(i.fuzzy_pid_motor_pwd_output)
    fuzzy_pid_vector_init                    0x080045b5   Thumb Code    76  fuzzypid.o(i.fuzzy_pid_vector_init)
    hello                                    0x08004679   Thumb Code    12  cmd_1.o(i.hello)
    led_ctrl                                 0x08004699   Thumb Code   142  cmd.o(i.led_ctrl)
    limit                                    0x0800481d   Thumb Code    16  fuzzypid.o(i.limit)
    list                                     0x0800482d   Thumb Code    50  cmd_1.o(i.list)
    list_mailbox                             0x0800491d   Thumb Code   200  cmd_1.o(i.list_mailbox)
    list_mem                                 0x08004a61   Thumb Code    32  mem.o(i.list_mem)
    list_mutex                               0x08004acd   Thumb Code   146  cmd_1.o(i.list_mutex)
    list_sem                                 0x08004bc5   Thumb Code   188  cmd_1.o(i.list_sem)
    list_thread                              0x08004ce1   Thumb Code   250  cmd_1.o(i.list_thread)
    list_timer                               0x08004e99   Thumb Code   160  cmd_1.o(i.list_timer)
    lora_send                                0x08004fd9   Thumb Code    36  cmd.o(i.lora_send)
    lora_test                                0x08005019   Thumb Code    22  cmd.o(i.lora_test)
    lora_thread_entry                        0x0800504d   Thumb Code   360  app_lora_node.o(i.lora_thread_entry)
    $Super$$main                             0x0800534d   Thumb Code    68  main.o(i.main)
    main_thread_entry                        0x080053ed   Thumb Code    14  components.o(i.main_thread_entry)
    malloc                                   0x080053fd   Thumb Code    92  malloc.o(i.malloc)
    mf                                       0x08005541   Thumb Code   246  fuzzypid.o(i.mf)
    moc                                      0x08005639   Thumb Code   236  fuzzypid.o(i.moc)
    motor_rev                                0x08005725   Thumb Code   164  stepper.o(i.motor_rev)
    msh_auto_complete                        0x080058d1   Thumb Code   150  msh.o(i.msh_auto_complete)
    msh_exec                                 0x0800597d   Thumb Code    74  msh.o(i.msh_exec)
    msh_help                                 0x080059e1   Thumb Code    58  msh.o(i.msh_help)
    msh_is_used                              0x08005a59   Thumb Code     4  msh.o(i.msh_is_used)
    or                                       0x08005b45   Thumb Code    64  fuzzypid.o(i.or)
    pid_sim                                  0x08005b85   Thumb Code   218  app_pid_test.o(i.pid_sim)
    pid_test                                 0x08005d1d   Thumb Code   268  app_pid_test.o(i.pid_test)
    __mathlib_powf                           0x08005ef5   Thumb Code     0  powf.o(i.powf)
    powf                                     0x08005ef5   Thumb Code  1548  powf.o(i.powf)
    print_float                              0x08006515   Thumb Code    54  app_pid_test.o(i.print_float)
    raw_fuzzy_pid_init                       0x08006691   Thumb Code   130  fuzzypid.o(i.raw_fuzzy_pid_init)
    rt_application_init                      0x08006719   Thumb Code    32  components.o(i.rt_application_init)
    rt_calloc                                0x08006745   Thumb Code    26  mem.o(i.rt_calloc)
    rt_components_board_init                 0x08006761   Thumb Code    20  components.o(i.rt_components_board_init)
    rt_components_init                       0x0800677d   Thumb Code    20  components.o(i.rt_components_init)
    rt_enter_critical                        0x08006799   Thumb Code    22  scheduler.o(i.rt_enter_critical)
    rt_exit_critical                         0x080067b5   Thumb Code    52  scheduler.o(i.rt_exit_critical)
    rt_free                                  0x080067ed   Thumb Code   112  mem.o(i.rt_free)
    rt_heap_begin_get                        0x080068b1   Thumb Code     4  board.o(i.rt_heap_begin_get)
    rt_heap_end_get                          0x080068b9   Thumb Code     4  board.o(i.rt_heap_end_get)
    rt_hw_board_init                         0x080068c1   Thumb Code    88  board.o(i.rt_hw_board_init)
    rt_hw_console_getchar                    0x08006921   Thumb Code    38  finsh_port.o(i.rt_hw_console_getchar)
    rt_hw_console_output                     0x0800694d   Thumb Code    66  board.o(i.rt_hw_console_output)
    rt_hw_hard_fault_exception               0x08006995   Thumb Code   186  cpuport.o(i.rt_hw_hard_fault_exception)
    rt_hw_stack_init                         0x08006b91   Thumb Code    52  cpuport.o(i.rt_hw_stack_init)
    rt_interrupt_enter                       0x08006bc9   Thumb Code    22  irq.o(i.rt_interrupt_enter)
    rt_interrupt_leave                       0x08006be5   Thumb Code    22  irq.o(i.rt_interrupt_leave)
    rt_kprintf                               0x08006c65   Thumb Code    28  kservice.o(i.rt_kprintf)
    rt_malloc                                0x08006d05   Thumb Code   232  mem.o(i.rt_malloc)
    rt_memmove                               0x08006df5   Thumb Code    50  kservice.o(i.rt_memmove)
    rt_memset                                0x08006e29   Thumb Code    70  kservice.o(i.rt_memset)
    rt_mutex_create                          0x08006e6f   Thumb Code    42  ipc.o(i.rt_mutex_create)
    rt_mutex_release                         0x08006e99   Thumb Code   164  ipc.o(i.rt_mutex_release)
    rt_mutex_take                            0x08006f3d   Thumb Code   188  ipc.o(i.rt_mutex_take)
    rt_object_allocate                       0x08006ff9   Thumb Code    80  object.o(i.rt_object_allocate)
    rt_object_delete                         0x08007049   Thumb Code    38  object.o(i.rt_object_delete)
    rt_object_detach                         0x0800706f   Thumb Code    32  object.o(i.rt_object_detach)
    rt_object_get_information                0x08007091   Thumb Code    30  object.o(i.rt_object_get_information)
    rt_object_init                           0x080070b5   Thumb Code    80  object.o(i.rt_object_init)
    rt_object_is_systemobject                0x08007105   Thumb Code    14  object.o(i.rt_object_is_systemobject)
    rt_schedule                              0x08007115   Thumb Code    76  scheduler.o(i.rt_schedule)
    rt_schedule_insert_thread                0x0800716d   Thumb Code    70  scheduler.o(i.rt_schedule_insert_thread)
    rt_schedule_remove_thread                0x080071bd   Thumb Code    64  scheduler.o(i.rt_schedule_remove_thread)
    rt_sem_create                            0x08007205   Thumb Code    32  ipc.o(i.rt_sem_create)
    rt_sem_init                              0x08007225   Thumb Code    36  ipc.o(i.rt_sem_init)
    rt_sem_release                           0x08007249   Thumb Code    72  ipc.o(i.rt_sem_release)
    rt_sem_take                              0x08007291   Thumb Code   110  ipc.o(i.rt_sem_take)
    rt_show_version                          0x08007301   Thumb Code    40  kservice.o(i.rt_show_version)
    rt_strlen                                0x080073b1   Thumb Code    16  kservice.o(i.rt_strlen)
    rt_strncpy                               0x080073c1   Thumb Code    38  kservice.o(i.rt_strncpy)
    rt_system_heap_init                      0x080073e9   Thumb Code    96  mem.o(i.rt_system_heap_init)
    rt_system_scheduler_init                 0x08007495   Thumb Code    44  scheduler.o(i.rt_system_scheduler_init)
    rt_system_scheduler_start                0x080074c9   Thumb Code    32  scheduler.o(i.rt_system_scheduler_start)
    rt_system_timer_init                     0x080074f1   Thumb Code     8  timer.o(i.rt_system_timer_init)
    rt_system_timer_thread_init              0x080074fd   Thumb Code     2  timer.o(i.rt_system_timer_thread_init)
    rt_thread_control                        0x080074ff   Thumb Code   118  thread.o(i.rt_thread_control)
    rt_thread_create                         0x08007575   Thumb Code    72  thread.o(i.rt_thread_create)
    rt_thread_delete                         0x080075bd   Thumb Code    72  thread.o(i.rt_thread_delete)
    rt_thread_detach                         0x08007609   Thumb Code    90  thread.o(i.rt_thread_detach)
    rt_thread_exit                           0x08007669   Thumb Code    82  thread.o(i.rt_thread_exit)
    rt_thread_idle_excute                    0x080076cd   Thumb Code    70  idle.o(i.rt_thread_idle_excute)
    rt_thread_idle_init                      0x08007719   Thumb Code    40  idle.o(i.rt_thread_idle_init)
    rt_thread_init                           0x08007751   Thumb Code    48  thread.o(i.rt_thread_init)
    rt_thread_mdelay                         0x08007781   Thumb Code    14  thread.o(i.rt_thread_mdelay)
    rt_thread_resume                         0x0800778f   Thumb Code    60  thread.o(i.rt_thread_resume)
    rt_thread_self                           0x080077cd   Thumb Code     6  thread.o(i.rt_thread_self)
    rt_thread_sleep                          0x080077d9   Thumb Code    60  thread.o(i.rt_thread_sleep)
    rt_thread_startup                        0x08007819   Thumb Code    40  thread.o(i.rt_thread_startup)
    rt_thread_suspend                        0x08007845   Thumb Code    66  thread.o(i.rt_thread_suspend)
    rt_thread_timeout                        0x08007887   Thumb Code    32  thread.o(i.rt_thread_timeout)
    rt_thread_yield                          0x080078a9   Thumb Code    86  thread.o(i.rt_thread_yield)
    rt_tick_from_millisecond                 0x08007909   Thumb Code    50  clock.o(i.rt_tick_from_millisecond)
    rt_tick_get                              0x0800793d   Thumb Code     6  clock.o(i.rt_tick_get)
    rt_tick_increase                         0x08007949   Thumb Code    38  clock.o(i.rt_tick_increase)
    rt_timer_check                           0x08007975   Thumb Code   136  timer.o(i.rt_timer_check)
    rt_timer_control                         0x08007a01   Thumb Code    72  timer.o(i.rt_timer_control)
    rt_timer_detach                          0x08007a49   Thumb Code    40  timer.o(i.rt_timer_detach)
    rt_timer_init                            0x08007a71   Thumb Code    40  timer.o(i.rt_timer_init)
    rt_timer_start                           0x08007a99   Thumb Code   126  timer.o(i.rt_timer_start)
    rt_timer_stop                            0x08007b1d   Thumb Code    46  timer.o(i.rt_timer_stop)
    rt_vsnprintf                             0x08007b4d   Thumb Code   634  kservice.o(i.rt_vsnprintf)
    rtthread_startup                         0x08007de1   Thumb Code    42  components.o(i.rtthread_startup)
    trapmf                                   0x08007fa5   Thumb Code   130  fuzzypid.o(i.trapmf)
    version                                  0x080080fd   Thumb Code    10  cmd_1.o(i.version)
    zmf                                      0x08008107   Thumb Code   188  fuzzypid.o(i.zmf)
    AHBPrescTable                            0x080081d4   Data          16  system_stm32f1xx.o(.constdata)
    APBPrescTable                            0x080081e4   Data           8  system_stm32f1xx.o(.constdata)
    step_sequence                            0x08008215   Data          32  stepper.o(.constdata)
    __lowest_bit_bitmap                      0x08008235   Data         256  kservice.o(.constdata)
    __ctype_categories                       0x080084c8   Data          64  ctype_c.o(.constdata)
    __fsym___cmd_pid_sim_name                0x0800854c   Data          14  app_pid_test.o(.rodata.name)
    __fsym___cmd_pid_sim_desc                0x0800855a   Data          25  app_pid_test.o(.rodata.name)
    __fsym___cmd_pid_test_name               0x08008573   Data          15  app_pid_test.o(.rodata.name)
    __fsym___cmd_pid_test_desc               0x08008582   Data          20  app_pid_test.o(.rodata.name)
    __fsym___cmd_led_name                    0x08008596   Data          10  cmd.o(.rodata.name)
    __fsym___cmd_led_desc                    0x080085a0   Data          39  cmd.o(.rodata.name)
    __fsym___cmd_lora_test_name              0x080085c7   Data          16  cmd.o(.rodata.name)
    __fsym___cmd_lora_test_desc              0x080085d7   Data          22  cmd.o(.rodata.name)
    __fsym___cmd_lora_send_name              0x080085ed   Data          16  cmd.o(.rodata.name)
    __fsym___cmd_lora_send_desc              0x080085fd   Data          18  cmd.o(.rodata.name)
    __fsym___cmd_motor_rev_name              0x0800860f   Data          16  stepper.o(.rodata.name)
    __fsym___cmd_motor_rev_desc              0x0800861f   Data          41  stepper.o(.rodata.name)
    __fsym_hello_name                        0x08008648   Data           6  cmd_1.o(.rodata.name)
    __fsym_hello_desc                        0x0800864e   Data          16  cmd_1.o(.rodata.name)
    __fsym_version_name                      0x0800865e   Data           8  cmd_1.o(.rodata.name)
    __fsym_version_desc                      0x08008666   Data          35  cmd_1.o(.rodata.name)
    __fsym___cmd_version_name                0x08008689   Data          14  cmd_1.o(.rodata.name)
    __fsym___cmd_version_desc                0x08008697   Data          35  cmd_1.o(.rodata.name)
    __fsym_list_thread_name                  0x080086ba   Data          12  cmd_1.o(.rodata.name)
    __fsym_list_thread_desc                  0x080086c6   Data          12  cmd_1.o(.rodata.name)
    __fsym___cmd_list_thread_name            0x080086d2   Data          18  cmd_1.o(.rodata.name)
    __fsym___cmd_list_thread_desc            0x080086e4   Data          12  cmd_1.o(.rodata.name)
    __fsym_list_sem_name                     0x080086f0   Data           9  cmd_1.o(.rodata.name)
    __fsym_list_sem_desc                     0x080086f9   Data          25  cmd_1.o(.rodata.name)
    __fsym___cmd_list_sem_name               0x08008712   Data          15  cmd_1.o(.rodata.name)
    __fsym___cmd_list_sem_desc               0x08008721   Data          25  cmd_1.o(.rodata.name)
    __fsym_list_mutex_name                   0x0800873a   Data          11  cmd_1.o(.rodata.name)
    __fsym_list_mutex_desc                   0x08008745   Data          21  cmd_1.o(.rodata.name)
    __fsym___cmd_list_mutex_name             0x0800875a   Data          17  cmd_1.o(.rodata.name)
    __fsym___cmd_list_mutex_desc             0x0800876b   Data          21  cmd_1.o(.rodata.name)
    __fsym_list_mailbox_name                 0x08008780   Data          13  cmd_1.o(.rodata.name)
    __fsym_list_mailbox_desc                 0x0800878d   Data          24  cmd_1.o(.rodata.name)
    __fsym___cmd_list_mailbox_name           0x080087a5   Data          19  cmd_1.o(.rodata.name)
    __fsym___cmd_list_mailbox_desc           0x080087b8   Data          24  cmd_1.o(.rodata.name)
    __fsym_list_timer_name                   0x080087d0   Data          11  cmd_1.o(.rodata.name)
    __fsym_list_timer_desc                   0x080087db   Data          21  cmd_1.o(.rodata.name)
    __fsym___cmd_list_timer_name             0x080087f0   Data          17  cmd_1.o(.rodata.name)
    __fsym___cmd_list_timer_desc             0x08008801   Data          21  cmd_1.o(.rodata.name)
    __fsym_list_name                         0x08008816   Data           5  cmd_1.o(.rodata.name)
    __fsym_list_desc                         0x0800881b   Data          26  cmd_1.o(.rodata.name)
    __fsym___cmd_help_name                   0x08008835   Data          11  msh.o(.rodata.name)
    __fsym___cmd_help_desc                   0x08008840   Data          22  msh.o(.rodata.name)
    __fsym___cmd_ps_name                     0x08008856   Data           9  msh.o(.rodata.name)
    __fsym___cmd_ps_desc                     0x0800885f   Data          28  msh.o(.rodata.name)
    __fsym___cmd_free_name                   0x0800887b   Data          11  msh.o(.rodata.name)
    __fsym___cmd_free_desc                   0x08008886   Data          37  msh.o(.rodata.name)
    __fsym_list_mem_name                     0x080088ab   Data           9  mem.o(.rodata.name)
    __fsym_list_mem_desc                     0x080088b4   Data          30  mem.o(.rodata.name)
    __rt_init_rti_start                      0x080088d4   Data           4  components.o(.rti_fn.0)
    __rt_init_rti_board_start                0x080088d8   Data           4  components.o(.rti_fn.0.end)
    __rt_init_uart_init                      0x080088dc   Data           4  board.o(.rti_fn.1)
    __rt_init_rti_board_end                  0x080088e0   Data           4  components.o(.rti_fn.1.end)
    __rt_init_stepper_init                   0x080088e4   Data           4  stepper.o(.rti_fn.6)
    __rt_init_finsh_system_init              0x080088e8   Data           4  shell.o(.rti_fn.6)
    __rt_init_rti_end                        0x080088ec   Data           4  components.o(.rti_fn.6.end)
    FSymTab$$Base                            0x080088f0   Number         0  app_pid_test.o(FSymTab)
    __fsym___cmd_pid_sim                     0x080088f0   Data          12  app_pid_test.o(FSymTab)
    __fsym___cmd_pid_test                    0x080088fc   Data          12  app_pid_test.o(FSymTab)
    __fsym___cmd_led                         0x08008908   Data          12  cmd.o(FSymTab)
    __fsym___cmd_lora_test                   0x08008914   Data          12  cmd.o(FSymTab)
    __fsym___cmd_lora_send                   0x08008920   Data          12  cmd.o(FSymTab)
    __fsym___cmd_motor_rev                   0x0800892c   Data          12  stepper.o(FSymTab)
    __fsym_hello                             0x08008938   Data          12  cmd_1.o(FSymTab)
    __fsym_version                           0x08008944   Data          12  cmd_1.o(FSymTab)
    __fsym___cmd_version                     0x08008950   Data          12  cmd_1.o(FSymTab)
    __fsym_list_thread                       0x0800895c   Data          12  cmd_1.o(FSymTab)
    __fsym___cmd_list_thread                 0x08008968   Data          12  cmd_1.o(FSymTab)
    __fsym_list_sem                          0x08008974   Data          12  cmd_1.o(FSymTab)
    __fsym___cmd_list_sem                    0x08008980   Data          12  cmd_1.o(FSymTab)
    __fsym_list_mutex                        0x0800898c   Data          12  cmd_1.o(FSymTab)
    __fsym___cmd_list_mutex                  0x08008998   Data          12  cmd_1.o(FSymTab)
    __fsym_list_mailbox                      0x080089a4   Data          12  cmd_1.o(FSymTab)
    __fsym___cmd_list_mailbox                0x080089b0   Data          12  cmd_1.o(FSymTab)
    __fsym_list_timer                        0x080089bc   Data          12  cmd_1.o(FSymTab)
    __fsym___cmd_list_timer                  0x080089c8   Data          12  cmd_1.o(FSymTab)
    __fsym_list                              0x080089d4   Data          12  cmd_1.o(FSymTab)
    __fsym___cmd_help                        0x080089e0   Data          12  msh.o(FSymTab)
    __fsym___cmd_ps                          0x080089ec   Data          12  msh.o(FSymTab)
    __fsym___cmd_free                        0x080089f8   Data          12  msh.o(FSymTab)
    __fsym_list_mem                          0x08008a04   Data          12  mem.o(FSymTab)
    FSymTab$$Limit                           0x08008a10   Number         0  mem.o(FSymTab)
    Region$$Table$$Base                      0x08008a10   Number         0  anon$$obj.o(Region$$Table)
    Region$$Table$$Limit                     0x08008a30   Number         0  anon$$obj.o(Region$$Table)
    g_current_temp                           0x20000000   Data           4  main.o(.data)
    g_target_temp                            0x20000004   Data           4  main.o(.data)
    uwTickFreq                               0x20000008   Data           1  stm32f1xx_hal.o(.data)
    uwTickPrio                               0x2000000c   Data           4  stm32f1xx_hal.o(.data)
    uwTick                                   0x20000010   Data           4  stm32f1xx_hal.o(.data)
    SystemCoreClock                          0x20000014   Data           4  system_stm32f1xx.o(.data)
    target_temperature                       0x2000001c   Data           4  app_pid_test.o(.data)
    _syscall_table_begin                     0x200003a8   Data           4  shell.o(.data)
    _syscall_table_end                       0x200003ac   Data           4  shell.o(.data)
    _sysvar_table_begin                      0x200003b0   Data           4  shell.o(.data)
    _sysvar_table_end                        0x200003b4   Data           4  shell.o(.data)
    shell                                    0x200003bc   Data           4  shell.o(.data)
    rt_interrupt_from_thread                 0x200003c4   Data           4  cpuport.o(.data)
    rt_interrupt_to_thread                   0x200003c8   Data           4  cpuport.o(.data)
    rt_thread_switch_interrupt_flag          0x200003cc   Data           4  cpuport.o(.data)
    rt_interrupt_nest                        0x200003d4   Data           1  irq.o(.data)
    rt_current_priority                      0x20000440   Data           1  scheduler.o(.data)
    rt_current_thread                        0x20000444   Data           4  scheduler.o(.data)
    rt_thread_ready_priority_group           0x20000448   Data           4  scheduler.o(.data)
    rt_thread_defunct                        0x2000044c   Data           8  scheduler.o(.data)
    __stdout                                 0x20000464   Data           4  stdout.o(.data)
    __microlib_freelist                      0x20000468   Data           4  mvars.o(.data)
    __microlib_freelist_initialised          0x2000046c   Data           4  mvars.o(.data)
    hspi1                                    0x20000474   Data          88  spi.o(.bss)
    huart1                                   0x200004cc   Data          72  usart.o(.bss)
    htim6                                    0x20000514   Data          72  stm32f1xx_hal_timebase_tim.o(.bss)
    lora_hw                                  0x20000560   Data          28  bsp_lora.o(.bss)
    lora                                     0x20000580   Data         280  bsp_lora.o(.bss)
    rt_thread_priority_table                 0x20000ab4   Data         256  scheduler.o(.bss)
    __heap_base                              0x200047b8   Data           0  startup_stm32f103xe.o(HEAP)
    __heap_limit                             0x200049b8   Data           0  startup_stm32f103xe.o(HEAP)
    __initial_sp                             0x20004db8   Data           0  startup_stm32f103xe.o(STACK)



==============================================================================

Memory Map of the image

  Image Entry point : 0x08000131

  Load Region LR_IROM1 (Base: 0x08000000, Size: 0x00008ea4, Max: 0x00080000, ABSOLUTE, COMPRESSED[0x00008b38])

    Execution Region ER_IROM1 (Exec base: 0x08000000, Load base: 0x08000000, Size: 0x00008a30, Max: 0x00080000, ABSOLUTE)

    Exec Addr    Load Addr    Size         Type   Attr      Idx    E Section Name        Object

    0x08000000   0x08000000   0x00000130   Data   RO            3    RESET               startup_stm32f103xe.o
    0x08000130   0x08000130   0x00000000   Code   RO         5279  * .ARM.Collect$$$$00000000  mc_w.l(entry.o)
    0x08000130   0x08000130   0x00000004   Code   RO         5637    .ARM.Collect$$$$00000001  mc_w.l(entry2.o)
    0x08000134   0x08000134   0x00000004   Code   RO         5640    .ARM.Collect$$$$00000004  mc_w.l(entry5.o)
    0x08000138   0x08000138   0x00000000   Code   RO         5642    .ARM.Collect$$$$00000008  mc_w.l(entry7b.o)
    0x08000138   0x08000138   0x00000000   Code   RO         5644    .ARM.Collect$$$$0000000A  mc_w.l(entry8b.o)
    0x08000138   0x08000138   0x00000008   Code   RO         5645    .ARM.Collect$$$$0000000B  mc_w.l(entry9a.o)
    0x08000140   0x08000140   0x00000004   Code   RO         5652    .ARM.Collect$$$$0000000E  mc_w.l(entry12b.o)
    0x08000144   0x08000144   0x00000000   Code   RO         5647    .ARM.Collect$$$$0000000F  mc_w.l(entry10a.o)
    0x08000144   0x08000144   0x00000000   Code   RO         5649    .ARM.Collect$$$$00000011  mc_w.l(entry11a.o)
    0x08000144   0x08000144   0x00000004   Code   RO         5638    .ARM.Collect$$$$00002712  mc_w.l(entry2.o)
    0x08000148   0x08000148   0x00000024   Code   RO            4    .text               startup_stm32f103xe.o
    0x0800016c   0x0800016c   0x000000f4   Code   RO         4144    .text               context_rvds.o
    0x08000260   0x08000260   0x00000062   Code   RO         5282    .text               mc_w.l(uldiv.o)
    0x080002c2   0x080002c2   0x00000020   Code   RO         5284    .text               mc_w.l(llushr.o)
    0x080002e2   0x080002e2   0x00000002   PAD
    0x080002e4   0x080002e4   0x00000024   Code   RO         5286    .text               mc_w.l(rand.o)
    0x08000308   0x08000308   0x00000024   Code   RO         5289    .text               mc_w.l(memcpya.o)
    0x0800032c   0x0800032c   0x00000024   Code   RO         5291    .text               mc_w.l(memseta.o)
    0x08000350   0x08000350   0x00000018   Code   RO         5293    .text               mc_w.l(strcat.o)
    0x08000368   0x08000368   0x00000018   Code   RO         5295    .text               mc_w.l(strncpy.o)
    0x08000380   0x08000380   0x0000000e   Code   RO         5297    .text               mc_w.l(strlen.o)
    0x0800038e   0x0800038e   0x0000001c   Code   RO         5299    .text               mc_w.l(strcmp.o)
    0x080003aa   0x080003aa   0x00000012   Code   RO         5301    .text               mc_w.l(strcpy.o)
    0x080003bc   0x080003bc   0x0000001e   Code   RO         5303    .text               mc_w.l(strncmp.o)
    0x080003da   0x080003da   0x000000b0   Code   RO         5595    .text               mf_w.l(fadd.o)
    0x0800048a   0x0800048a   0x00000064   Code   RO         5597    .text               mf_w.l(fmul.o)
    0x080004ee   0x080004ee   0x0000007c   Code   RO         5599    .text               mf_w.l(fdiv.o)
    0x0800056a   0x0800056a   0x00000018   Code   RO         5601    .text               mf_w.l(fscalb.o)
    0x08000582   0x08000582   0x000000e4   Code   RO         5603    .text               mf_w.l(dmul.o)
    0x08000666   0x08000666   0x00000012   Code   RO         5605    .text               mf_w.l(fflti.o)
    0x08000678   0x08000678   0x00000032   Code   RO         5607    .text               mf_w.l(ffixi.o)
    0x080006aa   0x080006aa   0x00000028   Code   RO         5609    .text               mf_w.l(ffixui.o)
    0x080006d2   0x080006d2   0x00000026   Code   RO         5613    .text               mf_w.l(f2d.o)
    0x080006f8   0x080006f8   0x00000038   Code   RO         5615    .text               mf_w.l(d2f.o)
    0x08000730   0x08000730   0x00000014   Code   RO         5617    .text               mf_w.l(cfcmple.o)
    0x08000744   0x08000744   0x00000014   Code   RO         5619    .text               mf_w.l(cfrcmple.o)
    0x08000758   0x08000758   0x0000001e   Code   RO         5658    .text               mc_w.l(llshl.o)
    0x08000776   0x08000776   0x00000002   PAD
    0x08000778   0x08000778   0x0000009c   Code   RO         5669    .text               mc_w.l(strtod.o)
    0x08000814   0x08000814   0x00000000   Code   RO         5671    .text               mc_w.l(iusefp.o)
    0x08000814   0x08000814   0x0000006e   Code   RO         5672    .text               mf_w.l(fepilogue.o)
    0x08000882   0x08000882   0x0000003c   Code   RO         5674    .text               mf_w.l(frnd.o)
    0x080008be   0x080008be   0x000000ba   Code   RO         5676    .text               mf_w.l(depilogue.o)
    0x08000978   0x08000978   0x000000de   Code   RO         5680    .text               mf_w.l(ddiv.o)
    0x08000a56   0x08000a56   0x0000004c   Code   RO         5684    .text               mf_w.l(ffixir.o)
    0x08000aa2   0x08000aa2   0x00000036   Code   RO         5688    .text               mf_w.l(fcmp4.o)
    0x08000ad8   0x08000ad8   0x00000004   Code   RO         5690    .text               mf_w.l(fpstat.o)
    0x08000adc   0x08000adc   0x00000024   Code   RO         5692    .text               mc_w.l(init.o)
    0x08000b00   0x08000b00   0x00000000   Code   RO         5694    .text               mc_w.l(semi.o)
    0x08000b00   0x08000b00   0x0000000a   Code   RO         5697    .text               mc_w.l(isspace_c.o)
    0x08000b0a   0x08000b0a   0x00000002   PAD
    0x08000b0c   0x08000b0c   0x00000360   Code   RO         5699    .text               mc_w.l(scanf_fp.o)
    0x08000e6c   0x08000e6c   0x00000040   Code   RO         5703    .text               mc_w.l(_sgetc.o)
    0x08000eac   0x08000eac   0x00000000   Code   RO         5705    .text               mc_w.l(iusesemip.o)
    0x08000eac   0x08000eac   0x00000028   Code   RO         5706    .text               mc_w.l(ctype_c.o)
    0x08000ed4   0x08000ed4   0x00000018   Code   RO         5709    .text               mf_w.l(dfltul.o)
    0x08000eec   0x08000eec   0x00000056   Code   RO         5719    .text               mc_w.l(__dczerorl2.o)
    0x08000f42   0x08000f42   0x0000000a   Code   RO         4248    i.$Sub$$main        components.o
    0x08000f4c   0x08000f4c   0x00000002   Code   RO          331    i.BusFault_Handler  stm32f1xx_it.o
    0x08000f4e   0x08000f4e   0x00000002   Code   RO          332    i.DebugMon_Handler  stm32f1xx_it.o
    0x08000f50   0x08000f50   0x00000006   Code   RO          333    i.EXTI2_IRQHandler  stm32f1xx_it.o
    0x08000f56   0x08000f56   0x00000004   Code   RO           13    i.Error_Handler     main.o
    0x08000f5a   0x08000f5a   0x00000020   Code   RO         3289    i.Get_Random_Delay  app_lora_node.o
    0x08000f7a   0x08000f7a   0x00000046   Code   RO         1221    i.HAL_DMA_Abort     stm32f1xx_hal_dma.o
    0x08000fc0   0x08000fc0   0x00000130   Code   RO         1222    i.HAL_DMA_Abort_IT  stm32f1xx_hal_dma.o
    0x080010f0   0x080010f0   0x00000002   Code   RO         1155    i.HAL_GPIO_EXTI_Callback  stm32f1xx_hal_gpio.o
    0x080010f2   0x080010f2   0x00000002   PAD
    0x080010f4   0x080010f4   0x00000018   Code   RO         1156    i.HAL_GPIO_EXTI_IRQHandler  stm32f1xx_hal_gpio.o
    0x0800110c   0x0800110c   0x000001f8   Code   RO         1157    i.HAL_GPIO_Init     stm32f1xx_hal_gpio.o
    0x08001304   0x08001304   0x0000000a   Code   RO         1159    i.HAL_GPIO_ReadPin  stm32f1xx_hal_gpio.o
    0x0800130e   0x0800130e   0x00000010   Code   RO         1160    i.HAL_GPIO_TogglePin  stm32f1xx_hal_gpio.o
    0x0800131e   0x0800131e   0x0000000a   Code   RO         1161    i.HAL_GPIO_WritePin  stm32f1xx_hal_gpio.o
    0x08001328   0x08001328   0x0000000c   Code   RO          851    i.HAL_GetTick       stm32f1xx_hal.o
    0x08001334   0x08001334   0x0000000c   Code   RO          854    i.HAL_GetUIDw0      stm32f1xx_hal.o
    0x08001340   0x08001340   0x0000000c   Code   RO          855    i.HAL_GetUIDw1      stm32f1xx_hal.o
    0x0800134c   0x0800134c   0x0000000c   Code   RO          856    i.HAL_GetUIDw2      stm32f1xx_hal.o
    0x08001358   0x08001358   0x00000010   Code   RO          857    i.HAL_IncTick       stm32f1xx_hal.o
    0x08001368   0x08001368   0x00000024   Code   RO          858    i.HAL_Init          stm32f1xx_hal.o
    0x0800138c   0x0800138c   0x00000074   Code   RO          443    i.HAL_InitTick      stm32f1xx_hal_timebase_tim.o
    0x08001400   0x08001400   0x0000003c   Code   RO          419    i.HAL_MspInit       stm32f1xx_hal_msp.o
    0x0800143c   0x0800143c   0x0000001a   Code   RO         1317    i.HAL_NVIC_EnableIRQ  stm32f1xx_hal_cortex.o
    0x08001456   0x08001456   0x00000002   PAD
    0x08001458   0x08001458   0x00000040   Code   RO         1323    i.HAL_NVIC_SetPriority  stm32f1xx_hal_cortex.o
    0x08001498   0x08001498   0x00000024   Code   RO         1324    i.HAL_NVIC_SetPriorityGrouping  stm32f1xx_hal_cortex.o
    0x080014bc   0x080014bc   0x0000012c   Code   RO         1015    i.HAL_RCC_ClockConfig  stm32f1xx_hal_rcc.o
    0x080015e8   0x080015e8   0x00000040   Code   RO         1019    i.HAL_RCC_GetClockConfig  stm32f1xx_hal_rcc.o
    0x08001628   0x08001628   0x00000020   Code   RO         1022    i.HAL_RCC_GetPCLK1Freq  stm32f1xx_hal_rcc.o
    0x08001648   0x08001648   0x00000020   Code   RO         1023    i.HAL_RCC_GetPCLK2Freq  stm32f1xx_hal_rcc.o
    0x08001668   0x08001668   0x0000004c   Code   RO         1024    i.HAL_RCC_GetSysClockFreq  stm32f1xx_hal_rcc.o
    0x080016b4   0x080016b4   0x00000320   Code   RO         1027    i.HAL_RCC_OscConfig  stm32f1xx_hal_rcc.o
    0x080019d4   0x080019d4   0x00000002   Code   RO          525    i.HAL_SPI_ErrorCallback  stm32f1xx_hal_spi.o
    0x080019d6   0x080019d6   0x00000006   Code   RO          527    i.HAL_SPI_GetState  stm32f1xx_hal_spi.o
    0x080019dc   0x080019dc   0x000000e0   Code   RO          528    i.HAL_SPI_IRQHandler  stm32f1xx_hal_spi.o
    0x08001abc   0x08001abc   0x000000b2   Code   RO          529    i.HAL_SPI_Init      stm32f1xx_hal_spi.o
    0x08001b6e   0x08001b6e   0x00000002   PAD
    0x08001b70   0x08001b70   0x00000080   Code   RO          248    i.HAL_SPI_MspInit   spi.o
    0x08001bf0   0x08001bf0   0x00000166   Code   RO          537    i.HAL_SPI_Transmit  stm32f1xx_hal_spi.o
    0x08001d56   0x08001d56   0x000001f0   Code   RO          538    i.HAL_SPI_TransmitReceive  stm32f1xx_hal_spi.o
    0x08001f46   0x08001f46   0x00000002   Code   RO         2523    i.HAL_TIMEx_BreakCallback  stm32f1xx_hal_tim_ex.o
    0x08001f48   0x08001f48   0x00000002   Code   RO         2524    i.HAL_TIMEx_CommutCallback  stm32f1xx_hal_tim_ex.o
    0x08001f4a   0x08001f4a   0x0000005a   Code   RO         1819    i.HAL_TIM_Base_Init  stm32f1xx_hal_tim.o
    0x08001fa4   0x08001fa4   0x00000002   Code   RO         1821    i.HAL_TIM_Base_MspInit  stm32f1xx_hal_tim.o
    0x08001fa6   0x08001fa6   0x00000002   PAD
    0x08001fa8   0x08001fa8   0x0000006c   Code   RO         1824    i.HAL_TIM_Base_Start_IT  stm32f1xx_hal_tim.o
    0x08002014   0x08002014   0x00000002   Code   RO         1853    i.HAL_TIM_IC_CaptureCallback  stm32f1xx_hal_tim.o
    0x08002016   0x08002016   0x00000130   Code   RO         1867    i.HAL_TIM_IRQHandler  stm32f1xx_hal_tim.o
    0x08002146   0x08002146   0x00000002   Code   RO         1870    i.HAL_TIM_OC_DelayElapsedCallback  stm32f1xx_hal_tim.o
    0x08002148   0x08002148   0x00000002   Code   RO         1897    i.HAL_TIM_PWM_PulseFinishedCallback  stm32f1xx_hal_tim.o
    0x0800214a   0x0800214a   0x00000002   PAD
    0x0800214c   0x0800214c   0x00000014   Code   RO           14    i.HAL_TIM_PeriodElapsedCallback  main.o
    0x08002160   0x08002160   0x00000002   Code   RO         1910    i.HAL_TIM_TriggerCallback  stm32f1xx_hal_tim.o
    0x08002162   0x08002162   0x00000002   Code   RO         2802    i.HAL_UARTEx_RxEventCallback  stm32f1xx_hal_uart.o
    0x08002164   0x08002164   0x00000002   Code   RO         2816    i.HAL_UART_ErrorCallback  stm32f1xx_hal_uart.o
    0x08002166   0x08002166   0x00000002   PAD
    0x08002168   0x08002168   0x0000026c   Code   RO         2819    i.HAL_UART_IRQHandler  stm32f1xx_hal_uart.o
    0x080023d4   0x080023d4   0x00000064   Code   RO         2820    i.HAL_UART_Init     stm32f1xx_hal_uart.o
    0x08002438   0x08002438   0x00000080   Code   RO          290    i.HAL_UART_MspInit  usart.o
    0x080024b8   0x080024b8   0x00000002   Code   RO         2826    i.HAL_UART_RxCpltCallback  stm32f1xx_hal_uart.o
    0x080024ba   0x080024ba   0x000000a0   Code   RO         2828    i.HAL_UART_Transmit  stm32f1xx_hal_uart.o
    0x0800255a   0x0800255a   0x00000002   Code   RO         2831    i.HAL_UART_TxCpltCallback  stm32f1xx_hal_uart.o
    0x0800255c   0x0800255c   0x00000048   Code   RO         3290    i.Is_Channel_Busy   app_lora_node.o
    0x080025a4   0x080025a4   0x0000000c   Code   RO         3291    i.LoRa_Get_Current_RSSI  app_lora_node.o
    0x080025b0   0x080025b0   0x00000118   Code   RO         3191    i.LoRa_Init         bsp_lora.o
    0x080026c8   0x080026c8   0x000000a0   Code   RO         3192    i.LoRa_Send_Data    bsp_lora.o
    0x08002768   0x08002768   0x00000128   Code   RO          219    i.MX_GPIO_Init      gpio.o
    0x08002890   0x08002890   0x00000048   Code   RO          249    i.MX_SPI1_Init      spi.o
    0x080028d8   0x080028d8   0x00000038   Code   RO          291    i.MX_USART1_UART_Init  usart.o
    0x08002910   0x08002910   0x00000002   Code   RO          334    i.MemManage_Handler  stm32f1xx_it.o
    0x08002912   0x08002912   0x00000002   Code   RO          335    i.NMI_Handler       stm32f1xx_it.o
    0x08002914   0x08002914   0x0000000c   Code   RO          336    i.SPI1_IRQHandler   stm32f1xx_it.o
    0x08002920   0x08002920   0x00000010   Code   RO          556    i.SPI_DMAAbortOnError  stm32f1xx_hal_spi.o
    0x08002930   0x08002930   0x00000034   Code   RO          567    i.SPI_EndRxTxTransaction  stm32f1xx_hal_spi.o
    0x08002964   0x08002964   0x000000b8   Code   RO          572    i.SPI_WaitFlagStateUntilTimeout  stm32f1xx_hal_spi.o
    0x08002a1c   0x08002a1c   0x00000002   Code   RO          337    i.SVC_Handler       stm32f1xx_it.o
    0x08002a1e   0x08002a1e   0x0000006e   Code   RO         3350    i.SX1278_LoRaEntryRx  sx1278.o
    0x08002a8c   0x08002a8c   0x00000080   Code   RO         3351    i.SX1278_LoRaEntryTx  sx1278.o
    0x08002b0c   0x08002b0c   0x0000005a   Code   RO         3352    i.SX1278_LoRaRxPacket  sx1278.o
    0x08002b66   0x08002b66   0x00000056   Code   RO         3353    i.SX1278_LoRaTxPacket  sx1278.o
    0x08002bbc   0x08002bbc   0x0000000e   Code   RO         3355    i.SX1278_RSSI_LoRa  sx1278.o
    0x08002bca   0x08002bca   0x00000042   Code   RO         3356    i.SX1278_SPIBurstRead  sx1278.o
    0x08002c0c   0x08002c0c   0x00000046   Code   RO         3357    i.SX1278_SPIBurstWrite  sx1278.o
    0x08002c52   0x08002c52   0x0000001e   Code   RO         3358    i.SX1278_SPIRead    sx1278.o
    0x08002c70   0x08002c70   0x0000002e   Code   RO         3359    i.SX1278_SPIWrite   sx1278.o
    0x08002c9e   0x08002c9e   0x00000004   Code   RO         3360    i.SX1278_available  sx1278.o
    0x08002ca2   0x08002ca2   0x00000008   Code   RO         3361    i.SX1278_clearLoRaIrq  sx1278.o
    0x08002caa   0x08002caa   0x00000002   PAD
    0x08002cac   0x08002cac   0x00000148   Code   RO         3362    i.SX1278_config     sx1278.o
    0x08002df4   0x08002df4   0x00000008   Code   RO         3363    i.SX1278_entryLoRa  sx1278.o
    0x08002dfc   0x08002dfc   0x00000004   Code   RO         3486    i.SX1278_hw_DelayMs  sx1278_hw.o
    0x08002e00   0x08002e00   0x00000014   Code   RO         3487    i.SX1278_hw_GetDIO0  sx1278_hw.o
    0x08002e14   0x08002e14   0x00000030   Code   RO         3488    i.SX1278_hw_Reset   sx1278_hw.o
    0x08002e44   0x08002e44   0x00000024   Code   RO         3489    i.SX1278_hw_SPICommand  sx1278_hw.o
    0x08002e68   0x08002e68   0x00000038   Code   RO         3490    i.SX1278_hw_SPIReadByte  sx1278_hw.o
    0x08002ea0   0x08002ea0   0x00000014   Code   RO         3491    i.SX1278_hw_SetNSS  sx1278_hw.o
    0x08002eb4   0x08002eb4   0x0000001a   Code   RO         3492    i.SX1278_hw_init    sx1278_hw.o
    0x08002ece   0x08002ece   0x0000003a   Code   RO         3364    i.SX1278_init       sx1278.o
    0x08002f08   0x08002f08   0x0000002a   Code   RO         3365    i.SX1278_read       sx1278.o
    0x08002f32   0x08002f32   0x00000012   Code   RO         3367    i.SX1278_sleep      sx1278.o
    0x08002f44   0x08002f44   0x00000012   Code   RO         3368    i.SX1278_standby    sx1278.o
    0x08002f56   0x08002f56   0x0000002c   Code   RO         3369    i.SX1278_transmit   sx1278.o
    0x08002f82   0x08002f82   0x00000002   PAD
    0x08002f84   0x08002f84   0x000001b8   Code   RO         3292    i.Send_Join_Request  app_lora_node.o
    0x0800313c   0x0800313c   0x0000024c   Code   RO         3293    i.Send_Sensor_Data  app_lora_node.o
    0x08003388   0x08003388   0x00000012   Code   RO          338    i.SysTick_Handler   stm32f1xx_it.o
    0x0800339a   0x0800339a   0x0000005e   Code   RO           15    i.SystemClock_Config  main.o
    0x080033f8   0x080033f8   0x00000068   Code   RO         3153    i.SystemCoreClockUpdate  system_stm32f1xx.o
    0x08003460   0x08003460   0x00000002   Code   RO         3154    i.SystemInit        system_stm32f1xx.o
    0x08003462   0x08003462   0x00000002   PAD
    0x08003464   0x08003464   0x0000000c   Code   RO          339    i.TIM6_IRQHandler   stm32f1xx_it.o
    0x08003470   0x08003470   0x0000009c   Code   RO         1912    i.TIM_Base_SetConfig  stm32f1xx_hal_tim.o
    0x0800350c   0x0800350c   0x00000010   Code   RO         2833    i.UART_DMAAbortOnError  stm32f1xx_hal_uart.o
    0x0800351c   0x0800351c   0x0000004e   Code   RO         2843    i.UART_EndRxTransfer  stm32f1xx_hal_uart.o
    0x0800356a   0x0800356a   0x000000c2   Code   RO         2845    i.UART_Receive_IT   stm32f1xx_hal_uart.o
    0x0800362c   0x0800362c   0x000000b8   Code   RO         2846    i.UART_SetConfig    stm32f1xx_hal_uart.o
    0x080036e4   0x080036e4   0x00000072   Code   RO         2849    i.UART_WaitOnFlagUntilTimeout  stm32f1xx_hal_uart.o
    0x08003756   0x08003756   0x00000002   PAD
    0x08003758   0x08003758   0x0000000c   Code   RO          340    i.USART1_IRQHandler  stm32f1xx_it.o
    0x08003764   0x08003764   0x00000002   Code   RO          341    i.UsageFault_Handler  stm32f1xx_it.o
    0x08003766   0x08003766   0x00000002   PAD
    0x08003768   0x08003768   0x0000008c   Code   RO           16    i.User_App_Start    main.o
    0x080037f4   0x080037f4   0x00000010   Code   RO         5308    i.__0printf$bare    mc_w.l(printfb.o)
    0x08003804   0x08003804   0x00000026   Code   RO         5621    i.__ARM_fpclassifyf  m_ws.l(fpclassifyf.o)
    0x0800382a   0x0800382a   0x00000020   Code   RO         1330    i.__NVIC_SetPriority  stm32f1xx_hal_cortex.o
    0x0800384a   0x0800384a   0x0000000a   Code   RO         5623    i.__mathlib_flt_divzero  m_ws.l(funder.o)
    0x08003854   0x08003854   0x00000006   Code   RO         5624    i.__mathlib_flt_infnan  m_ws.l(funder.o)
    0x0800385a   0x0800385a   0x00000004   Code   RO         5625    i.__mathlib_flt_infnan2  m_ws.l(funder.o)
    0x0800385e   0x0800385e   0x00000008   Code   RO         5626    i.__mathlib_flt_invalid  m_ws.l(funder.o)
    0x08003866   0x08003866   0x0000000a   Code   RO         5627    i.__mathlib_flt_overflow  m_ws.l(funder.o)
    0x08003870   0x08003870   0x0000000a   Code   RO         5629    i.__mathlib_flt_underflow  m_ws.l(funder.o)
    0x0800387a   0x0800387a   0x00000002   PAD
    0x0800387c   0x0800387c   0x0000000c   Code   RO         5663    i.__read_errno      mc_w.l(errno.o)
    0x08003888   0x08003888   0x00000044   Code   RO         4547    i.__rt_ffs          kservice.o
    0x080038cc   0x080038cc   0x0000000e   Code   RO         5713    i.__scatterload_copy  mc_w.l(handlers.o)
    0x080038da   0x080038da   0x00000002   Code   RO         5714    i.__scatterload_null  mc_w.l(handlers.o)
    0x080038dc   0x080038dc   0x0000000e   Code   RO         5715    i.__scatterload_zeroinit  mc_w.l(handlers.o)
    0x080038ea   0x080038ea   0x00000002   PAD
    0x080038ec   0x080038ec   0x0000000c   Code   RO         5664    i.__set_errno       mc_w.l(errno.o)
    0x080038f8   0x080038f8   0x0000000e   Code   RO         5701    i._is_digit         mc_w.l(scanf_fp.o)
    0x08003906   0x08003906   0x00000002   PAD
    0x08003908   0x08003908   0x0000009c   Code   RO         3993    i._msh_exec_cmd     msh.o
    0x080039a4   0x080039a4   0x00000022   Code   RO         5315    i._printf_core      mc_w.l(printfb.o)
    0x080039c6   0x080039c6   0x00000002   PAD
    0x080039c8   0x080039c8   0x00000080   Code   RO         4939    i._rt_thread_init   thread.o
    0x08003a48   0x08003a48   0x0000001c   Code   RO         5069    i._rt_timer_init    timer.o
    0x08003a64   0x08003a64   0x00000006   Code   RO         5070    i._rt_timer_remove  timer.o
    0x08003a6a   0x08003a6a   0x0000001c   Code   RO         4940    i._thread_cleanup_execute  thread.o
    0x08003a86   0x08003a86   0x00000032   Code   RO         3655    i.and               fuzzypid.o
    0x08003ab8   0x08003ab8   0x0000002a   Code   RO         5252    i.atof              m_ws.l(atof.o)
    0x08003ae2   0x08003ae2   0x00000002   PAD
    0x08003ae4   0x08003ae4   0x000000e8   Code   RO         4148    i.bus_fault_track   cpuport.o
    0x08003bcc   0x08003bcc   0x0000000a   Code   RO         3994    i.cmd_free          msh.o
    0x08003bd6   0x08003bd6   0x0000000a   Code   RO         3995    i.cmd_ps            msh.o
    0x08003be0   0x08003be0   0x0000001a   Code   RO         3656    i.delete_fuzzy      fuzzypid.o
    0x08003bfa   0x08003bfa   0x00000016   Code   RO         3657    i.delete_pid        fuzzypid.o
    0x08003c10   0x08003c10   0x00000024   Code   RO         3658    i.delete_pid_vector  fuzzypid.o
    0x08003c34   0x08003c34   0x0000004c   Code   RO         3659    i.df                fuzzypid.o
    0x08003c80   0x08003c80   0x0000000c   Code   RO         3660    i.direct_control    fuzzypid.o
    0x08003c8c   0x08003c8c   0x00000054   Code   RO         3661    i.equilibrium       fuzzypid.o
    0x08003ce0   0x08003ce0   0x00000170   Code   RO         5256    i.expf              m_ws.l(expf.o)
    0x08003e50   0x08003e50   0x00000060   Code   RO         4065    i.finsh_get_prompt  shell.o
    0x08003eb0   0x08003eb0   0x00000014   Code   RO         4069    i.finsh_set_prompt_mode  shell.o
    0x08003ec4   0x08003ec4   0x0000000c   Code   RO         4070    i.finsh_system_function_init  shell.o
    0x08003ed0   0x08003ed0   0x00000094   Code   RO         4071    i.finsh_system_init  shell.o
    0x08003f64   0x08003f64   0x0000028c   Code   RO         4073    i.finsh_thread_entry  shell.o
    0x080041f0   0x080041f0   0x00000028   Code   RO         5275    i.fmaxf             m_ws.l(fmaxf.o)
    0x08004218   0x08004218   0x00000028   Code   RO         5277    i.fminf             m_ws.l(fminf.o)
    0x08004240   0x08004240   0x0000001a   Code   RO         3662    i.fo                fuzzypid.o
    0x0800425a   0x0800425a   0x00000012   Code   RO         5653    i.fputc             mc_w.l(fputc.o)
    0x0800426c   0x0800426c   0x00000050   Code   RO         5567    i.free              mc_w.l(malloc.o)
    0x080042bc   0x080042bc   0x000000f4   Code   RO         3663    i.fuzzy_control     fuzzypid.o
    0x080043b0   0x080043b0   0x00000028   Code   RO         3664    i.fuzzy_init        fuzzypid.o
    0x080043d8   0x080043d8   0x0000003a   Code   RO         3665    i.fuzzy_params_init  fuzzypid.o
    0x08004412   0x08004412   0x00000002   PAD
    0x08004414   0x08004414   0x00000100   Code   RO         3666    i.fuzzy_pid_control  fuzzypid.o
    0x08004514   0x08004514   0x00000078   Code   RO         3667    i.fuzzy_pid_init    fuzzypid.o
    0x0800458c   0x0800458c   0x00000026   Code   RO         3668    i.fuzzy_pid_motor_pwd_output  fuzzypid.o
    0x080045b2   0x080045b2   0x00000002   PAD
    0x080045b4   0x080045b4   0x0000004c   Code   RO         3669    i.fuzzy_pid_vector_init  fuzzypid.o
    0x08004600   0x08004600   0x00000078   Code   RO         4149    i.hard_fault_track  cpuport.o
    0x08004678   0x08004678   0x00000020   Code   RO         3859    i.hello             cmd_1.o
    0x08004698   0x08004698   0x00000184   Code   RO         3566    i.led_ctrl          cmd.o
    0x0800481c   0x0800481c   0x00000010   Code   RO         3672    i.limit             fuzzypid.o
    0x0800482c   0x0800482c   0x00000064   Code   RO         3860    i.list              cmd_1.o
    0x08004890   0x08004890   0x00000024   Code   RO         3861    i.list_find_init    cmd_1.o
    0x080048b4   0x080048b4   0x00000066   Code   RO         3862    i.list_get_next     cmd_1.o
    0x0800491a   0x0800491a   0x00000002   PAD
    0x0800491c   0x0800491c   0x00000144   Code   RO         3863    i.list_mailbox      cmd_1.o
    0x08004a60   0x08004a60   0x0000006c   Code   RO         4724    i.list_mem          mem.o
    0x08004acc   0x08004acc   0x000000f8   Code   RO         3864    i.list_mutex        cmd_1.o
    0x08004bc4   0x08004bc4   0x0000011c   Code   RO         3865    i.list_sem          cmd_1.o
    0x08004ce0   0x08004ce0   0x000001b8   Code   RO         3866    i.list_thread       cmd_1.o
    0x08004e98   0x08004e98   0x00000140   Code   RO         3867    i.list_timer        cmd_1.o
    0x08004fd8   0x08004fd8   0x00000040   Code   RO         3567    i.lora_send         cmd.o
    0x08005018   0x08005018   0x00000034   Code   RO         3568    i.lora_test         cmd.o
    0x0800504c   0x0800504c   0x00000300   Code   RO         3294    i.lora_thread_entry  app_lora_node.o
    0x0800534c   0x0800534c   0x000000a0   Code   RO           17    i.main              main.o
    0x080053ec   0x080053ec   0x0000000e   Code   RO         4249    i.main_thread_entry  components.o
    0x080053fa   0x080053fa   0x00000002   PAD
    0x080053fc   0x080053fc   0x0000006c   Code   RO         5568    i.malloc            mc_w.l(malloc.o)
    0x08005468   0x08005468   0x000000d8   Code   RO         4150    i.mem_manage_fault_track  cpuport.o
    0x08005540   0x08005540   0x000000f6   Code   RO         3673    i.mf                fuzzypid.o
    0x08005636   0x08005636   0x00000002   PAD
    0x08005638   0x08005638   0x000000ec   Code   RO         3674    i.moc               fuzzypid.o
    0x08005724   0x08005724   0x000001ac   Code   RO         3611    i.motor_rev         stepper.o
    0x080058d0   0x080058d0   0x000000ac   Code   RO         3996    i.msh_auto_complete  msh.o
    0x0800597c   0x0800597c   0x00000064   Code   RO         3997    i.msh_exec          msh.o
    0x080059e0   0x080059e0   0x00000078   Code   RO         3998    i.msh_help          msh.o
    0x08005a58   0x08005a58   0x00000004   Code   RO         3999    i.msh_is_used       msh.o
    0x08005a5c   0x08005a5c   0x000000d0   Code   RO         4000    i.msh_split         msh.o
    0x08005b2c   0x08005b2c   0x00000018   Code   RO         3868    i.object_split      cmd_1.o
    0x08005b44   0x08005b44   0x00000040   Code   RO         3675    i.or                fuzzypid.o
    0x08005b84   0x08005b84   0x00000198   Code   RO         3235    i.pid_sim           app_pid_test.o
    0x08005d1c   0x08005d1c   0x00000184   Code   RO         3236    i.pid_test          app_pid_test.o
    0x08005ea0   0x08005ea0   0x00000054   Code   RO         4725    i.plug_holes        mem.o
    0x08005ef4   0x08005ef4   0x00000620   Code   RO         5266    i.powf              m_ws.l(powf.o)
    0x08006514   0x08006514   0x0000004c   Code   RO         3237    i.print_float       app_pid_test.o
    0x08006560   0x08006560   0x00000130   Code   RO         4549    i.print_number      kservice.o
    0x08006690   0x08006690   0x00000088   Code   RO         3680    i.raw_fuzzy_pid_init  fuzzypid.o
    0x08006718   0x08006718   0x0000002c   Code   RO         4250    i.rt_application_init  components.o
    0x08006744   0x08006744   0x0000001a   Code   RO         4726    i.rt_calloc         mem.o
    0x0800675e   0x0800675e   0x00000002   PAD
    0x08006760   0x08006760   0x0000001c   Code   RO         4251    i.rt_components_board_init  components.o
    0x0800677c   0x0800677c   0x0000001c   Code   RO         4252    i.rt_components_init  components.o
    0x08006798   0x08006798   0x0000001c   Code   RO         4878    i.rt_enter_critical  scheduler.o
    0x080067b4   0x080067b4   0x00000038   Code   RO         4879    i.rt_exit_critical  scheduler.o
    0x080067ec   0x080067ec   0x000000c4   Code   RO         4727    i.rt_free           mem.o
    0x080068b0   0x080068b0   0x00000008   Code   RO         5169    i.rt_heap_begin_get  board.o
    0x080068b8   0x080068b8   0x00000008   Code   RO         5170    i.rt_heap_end_get   board.o
    0x080068c0   0x080068c0   0x00000060   Code   RO         5171    i.rt_hw_board_init  board.o
    0x08006920   0x08006920   0x0000002c   Code   RO         5230    i.rt_hw_console_getchar  finsh_port.o
    0x0800694c   0x0800694c   0x00000048   Code   RO         5172    i.rt_hw_console_output  board.o
    0x08006994   0x08006994   0x000001fc   Code   RO         4154    i.rt_hw_hard_fault_exception  cpuport.o
    0x08006b90   0x08006b90   0x00000038   Code   RO         4155    i.rt_hw_stack_init  cpuport.o
    0x08006bc8   0x08006bc8   0x0000001c   Code   RO         4517    i.rt_interrupt_enter  irq.o
    0x08006be4   0x08006be4   0x0000001c   Code   RO         4519    i.rt_interrupt_leave  irq.o
    0x08006c00   0x08006c00   0x0000000e   Code   RO         4350    i.rt_ipc_list_resume  ipc.o
    0x08006c0e   0x08006c0e   0x00000002   PAD
    0x08006c10   0x08006c10   0x00000052   Code   RO         4352    i.rt_ipc_list_suspend  ipc.o
    0x08006c62   0x08006c62   0x00000002   PAD
    0x08006c64   0x08006c64   0x00000020   Code   RO         4552    i.rt_kprintf        kservice.o
    0x08006c84   0x08006c84   0x0000000e   Code   RO         4790    i.rt_list_insert_after  object.o
    0x08006c92   0x08006c92   0x0000000e   Code   RO         4941    i.rt_list_insert_after  thread.o
    0x08006ca0   0x08006ca0   0x0000000e   Code   RO         5071    i.rt_list_insert_after  timer.o
    0x08006cae   0x08006cae   0x0000000e   Code   RO         4353    i.rt_list_insert_before  ipc.o
    0x08006cbc   0x08006cbc   0x00000012   Code   RO         3869    i.rt_list_len       cmd_1.o
    0x08006cce   0x08006cce   0x00000012   Code   RO         4791    i.rt_list_remove    object.o
    0x08006ce0   0x08006ce0   0x00000012   Code   RO         4942    i.rt_list_remove    thread.o
    0x08006cf2   0x08006cf2   0x00000012   Code   RO         5072    i.rt_list_remove    timer.o
    0x08006d04   0x08006d04   0x000000f0   Code   RO         4728    i.rt_malloc         mem.o
    0x08006df4   0x08006df4   0x00000032   Code   RO         4557    i.rt_memmove        kservice.o
    0x08006e26   0x08006e26   0x00000002   PAD
    0x08006e28   0x08006e28   0x00000046   Code   RO         4558    i.rt_memset         kservice.o
    0x08006e6e   0x08006e6e   0x0000002a   Code   RO         4363    i.rt_mutex_create   ipc.o
    0x08006e98   0x08006e98   0x000000a4   Code   RO         4367    i.rt_mutex_release  ipc.o
    0x08006f3c   0x08006f3c   0x000000bc   Code   RO         4368    i.rt_mutex_take     ipc.o
    0x08006ff8   0x08006ff8   0x00000050   Code   RO         4792    i.rt_object_allocate  object.o
    0x08007048   0x08007048   0x00000026   Code   RO         4793    i.rt_object_delete  object.o
    0x0800706e   0x0800706e   0x00000020   Code   RO         4794    i.rt_object_detach  object.o
    0x0800708e   0x0800708e   0x00000002   PAD
    0x08007090   0x08007090   0x00000024   Code   RO         4796    i.rt_object_get_information  object.o
    0x080070b4   0x080070b4   0x00000050   Code   RO         4800    i.rt_object_init    object.o
    0x08007104   0x08007104   0x0000000e   Code   RO         4801    i.rt_object_is_systemobject  object.o
    0x08007112   0x08007112   0x00000002   PAD
    0x08007114   0x08007114   0x00000058   Code   RO         4880    i.rt_schedule       scheduler.o
    0x0800716c   0x0800716c   0x00000050   Code   RO         4881    i.rt_schedule_insert_thread  scheduler.o
    0x080071bc   0x080071bc   0x00000048   Code   RO         4882    i.rt_schedule_remove_thread  scheduler.o
    0x08007204   0x08007204   0x00000020   Code   RO         4370    i.rt_sem_create     ipc.o
    0x08007224   0x08007224   0x00000024   Code   RO         4373    i.rt_sem_init       ipc.o
    0x08007248   0x08007248   0x00000048   Code   RO         4374    i.rt_sem_release    ipc.o
    0x08007290   0x08007290   0x0000006e   Code   RO         4375    i.rt_sem_take       ipc.o
    0x080072fe   0x080072fe   0x00000002   PAD
    0x08007300   0x08007300   0x000000b0   Code   RO         4560    i.rt_show_version   kservice.o
    0x080073b0   0x080073b0   0x00000010   Code   RO         4566    i.rt_strlen         kservice.o
    0x080073c0   0x080073c0   0x00000026   Code   RO         4568    i.rt_strncpy        kservice.o
    0x080073e6   0x080073e6   0x00000002   PAD
    0x080073e8   0x080073e8   0x000000ac   Code   RO         4731    i.rt_system_heap_init  mem.o
    0x08007494   0x08007494   0x00000034   Code   RO         4883    i.rt_system_scheduler_init  scheduler.o
    0x080074c8   0x080074c8   0x00000028   Code   RO         4884    i.rt_system_scheduler_start  scheduler.o
    0x080074f0   0x080074f0   0x0000000c   Code   RO         5073    i.rt_system_timer_init  timer.o
    0x080074fc   0x080074fc   0x00000002   Code   RO         5074    i.rt_system_timer_thread_init  timer.o
    0x080074fe   0x080074fe   0x00000076   Code   RO         4943    i.rt_thread_control  thread.o
    0x08007574   0x08007574   0x00000048   Code   RO         4944    i.rt_thread_create  thread.o
    0x080075bc   0x080075bc   0x0000004c   Code   RO         4947    i.rt_thread_delete  thread.o
    0x08007608   0x08007608   0x00000060   Code   RO         4948    i.rt_thread_detach  thread.o
    0x08007668   0x08007668   0x0000005c   Code   RO         4949    i.rt_thread_exit    thread.o
    0x080076c4   0x080076c4   0x00000006   Code   RO         4315    i.rt_thread_idle_entry  idle.o
    0x080076ca   0x080076ca   0x00000002   PAD
    0x080076cc   0x080076cc   0x0000004c   Code   RO         4316    i.rt_thread_idle_excute  idle.o
    0x08007718   0x08007718   0x00000038   Code   RO         4318    i.rt_thread_idle_init  idle.o
    0x08007750   0x08007750   0x00000030   Code   RO         4951    i.rt_thread_init    thread.o
    0x08007780   0x08007780   0x0000000e   Code   RO         4952    i.rt_thread_mdelay  thread.o
    0x0800778e   0x0800778e   0x0000003c   Code   RO         4953    i.rt_thread_resume  thread.o
    0x080077ca   0x080077ca   0x00000002   PAD
    0x080077cc   0x080077cc   0x0000000c   Code   RO         4954    i.rt_thread_self    thread.o
    0x080077d8   0x080077d8   0x00000040   Code   RO         4955    i.rt_thread_sleep   thread.o
    0x08007818   0x08007818   0x0000002c   Code   RO         4956    i.rt_thread_startup  thread.o
    0x08007844   0x08007844   0x00000042   Code   RO         4957    i.rt_thread_suspend  thread.o
    0x08007886   0x08007886   0x00000020   Code   RO         4958    i.rt_thread_timeout  thread.o
    0x080078a6   0x080078a6   0x00000002   PAD
    0x080078a8   0x080078a8   0x00000060   Code   RO         4959    i.rt_thread_yield   thread.o
    0x08007908   0x08007908   0x00000032   Code   RO         4211    i.rt_tick_from_millisecond  clock.o
    0x0800793a   0x0800793a   0x00000002   PAD
    0x0800793c   0x0800793c   0x0000000c   Code   RO         4212    i.rt_tick_get       clock.o
    0x08007948   0x08007948   0x0000002c   Code   RO         4213    i.rt_tick_increase  clock.o
    0x08007974   0x08007974   0x0000008c   Code   RO         5075    i.rt_timer_check    timer.o
    0x08007a00   0x08007a00   0x00000048   Code   RO         5076    i.rt_timer_control  timer.o
    0x08007a48   0x08007a48   0x00000028   Code   RO         5079    i.rt_timer_detach   timer.o
    0x08007a70   0x08007a70   0x00000028   Code   RO         5080    i.rt_timer_init     timer.o
    0x08007a98   0x08007a98   0x00000084   Code   RO         5082    i.rt_timer_start    timer.o
    0x08007b1c   0x08007b1c   0x0000002e   Code   RO         5083    i.rt_timer_stop     timer.o
    0x08007b4a   0x08007b4a   0x00000002   PAD
    0x08007b4c   0x08007b4c   0x00000284   Code   RO         4571    i.rt_vsnprintf      kservice.o
    0x08007dd0   0x08007dd0   0x00000004   Code   RO         4253    i.rti_board_end     components.o
    0x08007dd4   0x08007dd4   0x00000004   Code   RO         4254    i.rti_board_start   components.o
    0x08007dd8   0x08007dd8   0x00000004   Code   RO         4255    i.rti_end           components.o
    0x08007ddc   0x08007ddc   0x00000004   Code   RO         4256    i.rti_start         components.o
    0x08007de0   0x08007de0   0x0000002a   Code   RO         4257    i.rtthread_startup  components.o
    0x08007e0a   0x08007e0a   0x00000002   PAD
    0x08007e0c   0x08007e0c   0x00000030   Code   RO         3870    i.show_wait_queue   cmd_1.o
    0x08007e3c   0x08007e3c   0x00000028   Code   RO         4573    i.skip_atoi         kservice.o
    0x08007e64   0x08007e64   0x0000004c   Code   RO         3612    i.stepper_init      stepper.o
    0x08007eb0   0x08007eb0   0x00000068   Code   RO         3613    i.stepper_set_phase  stepper.o
    0x08007f18   0x08007f18   0x0000008c   Code   RO         3614    i.stepper_thread_entry  stepper.o
    0x08007fa4   0x08007fa4   0x00000082   Code   RO         3684    i.trapmf            fuzzypid.o
    0x08008026   0x08008026   0x00000004   Code   RO         5174    i.uart_init         board.o
    0x0800802a   0x0800802a   0x00000002   PAD
    0x0800802c   0x0800802c   0x000000d0   Code   RO         4156    i.usage_fault_track  cpuport.o
    0x080080fc   0x080080fc   0x0000000a   Code   RO         3871    i.version           cmd_1.o
    0x08008106   0x08008106   0x000000bc   Code   RO         3686    i.zmf               fuzzypid.o
    0x080081c2   0x080081c2   0x00000012   Data   RO         1028    .constdata          stm32f1xx_hal_rcc.o
    0x080081d4   0x080081d4   0x00000010   Data   RO         3155    .constdata          system_stm32f1xx.o
    0x080081e4   0x080081e4   0x00000008   Data   RO         3156    .constdata          system_stm32f1xx.o
    0x080081ec   0x080081ec   0x0000000e   Data   RO         3238    .constdata          app_pid_test.o
    0x080081fa   0x080081fa   0x0000001b   Data   RO         3370    .constdata          sx1278.o
    0x08008215   0x08008215   0x00000020   Data   RO         3615    .constdata          stepper.o
    0x08008235   0x08008235   0x00000122   Data   RO         4575    .constdata          kservice.o
    0x08008357   0x08008357   0x00000001   PAD
    0x08008358   0x08008358   0x00000030   Data   RO         5257    .constdata          m_ws.l(expf.o)
    0x08008388   0x08008388   0x00000140   Data   RO         5267    .constdata          m_ws.l(powf.o)
    0x080084c8   0x080084c8   0x00000040   Data   RO         5707    .constdata          mc_w.l(ctype_c.o)
    0x08008508   0x08008508   0x00000044   Data   RO         3872    .conststring        cmd_1.o
    0x0800854c   0x0800854c   0x0000000e   Data   RO         3244    .rodata.name        app_pid_test.o
    0x0800855a   0x0800855a   0x00000019   Data   RO         3245    .rodata.name        app_pid_test.o
    0x08008573   0x08008573   0x0000000f   Data   RO         3246    .rodata.name        app_pid_test.o
    0x08008582   0x08008582   0x00000014   Data   RO         3247    .rodata.name        app_pid_test.o
    0x08008596   0x08008596   0x0000000a   Data   RO         3569    .rodata.name        cmd.o
    0x080085a0   0x080085a0   0x00000027   Data   RO         3570    .rodata.name        cmd.o
    0x080085c7   0x080085c7   0x00000010   Data   RO         3571    .rodata.name        cmd.o
    0x080085d7   0x080085d7   0x00000016   Data   RO         3572    .rodata.name        cmd.o
    0x080085ed   0x080085ed   0x00000010   Data   RO         3573    .rodata.name        cmd.o
    0x080085fd   0x080085fd   0x00000012   Data   RO         3574    .rodata.name        cmd.o
    0x0800860f   0x0800860f   0x00000010   Data   RO         3617    .rodata.name        stepper.o
    0x0800861f   0x0800861f   0x00000029   Data   RO         3618    .rodata.name        stepper.o
    0x08008648   0x08008648   0x00000006   Data   RO         3873    .rodata.name        cmd_1.o
    0x0800864e   0x0800864e   0x00000010   Data   RO         3874    .rodata.name        cmd_1.o
    0x0800865e   0x0800865e   0x00000008   Data   RO         3875    .rodata.name        cmd_1.o
    0x08008666   0x08008666   0x00000023   Data   RO         3876    .rodata.name        cmd_1.o
    0x08008689   0x08008689   0x0000000e   Data   RO         3877    .rodata.name        cmd_1.o
    0x08008697   0x08008697   0x00000023   Data   RO         3878    .rodata.name        cmd_1.o
    0x080086ba   0x080086ba   0x0000000c   Data   RO         3879    .rodata.name        cmd_1.o
    0x080086c6   0x080086c6   0x0000000c   Data   RO         3880    .rodata.name        cmd_1.o
    0x080086d2   0x080086d2   0x00000012   Data   RO         3881    .rodata.name        cmd_1.o
    0x080086e4   0x080086e4   0x0000000c   Data   RO         3882    .rodata.name        cmd_1.o
    0x080086f0   0x080086f0   0x00000009   Data   RO         3883    .rodata.name        cmd_1.o
    0x080086f9   0x080086f9   0x00000019   Data   RO         3884    .rodata.name        cmd_1.o
    0x08008712   0x08008712   0x0000000f   Data   RO         3885    .rodata.name        cmd_1.o
    0x08008721   0x08008721   0x00000019   Data   RO         3886    .rodata.name        cmd_1.o
    0x0800873a   0x0800873a   0x0000000b   Data   RO         3887    .rodata.name        cmd_1.o
    0x08008745   0x08008745   0x00000015   Data   RO         3888    .rodata.name        cmd_1.o
    0x0800875a   0x0800875a   0x00000011   Data   RO         3889    .rodata.name        cmd_1.o
    0x0800876b   0x0800876b   0x00000015   Data   RO         3890    .rodata.name        cmd_1.o
    0x08008780   0x08008780   0x0000000d   Data   RO         3891    .rodata.name        cmd_1.o
    0x0800878d   0x0800878d   0x00000018   Data   RO         3892    .rodata.name        cmd_1.o
    0x080087a5   0x080087a5   0x00000013   Data   RO         3893    .rodata.name        cmd_1.o
    0x080087b8   0x080087b8   0x00000018   Data   RO         3894    .rodata.name        cmd_1.o
    0x080087d0   0x080087d0   0x0000000b   Data   RO         3895    .rodata.name        cmd_1.o
    0x080087db   0x080087db   0x00000015   Data   RO         3896    .rodata.name        cmd_1.o
    0x080087f0   0x080087f0   0x00000011   Data   RO         3897    .rodata.name        cmd_1.o
    0x08008801   0x08008801   0x00000015   Data   RO         3898    .rodata.name        cmd_1.o
    0x08008816   0x08008816   0x00000005   Data   RO         3899    .rodata.name        cmd_1.o
    0x0800881b   0x0800881b   0x0000001a   Data   RO         3900    .rodata.name        cmd_1.o
    0x08008835   0x08008835   0x0000000b   Data   RO         4001    .rodata.name        msh.o
    0x08008840   0x08008840   0x00000016   Data   RO         4002    .rodata.name        msh.o
    0x08008856   0x08008856   0x00000009   Data   RO         4003    .rodata.name        msh.o
    0x0800885f   0x0800885f   0x0000001c   Data   RO         4004    .rodata.name        msh.o
    0x0800887b   0x0800887b   0x0000000b   Data   RO         4005    .rodata.name        msh.o
    0x08008886   0x08008886   0x00000025   Data   RO         4006    .rodata.name        msh.o
    0x080088ab   0x080088ab   0x00000009   Data   RO         4734    .rodata.name        mem.o
    0x080088b4   0x080088b4   0x0000001e   Data   RO         4735    .rodata.name        mem.o
    0x080088d2   0x080088d2   0x00000002   PAD
    0x080088d4   0x080088d4   0x00000004   Data   RO         4258    .rti_fn.0           components.o
    0x080088d8   0x080088d8   0x00000004   Data   RO         4259    .rti_fn.0.end       components.o
    0x080088dc   0x080088dc   0x00000004   Data   RO         5176    .rti_fn.1           board.o
    0x080088e0   0x080088e0   0x00000004   Data   RO         4260    .rti_fn.1.end       components.o
    0x080088e4   0x080088e4   0x00000004   Data   RO         3619    .rti_fn.6           stepper.o
    0x080088e8   0x080088e8   0x00000004   Data   RO         4076    .rti_fn.6           shell.o
    0x080088ec   0x080088ec   0x00000004   Data   RO         4261    .rti_fn.6.end       components.o
    0x080088f0   0x080088f0   0x00000018   Data   RO         3248    FSymTab             app_pid_test.o
    0x08008908   0x08008908   0x00000024   Data   RO         3575    FSymTab             cmd.o
    0x0800892c   0x0800892c   0x0000000c   Data   RO         3620    FSymTab             stepper.o
    0x08008938   0x08008938   0x000000a8   Data   RO         3901    FSymTab             cmd_1.o
    0x080089e0   0x080089e0   0x00000024   Data   RO         4007    FSymTab             msh.o
    0x08008a04   0x08008a04   0x0000000c   Data   RO         4736    FSymTab             mem.o
    0x08008a10   0x08008a10   0x00000020   Data   RO         5711    Region$$Table       anon$$obj.o


    Execution Region RW_IRAM1 (Exec base: 0x20000000, Load base: 0x08008a30, Size: 0x00004db8, Max: 0x00010000, ABSOLUTE, COMPRESSED[0x00000108])

    Exec Addr    Load Addr    Size         Type   Attr      Idx    E Section Name        Object

    0x20000000   COMPRESSED   0x00000004   Data   RW           18    .data               main.o
    0x20000004   COMPRESSED   0x00000004   Data   RW           19    .data               main.o
    0x20000008   COMPRESSED   0x0000000c   Data   RW          865    .data               stm32f1xx_hal.o
    0x20000014   COMPRESSED   0x00000004   Data   RW         3157    .data               system_stm32f1xx.o
    0x20000018   COMPRESSED   0x00000004   Data   RW         3195    .data               bsp_lora.o
    0x2000001c   COMPRESSED   0x00000004   Data   RW         3239    .data               app_pid_test.o
    0x20000020   COMPRESSED   0x00000368   Data   RW         3243    .data               app_pid_test.o
    0x20000388   COMPRESSED   0x0000000c   Data   RW         3296    .data               app_lora_node.o
    0x20000394   COMPRESSED   0x00000014   Data   RW         3616    .data               stepper.o
    0x200003a8   COMPRESSED   0x00000018   Data   RW         4075    .data               shell.o
    0x200003c0   COMPRESSED   0x00000004   Data   RW         4157    .data               cpuport.o
    0x200003c4   COMPRESSED   0x00000004   Data   RW         4158    .data               cpuport.o
    0x200003c8   COMPRESSED   0x00000004   Data   RW         4159    .data               cpuport.o
    0x200003cc   COMPRESSED   0x00000004   Data   RW         4160    .data               cpuport.o
    0x200003d0   COMPRESSED   0x00000004   Data   RW         4215    .data               clock.o
    0x200003d4   COMPRESSED   0x00000001   Data   RW         4520    .data               irq.o
    0x200003d5   COMPRESSED   0x00000003   PAD
    0x200003d8   COMPRESSED   0x00000018   Data   RW         4733    .data               mem.o
    0x200003f0   COMPRESSED   0x00000050   Data   RW         4803    .data               object.o
    0x20000440   COMPRESSED   0x00000014   Data   RW         4886    .data               scheduler.o
    0x20000454   COMPRESSED   0x0000000c   Data   RW         5084    .data               timer.o
    0x20000460   COMPRESSED   0x00000004   Data   RW         5287    .data               mc_w.l(rand.o)
    0x20000464   COMPRESSED   0x00000004   Data   RW         5655    .data               mc_w.l(stdout.o)
    0x20000468   COMPRESSED   0x00000004   Data   RW         5660    .data               mc_w.l(mvars.o)
    0x2000046c   COMPRESSED   0x00000004   Data   RW         5661    .data               mc_w.l(mvars.o)
    0x20000470   COMPRESSED   0x00000004   Data   RW         5665    .data               mc_w.l(errno.o)
    0x20000474        -       0x00000058   Zero   RW          250    .bss                spi.o
    0x200004cc        -       0x00000048   Zero   RW          292    .bss                usart.o
    0x20000514        -       0x00000048   Zero   RW          446    .bss                stm32f1xx_hal_timebase_tim.o
    0x2000055c   COMPRESSED   0x00000004   PAD
    0x20000560        -       0x00000138   Zero   RW         3194    .bss                bsp_lora.o
    0x20000698        -       0x00000080   Zero   RW         3295    .bss                app_lora_node.o
    0x20000718        -       0x00000101   Zero   RW         4074    .bss                shell.o
    0x20000819   COMPRESSED   0x00000003   PAD
    0x2000081c        -       0x00000178   Zero   RW         4319    .bss                idle.o
    0x20000994        -       0x00000100   Zero   RW         4574    .bss                kservice.o
    0x20000a94        -       0x00000020   Zero   RW         4732    .bss                mem.o
    0x20000ab4        -       0x00000100   Zero   RW         4885    .bss                scheduler.o
    0x20000bb4        -       0x00003c00   Zero   RW         5175    .bss                board.o
    0x200047b4   COMPRESSED   0x00000004   PAD
    0x200047b8        -       0x00000200   Zero   RW            2    HEAP                startup_stm32f103xe.o
    0x200049b8        -       0x00000400   Zero   RW            1    STACK               startup_stm32f103xe.o


==============================================================================

Image component sizes


      Code (inc. data)   RO Data    RW Data    ZI Data      Debug   Object Name

      1912        906          0         12        128       7526   app_lora_node.o
       872        332        112        876          0       5821   app_pid_test.o
       188         22          4          0      15360      28689   board.o
       440        222          0          4        312       2236   bsp_lora.o
       106         12          0          4          0       1732   clock.o
       504        304        157          0          0       3284   cmd.o
      1986        758        729          0          0      16140   cmd_1.o
       182         28         16          0          0       5630   components.o
       244         28          0          0          0        856   context_rvds.o
      1340        718          0         16          0       5502   cpuport.o
        44          6          0          0          0       1032   finsh_port.o
      2180         64          0          0          0      20606   fuzzypid.o
       296         24          0          0          0       1067   gpio.o
       138         22          0          0        376       4922   idle.o
       754          0          0          0          0      10266   ipc.o
        56         12          0          1          0       1538   irq.o
      1438        160        290          0        256      10797   kservice.o
       418        194          0          8          0     507682   main.o
       826        248         51         24         32       5167   mem.o
       780        162        154          0          0       7664   msh.o
       312          6          0         80          0       8208   object.o
       416         56          0         20        256       8010   scheduler.o
       928        134          4         24        257      10092   shell.o
       200         24          0          0         88       1753   spi.o
        36          8        304          0       1536        816   startup_stm32f103xe.o
       748        308        105         20          0       3962   stepper.o
       100         32          0         12          0       6963   stm32f1xx_hal.o
       158         14          0          0          0      28298   stm32f1xx_hal_cortex.o
       374          8          0          0          0       1903   stm32f1xx_hal_dma.o
       566         48          0          0          0       5412   stm32f1xx_hal_gpio.o
        60          8          0          0          0        914   stm32f1xx_hal_msp.o
      1304         94         18          0          0       5905   stm32f1xx_hal_rcc.o
      1516          8          0          0          0       8920   stm32f1xx_hal_spi.o
       668         42          0          0          0       7436   stm32f1xx_hal_tim.o
         4          0          0          0          0       1653   stm32f1xx_hal_tim_ex.o
       116         16          0          0         72       1491   stm32f1xx_hal_timebase_tim.o
      1474         10          0          0          0      10380   stm32f1xx_hal_uart.o
        72         18          0          0          0       5036   stm32f1xx_it.o
      1168          8         27          0          0      17115   sx1278.o
       210          0          0          0          0       4945   sx1278_hw.o
       106         22         24          4          0       1839   system_stm32f1xx.o
      1078         54          0          0          0      14441   thread.o
       550         20          0         12          0      10696   timer.o
       184         20          0          0         72       1782   usart.o

    ----------------------------------------------------------------------
     27114       5180       2030       1120      18756     816127   Object Totals
         0          0         32          0          0          0   (incl. Generated)
        62          0          3          3         11          0   (incl. Padding)

    ----------------------------------------------------------------------

      Code (inc. data)   RO Data    RW Data    ZI Data      Debug   Library Member Name

        42          0          0          0          0         84   atof.o
       368         46         48          0          0        156   expf.o
        40          0          0          0          0         80   fmaxf.o
        40          0          0          0          0         80   fminf.o
        38          0          0          0          0         68   fpclassifyf.o
        48          0          0          0          0        408   funder.o
      1568         80        320          0          0        224   powf.o
        86          0          0          0          0          0   __dczerorl2.o
        64          0          0          0          0         84   _sgetc.o
        40          6         64          0          0         68   ctype_c.o
         0          0          0          0          0          0   entry.o
         0          0          0          0          0          0   entry10a.o
         0          0          0          0          0          0   entry11a.o
         4          0          0          0          0          0   entry12b.o
         8          4          0          0          0          0   entry2.o
         4          0          0          0          0          0   entry5.o
         0          0          0          0          0          0   entry7b.o
         0          0          0          0          0          0   entry8b.o
         8          4          0          0          0          0   entry9a.o
        24         12          0          4          0        136   errno.o
        18          0          0          0          0         80   fputc.o
        30          0          0          0          0          0   handlers.o
        36          8          0          0          0         68   init.o
        10          0          0          0          0         68   isspace_c.o
         0          0          0          0          0          0   iusefp.o
         0          0          0          0          0          0   iusesemip.o
        30          0          0          0          0         68   llshl.o
        32          0          0          0          0         68   llushr.o
       188         20          0          0          0        160   malloc.o
        36          0          0          0          0         68   memcpya.o
        36          0          0          0          0        108   memseta.o
         0          0          0          8          0          0   mvars.o
        50          8          0          0          0        152   printfb.o
        36         10          0          4          0        136   rand.o
       878         12          0          0          0        216   scanf_fp.o
         0          0          0          0          0          0   semi.o
         0          0          0          4          0          0   stdout.o
        24          0          0          0          0         68   strcat.o
        28          0          0          0          0         76   strcmp.o
        18          0          0          0          0         68   strcpy.o
        14          0          0          0          0         68   strlen.o
        30          0          0          0          0         80   strncmp.o
        24          0          0          0          0         76   strncpy.o
       156         12          0          0          0        120   strtod.o
        98          0          0          0          0         92   uldiv.o
        20          0          0          0          0         68   cfcmple.o
        20          0          0          0          0         68   cfrcmple.o
        56          0          0          0          0         88   d2f.o
       222          0          0          0          0        100   ddiv.o
       186          0          0          0          0        176   depilogue.o
        24          0          0          0          0         76   dfltul.o
       228          0          0          0          0         96   dmul.o
        38          0          0          0          0         68   f2d.o
       176          0          0          0          0        140   fadd.o
        54          0          0          0          0         68   fcmp4.o
       124          0          0          0          0         88   fdiv.o
       110          0          0          0          0        168   fepilogue.o
        50          0          0          0          0         68   ffixi.o
        76          0          0          0          0         76   ffixir.o
        40          0          0          0          0         68   ffixui.o
        18          0          0          0          0         68   fflti.o
       100          0          0          0          0         76   fmul.o
         4          0          0          0          0         68   fpstat.o
        60          0          0          0          0         76   frnd.o
        24          0          0          0          0         68   fscalb.o

    ----------------------------------------------------------------------
      5800        222        432         20          0       5000   Library Totals
        16          0          0          0          0          0   (incl. Padding)

    ----------------------------------------------------------------------

      Code (inc. data)   RO Data    RW Data    ZI Data      Debug   Library Name

      2144        126        368          0          0       1100   m_ws.l
      2010         96         64         20          0       2128   mc_w.l
      1630          0          0          0          0       1772   mf_w.l

    ----------------------------------------------------------------------
      5800        222        432         20          0       5000   Library Totals

    ----------------------------------------------------------------------

==============================================================================


      Code (inc. data)   RO Data    RW Data    ZI Data      Debug   

     32914       5402       2462       1140      18756     804355   Grand Totals
     32914       5402       2462        264      18756     804355   ELF Image Totals (compressed)
     32914       5402       2462        264          0          0   ROM Totals

==============================================================================

    Total RO  Size (Code + RO Data)                35376 (  34.55kB)
    Total RW  Size (RW Data + ZI Data)             19896 (  19.43kB)
    Total ROM Size (Code + RO Data + RW Data)      35640 (  34.80kB)

==============================================================================

