Component: ARM Compiler 5.06 update 7 (build 960) Tool: armlink [4d3601]

==============================================================================

Section Cross References

    startup_stm32f103xe.o(RESET) refers to startup_stm32f103xe.o(STACK) for __initial_sp
    startup_stm32f103xe.o(RESET) refers to startup_stm32f103xe.o(.text) for Reset_Handler
    startup_stm32f103xe.o(RESET) refers to stm32f1xx_it.o(i.NMI_Handler) for NMI_Handler
    startup_stm32f103xe.o(RESET) refers to context_rvds.o(.text) for HardFault_Handler
    startup_stm32f103xe.o(RESET) refers to stm32f1xx_it.o(i.MemManage_Handler) for MemManage_Handler
    startup_stm32f103xe.o(RESET) refers to stm32f1xx_it.o(i.BusFault_Handler) for BusFault_Handler
    startup_stm32f103xe.o(RESET) refers to stm32f1xx_it.o(i.UsageFault_Handler) for UsageFault_Handler
    startup_stm32f103xe.o(RESET) refers to stm32f1xx_it.o(i.SVC_Handler) for SVC_Handler
    startup_stm32f103xe.o(RESET) refers to stm32f1xx_it.o(i.DebugMon_Handler) for DebugMon_Handler
    startup_stm32f103xe.o(RESET) refers to stm32f1xx_it.o(i.SysTick_Handler) for SysTick_Handler
    startup_stm32f103xe.o(RESET) refers to stm32f1xx_it.o(i.EXTI2_IRQHandler) for EXTI2_IRQHandler
    startup_stm32f103xe.o(RESET) refers to stm32f1xx_it.o(i.SPI1_IRQHandler) for SPI1_IRQHandler
    startup_stm32f103xe.o(RESET) refers to stm32f1xx_it.o(i.USART1_IRQHandler) for USART1_IRQHandler
    startup_stm32f103xe.o(RESET) refers to stm32f1xx_it.o(i.USART3_IRQHandler) for USART3_IRQHandler
    startup_stm32f103xe.o(RESET) refers to stm32f1xx_it.o(i.TIM6_IRQHandler) for TIM6_IRQHandler
    startup_stm32f103xe.o(.text) refers to system_stm32f1xx.o(i.SystemInit) for SystemInit
    startup_stm32f103xe.o(.text) refers to entry.o(.ARM.Collect$$$$00000000) for __main
    main.o(i.HAL_TIM_PeriodElapsedCallback) refers to stm32f1xx_hal.o(i.HAL_IncTick) for HAL_IncTick
    main.o(i.HAL_UART_RxCpltCallback) refers to app_pid_test.o(i.PID_UART3_RxCpltCallback) for PID_UART3_RxCpltCallback
    main.o(i.SystemClock_Config) refers to memseta.o(.text) for __aeabi_memclr4
    main.o(i.SystemClock_Config) refers to stm32f1xx_hal_rcc.o(i.HAL_RCC_OscConfig) for HAL_RCC_OscConfig
    main.o(i.SystemClock_Config) refers to stm32f1xx_hal_rcc.o(i.HAL_RCC_ClockConfig) for HAL_RCC_ClockConfig
    main.o(i.User_App_Start) refers to thread.o(i.rt_thread_create) for rt_thread_create
    main.o(i.User_App_Start) refers to thread.o(i.rt_thread_startup) for rt_thread_startup
    main.o(i.User_App_Start) refers to kservice.o(i.rt_kprintf) for rt_kprintf
    main.o(i.User_App_Start) refers to app_lora_node.o(i.lora_thread_entry) for lora_thread_entry
    main.o(i.User_App_Start) refers to main.o(.data) for .data
    main.o(i.main) refers to stm32f1xx_hal.o(i.HAL_Init) for HAL_Init
    main.o(i.main) refers to main.o(i.SystemClock_Config) for SystemClock_Config
    main.o(i.main) refers to gpio.o(i.MX_GPIO_Init) for MX_GPIO_Init
    main.o(i.main) refers to spi.o(i.MX_SPI1_Init) for MX_SPI1_Init
    main.o(i.main) refers to usart.o(i.MX_USART1_UART_Init) for MX_USART1_UART_Init
    main.o(i.main) refers to usart.o(i.MX_USART3_UART_Init) for MX_USART3_UART_Init
    main.o(i.main) refers to kservice.o(i.rt_kprintf) for rt_kprintf
    main.o(i.main) refers to main.o(i.User_App_Start) for User_App_Start
    main.o(i.main) refers to stm32f1xx_hal_gpio.o(i.HAL_GPIO_TogglePin) for HAL_GPIO_TogglePin
    main.o(i.main) refers to thread.o(i.rt_thread_mdelay) for rt_thread_mdelay
    gpio.o(i.MX_GPIO_Init) refers to stm32f1xx_hal_gpio.o(i.HAL_GPIO_WritePin) for HAL_GPIO_WritePin
    gpio.o(i.MX_GPIO_Init) refers to stm32f1xx_hal_gpio.o(i.HAL_GPIO_Init) for HAL_GPIO_Init
    gpio.o(i.MX_GPIO_Init) refers to stm32f1xx_hal_cortex.o(i.HAL_NVIC_SetPriority) for HAL_NVIC_SetPriority
    gpio.o(i.MX_GPIO_Init) refers to stm32f1xx_hal_cortex.o(i.HAL_NVIC_EnableIRQ) for HAL_NVIC_EnableIRQ
    spi.o(i.HAL_SPI_MspDeInit) refers to stm32f1xx_hal_gpio.o(i.HAL_GPIO_DeInit) for HAL_GPIO_DeInit
    spi.o(i.HAL_SPI_MspDeInit) refers to stm32f1xx_hal_cortex.o(i.HAL_NVIC_DisableIRQ) for HAL_NVIC_DisableIRQ
    spi.o(i.HAL_SPI_MspInit) refers to stm32f1xx_hal_gpio.o(i.HAL_GPIO_Init) for HAL_GPIO_Init
    spi.o(i.HAL_SPI_MspInit) refers to stm32f1xx_hal_cortex.o(i.HAL_NVIC_SetPriority) for HAL_NVIC_SetPriority
    spi.o(i.HAL_SPI_MspInit) refers to stm32f1xx_hal_cortex.o(i.HAL_NVIC_EnableIRQ) for HAL_NVIC_EnableIRQ
    spi.o(i.MX_SPI1_Init) refers to stm32f1xx_hal_spi.o(i.HAL_SPI_Init) for HAL_SPI_Init
    spi.o(i.MX_SPI1_Init) refers to main.o(i.Error_Handler) for Error_Handler
    spi.o(i.MX_SPI1_Init) refers to spi.o(.bss) for .bss
    usart.o(i.HAL_UART_MspDeInit) refers to stm32f1xx_hal_gpio.o(i.HAL_GPIO_DeInit) for HAL_GPIO_DeInit
    usart.o(i.HAL_UART_MspDeInit) refers to stm32f1xx_hal_cortex.o(i.HAL_NVIC_DisableIRQ) for HAL_NVIC_DisableIRQ
    usart.o(i.HAL_UART_MspInit) refers to stm32f1xx_hal_gpio.o(i.HAL_GPIO_Init) for HAL_GPIO_Init
[...]
    SX1278_hw_SetNSS                         0x0800321d   Thumb Code    20  sx1278_hw.o(i.SX1278_hw_SetNSS)
    SX1278_hw_init                           0x08003231   Thumb Code    26  sx1278_hw.o(i.SX1278_hw_init)
    SX1278_init                              0x0800324b   Thumb Code    58  sx1278.o(i.SX1278_init)
    SX1278_read                              0x08003285   Thumb Code    42  sx1278.o(i.SX1278_read)
    SX1278_sleep                             0x080032af   Thumb Code    18  sx1278.o(i.SX1278_sleep)
    SX1278_standby                           0x080032c1   Thumb Code    18  sx1278.o(i.SX1278_standby)
    SX1278_transmit                          0x080032d3   Thumb Code    44  sx1278.o(i.SX1278_transmit)
    Send_Join_Request                        0x08003301   Thumb Code   232  app_lora_node.o(i.Send_Join_Request)
    Send_Sensor_Data                         0x080034b9   Thumb Code   346  app_lora_node.o(i.Send_Sensor_Data)
    SysTick_Handler                          0x08003705   Thumb Code    18  stm32f1xx_it.o(i.SysTick_Handler)
    SystemClock_Config                       0x08003717   Thumb Code    94  main.o(i.SystemClock_Config)
    SystemCoreClockUpdate                    0x08003775   Thumb Code    82  system_stm32f1xx.o(i.SystemCoreClockUpdate)
    SystemInit                               0x080037dd   Thumb Code     2  system_stm32f1xx.o(i.SystemInit)
    TIM6_IRQHandler                          0x080037e1   Thumb Code     6  stm32f1xx_it.o(i.TIM6_IRQHandler)
    TIM_Base_SetConfig                       0x080037ed   Thumb Code   134  stm32f1xx_hal_tim.o(i.TIM_Base_SetConfig)
    UART_Start_Receive_IT                    0x08003a79   Thumb Code    54  stm32f1xx_hal_uart.o(i.UART_Start_Receive_IT)
    USART1_IRQHandler                        0x08003b21   Thumb Code     6  stm32f1xx_it.o(i.USART1_IRQHandler)
    USART3_IRQHandler                        0x08003b2d   Thumb Code     6  stm32f1xx_it.o(i.USART3_IRQHandler)
    UsageFault_Handler                       0x08003b39   Thumb Code     2  stm32f1xx_it.o(i.UsageFault_Handler)
    User_App_Start                           0x08003b3d   Thumb Code    48  main.o(i.User_App_Start)
    __0printf$bare                           0x08003bd1   Thumb Code     8  printfb.o(i.__0printf$bare)
    __1printf$bare                           0x08003bd1   Thumb Code     0  printfb.o(i.__0printf$bare)
    __2printf                                0x08003bd1   Thumb Code     0  printfb.o(i.__0printf$bare)
    __ARM_fpclassifyf                        0x08003be1   Thumb Code    38  fpclassifyf.o(i.__ARM_fpclassifyf)
    __aeabi_errno_addr                       0x08003c29   Thumb Code     4  errno.o(i.__aeabi_errno_addr)
    __rt_errno_addr                          0x08003c29   Thumb Code     0  errno.o(i.__aeabi_errno_addr)
    __mathlib_flt_divzero                    0x08003c31   Thumb Code    10  funder.o(i.__mathlib_flt_divzero)
    __mathlib_flt_infnan                     0x08003c3b   Thumb Code     6  funder.o(i.__mathlib_flt_infnan)
    __mathlib_flt_infnan2                    0x08003c41   Thumb Code     4  funder.o(i.__mathlib_flt_infnan2)
    __mathlib_flt_invalid                    0x08003c45   Thumb Code     8  funder.o(i.__mathlib_flt_invalid)
    __mathlib_flt_overflow                   0x08003c4d   Thumb Code    10  funder.o(i.__mathlib_flt_overflow)
    __mathlib_flt_underflow                  0x08003c57   Thumb Code    10  funder.o(i.__mathlib_flt_underflow)
    __read_errno                             0x08003c61   Thumb Code     6  errno.o(i.__read_errno)
    __rt_ffs                                 0x08003c6d   Thumb Code    62  kservice.o(i.__rt_ffs)
    __scatterload_copy                       0x08003cb1   Thumb Code    14  handlers.o(i.__scatterload_copy)
    __scatterload_null                       0x08003cbf   Thumb Code     2  handlers.o(i.__scatterload_null)
    __scatterload_zeroinit                   0x08003cc1   Thumb Code    14  handlers.o(i.__scatterload_zeroinit)
    __set_errno                              0x08003cd1   Thumb Code     6  errno.o(i.__set_errno)
    _is_digit                                0x08003cdd   Thumb Code    14  scanf_fp.o(i._is_digit)
    and                                      0x08003e6b   Thumb Code    50  fuzzypid.o(i.and)
    atof                                     0x08003e9d   Thumb Code    42  atof.o(i.atof)
    cmd_free                                 0x08003fb1   Thumb Code    10  msh.o(i.cmd_free)
    cmd_ps                                   0x08003fbb   Thumb Code    10  msh.o(i.cmd_ps)
    delete_fuzzy                             0x08003fc5   Thumb Code    26  fuzzypid.o(i.delete_fuzzy)
    delete_pid                               0x08003fdf   Thumb Code    22  fuzzypid.o(i.delete_pid)
    delete_pid_vector                        0x08003ff5   Thumb Code    36  fuzzypid.o(i.delete_pid_vector)
    df                                       0x08004019   Thumb Code    38  fuzzypid.o(i.df)
    direct_control                           0x08004065   Thumb Code    12  fuzzypid.o(i.direct_control)
    equilibrium                              0x08004071   Thumb Code    84  fuzzypid.o(i.equilibrium)
    __mathlib_expf                           0x080040c5   Thumb Code     0  expf.o(i.expf)
    expf                                     0x080040c5   Thumb Code   322  expf.o(i.expf)
    finsh_get_prompt                         0x08004235   Thumb Code    68  shell.o(i.finsh_get_prompt)
    finsh_set_prompt_mode                    0x08004295   Thumb Code    16  shell.o(i.finsh_set_prompt_mode)
    finsh_system_function_init               0x080042a9   Thumb Code     8  shell.o(i.finsh_system_function_init)
    finsh_system_init                        0x080042b5   Thumb Code    90  shell.o(i.finsh_system_init)
    finsh_thread_entry                       0x08004349   Thumb Code   612  shell.o(i.finsh_thread_entry)
    fmaxf                                    0x080045d5   Thumb Code    40  fmaxf.o(i.fmaxf)
    fminf                                    0x080045fd   Thumb Code    40  fminf.o(i.fminf)
    fo                                       0x08004625   Thumb Code    26  fuzzypid.o(i.fo)
    fputc                                    0x0800463f   Thumb Code    18  fputc.o(i.fputc)
    free                                     0x08004651   Thumb Code    76  malloc.o(i.free)
    fuzzy_control                            0x080046a1   Thumb Code   238  fuzzypid.o(i.fuzzy_control)
    fuzzy_init                               0x08004795   Thumb Code    40  fuzzypid.o(i.fuzzy_init)
    fuzzy_params_init                        0x080047bd   Thumb Code    58  fuzzypid.o(i.fuzzy_params_init)
    fuzzy_pid_control                        0x080047f9   Thumb Code   252  fuzzypid.o(i.fuzzy_pid_control)
    fuzzy_pid_init                           0x080048f9   Thumb Code   116  fuzzypid.o(i.fuzzy_pid_init)
    fuzzy_pid_motor_pwd_output               0x08004971   Thumb Code    38  fuzzypid.o(i.fuzzy_pid_motor_pwd_output)
    fuzzy_pid_vector_init                    0x08004999   Thumb Code    76  fuzzypid.o(i.fuzzy_pid_vector_init)
    hello                                    0x08004a5d   Thumb Code    12  cmd_1.o(i.hello)
    led_ctrl                                 0x08004a7d   Thumb Code   142  cmd.o(i.led_ctrl)
    limit                                    0x08004c01   Thumb Code    16  fuzzypid.o(i.limit)
    list                                     0x08004c11   Thumb Code    50  cmd_1.o(i.list)
    list_mailbox                             0x08004d01   Thumb Code   200  cmd_1.o(i.list_mailbox)
    list_mem                                 0x08004e45   Thumb Code    32  mem.o(i.list_mem)
    list_mutex                               0x08004eb1   Thumb Code   146  cmd_1.o(i.list_mutex)
    list_sem                                 0x08004fa9   Thumb Code   188  cmd_1.o(i.list_sem)
    list_thread                              0x080050c5   Thumb Code   250  cmd_1.o(i.list_thread)
    list_timer                               0x0800527d   Thumb Code   160  cmd_1.o(i.list_timer)
    lora_send                                0x080053bd   Thumb Code    36  cmd.o(i.lora_send)
    lora_test                                0x080053fd   Thumb Code    22  cmd.o(i.lora_test)
    lora_thread_entry                        0x08005431   Thumb Code   372  app_lora_node.o(i.lora_thread_entry)
    $Super$$main                             0x0800573d   Thumb Code    90  main.o(i.main)
    main_thread_entry                        0x0800582d   Thumb Code    14  components.o(i.main_thread_entry)
    malloc                                   0x0800583d   Thumb Code    92  malloc.o(i.malloc)
    mf                                       0x08005981   Thumb Code   246  fuzzypid.o(i.mf)
    moc                                      0x08005a79   Thumb Code   236  fuzzypid.o(i.moc)
    motor_rev                                0x08005b65   Thumb Code   164  stepper.o(i.motor_rev)
    msh_auto_complete                        0x08005d11   Thumb Code   150  msh.o(i.msh_auto_complete)
    msh_exec                                 0x08005dbd   Thumb Code    74  msh.o(i.msh_exec)
    msh_help                                 0x08005e21   Thumb Code    58  msh.o(i.msh_help)
    msh_is_used                              0x08005e99   Thumb Code     4  msh.o(i.msh_is_used)
    or                                       0x08005f85   Thumb Code    64  fuzzypid.o(i.or)
    pid_matlab                               0x08005fc5   Thumb Code   108  app_pid_test.o(i.pid_matlab)
    pid_sim                                  0x08006111   Thumb Code   206  app_pid_test.o(i.pid_sim)
    pid_test                                 0x08006271   Thumb Code   268  app_pid_test.o(i.pid_test)
    __mathlib_powf                           0x08006449   Thumb Code     0  powf.o(i.powf)
    powf                                     0x08006449   Thumb Code  1548  powf.o(i.powf)
    raw_fuzzy_pid_init                       0x08006b99   Thumb Code   130  fuzzypid.o(i.raw_fuzzy_pid_init)
    rt_application_init                      0x08006c21   Thumb Code    32  components.o(i.rt_application_init)
    rt_calloc                                0x08006c4d   Thumb Code    26  mem.o(i.rt_calloc)
    rt_components_board_init                 0x08006c69   Thumb Code    20  components.o(i.rt_components_board_init)
    rt_components_init                       0x08006c85   Thumb Code    20  components.o(i.rt_components_init)
    rt_enter_critical                        0x08006ca1   Thumb Code    22  scheduler.o(i.rt_enter_critical)
    rt_exit_critical                         0x08006cbd   Thumb Code    52  scheduler.o(i.rt_exit_critical)
    rt_free                                  0x08006cf5   Thumb Code   112  mem.o(i.rt_free)
    rt_heap_begin_get                        0x08006db9   Thumb Code     4  board.o(i.rt_heap_begin_get)
    rt_heap_end_get                          0x08006dc1   Thumb Code     4  board.o(i.rt_heap_end_get)
    rt_hw_board_init                         0x08006dc9   Thumb Code    88  board.o(i.rt_hw_board_init)
    rt_hw_console_getchar                    0x08006e29   Thumb Code    38  finsh_port.o(i.rt_hw_console_getchar)
    rt_hw_console_output                     0x08006e55   Thumb Code    66  board.o(i.rt_hw_console_output)
    rt_hw_hard_fault_exception               0x08006e9d   Thumb Code   186  cpuport.o(i.rt_hw_hard_fault_exception)
    rt_hw_stack_init                         0x08007099   Thumb Code    52  cpuport.o(i.rt_hw_stack_init)
    rt_interrupt_enter                       0x080070d1   Thumb Code    22  irq.o(i.rt_interrupt_enter)
    rt_interrupt_leave                       0x080070ed   Thumb Code    22  irq.o(i.rt_interrupt_leave)
    rt_kprintf                               0x0800716d   Thumb Code    28  kservice.o(i.rt_kprintf)
    rt_malloc                                0x0800720d   Thumb Code   232  mem.o(i.rt_malloc)
    rt_memmove                               0x080072fd   Thumb Code    50  kservice.o(i.rt_memmove)
    rt_memset                                0x08007331   Thumb Code    70  kservice.o(i.rt_memset)
    rt_mutex_create                          0x08007377   Thumb Code    42  ipc.o(i.rt_mutex_create)
    rt_mutex_release                         0x080073a1   Thumb Code   164  ipc.o(i.rt_mutex_release)
    rt_mutex_take                            0x08007445   Thumb Code   188  ipc.o(i.rt_mutex_take)
    rt_object_allocate                       0x08007501   Thumb Code    80  object.o(i.rt_object_allocate)
    rt_object_delete                         0x08007551   Thumb Code    38  object.o(i.rt_object_delete)
    rt_object_detach                         0x08007577   Thumb Code    32  object.o(i.rt_object_detach)
    rt_object_get_information                0x08007599   Thumb Code    30  object.o(i.rt_object_get_information)
    rt_object_init                           0x080075bd   Thumb Code    80  object.o(i.rt_object_init)
    rt_object_is_systemobject                0x0800760d   Thumb Code    14  object.o(i.rt_object_is_systemobject)
    rt_schedule                              0x0800761d   Thumb Code    76  scheduler.o(i.rt_schedule)
    rt_schedule_insert_thread                0x08007675   Thumb Code    70  scheduler.o(i.rt_schedule_insert_thread)
    rt_schedule_remove_thread                0x080076c5   Thumb Code    64  scheduler.o(i.rt_schedule_remove_thread)
    rt_sem_create                            0x0800770d   Thumb Code    32  ipc.o(i.rt_sem_create)
    rt_sem_init                              0x0800772d   Thumb Code    36  ipc.o(i.rt_sem_init)
    rt_sem_release                           0x08007751   Thumb Code    72  ipc.o(i.rt_sem_release)
    rt_sem_take                              0x08007799   Thumb Code   110  ipc.o(i.rt_sem_take)
    rt_show_version                          0x08007809   Thumb Code    40  kservice.o(i.rt_show_version)
    rt_strlen                                0x080078b9   Thumb Code    16  kservice.o(i.rt_strlen)
    rt_strncpy                               0x080078c9   Thumb Code    38  kservice.o(i.rt_strncpy)
    rt_system_heap_init                      0x080078f1   Thumb Code    96  mem.o(i.rt_system_heap_init)
    rt_system_scheduler_init                 0x0800799d   Thumb Code    44  scheduler.o(i.rt_system_scheduler_init)
    rt_system_scheduler_start                0x080079d1   Thumb Code    32  scheduler.o(i.rt_system_scheduler_start)
    rt_system_timer_init                     0x080079f9   Thumb Code     8  timer.o(i.rt_system_timer_init)
    rt_system_timer_thread_init              0x08007a05   Thumb Code     2  timer.o(i.rt_system_timer_thread_init)
    rt_thread_control                        0x08007a07   Thumb Code   118  thread.o(i.rt_thread_control)
    rt_thread_create                         0x08007a7d   Thumb Code    72  thread.o(i.rt_thread_create)
    rt_thread_delete                         0x08007ac5   Thumb Code    72  thread.o(i.rt_thread_delete)
    rt_thread_detach                         0x08007b11   Thumb Code    90  thread.o(i.rt_thread_detach)
    rt_thread_exit                           0x08007b71   Thumb Code    82  thread.o(i.rt_thread_exit)
    rt_thread_idle_excute                    0x08007bd5   Thumb Code    70  idle.o(i.rt_thread_idle_excute)
    rt_thread_idle_init                      0x08007c21   Thumb Code    40  idle.o(i.rt_thread_idle_init)
    rt_thread_init                           0x08007c59   Thumb Code    48  thread.o(i.rt_thread_init)
    rt_thread_mdelay                         0x08007c89   Thumb Code    14  thread.o(i.rt_thread_mdelay)
    rt_thread_resume                         0x08007c97   Thumb Code    60  thread.o(i.rt_thread_resume)
    rt_thread_self                           0x08007cd5   Thumb Code     6  thread.o(i.rt_thread_self)
    rt_thread_sleep                          0x08007ce1   Thumb Code    60  thread.o(i.rt_thread_sleep)
    rt_thread_startup                        0x08007d21   Thumb Code    40  thread.o(i.rt_thread_startup)
    rt_thread_suspend                        0x08007d4d   Thumb Code    66  thread.o(i.rt_thread_suspend)
    rt_thread_timeout                        0x08007d8f   Thumb Code    32  thread.o(i.rt_thread_timeout)
    rt_thread_yield                          0x08007db1   Thumb Code    86  thread.o(i.rt_thread_yield)
    rt_tick_from_millisecond                 0x08007e11   Thumb Code    50  clock.o(i.rt_tick_from_millisecond)
    rt_tick_get                              0x08007e45   Thumb Code     6  clock.o(i.rt_tick_get)
    rt_tick_increase                         0x08007e51   Thumb Code    38  clock.o(i.rt_tick_increase)
    rt_timer_check                           0x08007e7d   Thumb Code   136  timer.o(i.rt_timer_check)
    rt_timer_control                         0x08007f09   Thumb Code    72  timer.o(i.rt_timer_control)
    rt_timer_detach                          0x08007f51   Thumb Code    40  timer.o(i.rt_timer_detach)
    rt_timer_init                            0x08007f79   Thumb Code    40  timer.o(i.rt_timer_init)
    rt_timer_start                           0x08007fa1   Thumb Code   126  timer.o(i.rt_timer_start)
    rt_timer_stop                            0x08008025   Thumb Code    46  timer.o(i.rt_timer_stop)
    rt_vsnprintf                             0x08008055   Thumb Code   634  kservice.o(i.rt_vsnprintf)
    rtthread_startup                         0x080082e9   Thumb Code    42  components.o(i.rtthread_startup)
    test_uart3                               0x080084ad   Thumb Code    32  app_pid_test.o(i.test_uart3)
    trapmf                                   0x080084fd   Thumb Code   130  fuzzypid.o(i.trapmf)
    version                                  0x08008655   Thumb Code    10  cmd_1.o(i.version)
    zmf                                      0x0800865f   Thumb Code   188  fuzzypid.o(i.zmf)
    AHBPrescTable                            0x0800872c   Data          16  system_stm32f1xx.o(.constdata)
    APBPrescTable                            0x0800873c   Data           8  system_stm32f1xx.o(.constdata)
    step_sequence                            0x0800876d   Data          32  stepper.o(.constdata)
    __lowest_bit_bitmap                      0x0800878d   Data         256  kservice.o(.constdata)
    __ctype_table                            0x08008a20   Data         129  ctype_o.o(.constdata)
    __fsym___cmd_pid_sim_name                0x08008aec   Data          14  app_pid_test.o(.rodata.name)
    __fsym___cmd_pid_sim_desc                0x08008afa   Data          25  app_pid_test.o(.rodata.name)
    __fsym___cmd_pid_test_name               0x08008b13   Data          15  app_pid_test.o(.rodata.name)
    __fsym___cmd_pid_test_desc               0x08008b22   Data          20  app_pid_test.o(.rodata.name)
    __fsym___cmd_pid_matlab_name             0x08008b36   Data          17  app_pid_test.o(.rodata.name)
    __fsym___cmd_pid_matlab_desc             0x08008b47   Data          27  app_pid_test.o(.rodata.name)
    __fsym___cmd_test_uart3_name             0x08008b62   Data          17  app_pid_test.o(.rodata.name)
    __fsym___cmd_test_uart3_desc             0x08008b73   Data          14  app_pid_test.o(.rodata.name)
    __fsym___cmd_led_name                    0x08008b81   Data          10  cmd.o(.rodata.name)
    __fsym___cmd_led_desc                    0x08008b8b   Data          39  cmd.o(.rodata.name)
    __fsym___cmd_lora_test_name              0x08008bb2   Data          16  cmd.o(.rodata.name)
    __fsym___cmd_lora_test_desc              0x08008bc2   Data          22  cmd.o(.rodata.name)
    __fsym___cmd_lora_send_name              0x08008bd8   Data          16  cmd.o(.rodata.name)
    __fsym___cmd_lora_send_desc              0x08008be8   Data          18  cmd.o(.rodata.name)
    __fsym___cmd_motor_rev_name              0x08008bfa   Data          16  stepper.o(.rodata.name)
    __fsym___cmd_motor_rev_desc              0x08008c0a   Data          41  stepper.o(.rodata.name)
    __fsym_hello_name                        0x08008c33   Data           6  cmd_1.o(.rodata.name)
    __fsym_hello_desc                        0x08008c39   Data          16  cmd_1.o(.rodata.name)
    __fsym_version_name                      0x08008c49   Data           8  cmd_1.o(.rodata.name)
    __fsym_version_desc                      0x08008c51   Data          35  cmd_1.o(.rodata.name)
    __fsym___cmd_version_name                0x08008c74   Data          14  cmd_1.o(.rodata.name)
    __fsym___cmd_version_desc                0x08008c82   Data          35  cmd_1.o(.rodata.name)
    __fsym_list_thread_name                  0x08008ca5   Data          12  cmd_1.o(.rodata.name)
    __fsym_list_thread_desc                  0x08008cb1   Data          12  cmd_1.o(.rodata.name)
    __fsym___cmd_list_thread_name            0x08008cbd   Data          18  cmd_1.o(.rodata.name)
    __fsym___cmd_list_thread_desc            0x08008ccf   Data          12  cmd_1.o(.rodata.name)
    __fsym_list_sem_name                     0x08008cdb   Data           9  cmd_1.o(.rodata.name)
    __fsym_list_sem_desc                     0x08008ce4   Data          25  cmd_1.o(.rodata.name)
    __fsym___cmd_list_sem_name               0x08008cfd   Data          15  cmd_1.o(.rodata.name)
    __fsym___cmd_list_sem_desc               0x08008d0c   Data          25  cmd_1.o(.rodata.name)
    __fsym_list_mutex_name                   0x08008d25   Data          11  cmd_1.o(.rodata.name)
    __fsym_list_mutex_desc                   0x08008d30   Data          21  cmd_1.o(.rodata.name)
    __fsym___cmd_list_mutex_name             0x08008d45   Data          17  cmd_1.o(.rodata.name)
    __fsym___cmd_list_mutex_desc             0x08008d56   Data          21  cmd_1.o(.rodata.name)
    __fsym_list_mailbox_name                 0x08008d6b   Data          13  cmd_1.o(.rodata.name)
    __fsym_list_mailbox_desc                 0x08008d78   Data          24  cmd_1.o(.rodata.name)
    __fsym___cmd_list_mailbox_name           0x08008d90   Data          19  cmd_1.o(.rodata.name)
    __fsym___cmd_list_mailbox_desc           0x08008da3   Data          24  cmd_1.o(.rodata.name)
    __fsym_list_timer_name                   0x08008dbb   Data          11  cmd_1.o(.rodata.name)
    __fsym_list_timer_desc                   0x08008dc6   Data          21  cmd_1.o(.rodata.name)
    __fsym___cmd_list_timer_name             0x08008ddb   Data          17  cmd_1.o(.rodata.name)
    __fsym___cmd_list_timer_desc             0x08008dec   Data          21  cmd_1.o(.rodata.name)
    __fsym_list_name                         0x08008e01   Data           5  cmd_1.o(.rodata.name)
    __fsym_list_desc                         0x08008e06   Data          26  cmd_1.o(.rodata.name)
    __fsym___cmd_help_name                   0x08008e20   Data          11  msh.o(.rodata.name)
    __fsym___cmd_help_desc                   0x08008e2b   Data          22  msh.o(.rodata.name)
    __fsym___cmd_ps_name                     0x08008e41   Data           9  msh.o(.rodata.name)
    __fsym___cmd_ps_desc                     0x08008e4a   Data          28  msh.o(.rodata.name)
    __fsym___cmd_free_name                   0x08008e66   Data          11  msh.o(.rodata.name)
    __fsym___cmd_free_desc                   0x08008e71   Data          37  msh.o(.rodata.name)
    __fsym_list_mem_name                     0x08008e96   Data           9  mem.o(.rodata.name)
    __fsym_list_mem_desc                     0x08008e9f   Data          30  mem.o(.rodata.name)
    __rt_init_rti_start                      0x08008ec0   Data           4  components.o(.rti_fn.0)
    __rt_init_rti_board_start                0x08008ec4   Data           4  components.o(.rti_fn.0.end)
    __rt_init_uart_init                      0x08008ec8   Data           4  board.o(.rti_fn.1)
    __rt_init_rti_board_end                  0x08008ecc   Data           4  components.o(.rti_fn.1.end)
    __rt_init_stepper_init                   0x08008ed0   Data           4  stepper.o(.rti_fn.6)
    __rt_init_finsh_system_init              0x08008ed4   Data           4  shell.o(.rti_fn.6)
    __rt_init_rti_end                        0x08008ed8   Data           4  components.o(.rti_fn.6.end)
    FSymTab$$Base                            0x08008edc   Number         0  app_pid_test.o(FSymTab)
    __fsym___cmd_pid_sim                     0x08008edc   Data          12  app_pid_test.o(FSymTab)
    __fsym___cmd_pid_test                    0x08008ee8   Data          12  app_pid_test.o(FSymTab)
    __fsym___cmd_pid_matlab                  0x08008ef4   Data          12  app_pid_test.o(FSymTab)
    __fsym___cmd_test_uart3                  0x08008f00   Data          12  app_pid_test.o(FSymTab)
    __fsym___cmd_led                         0x08008f0c   Data          12  cmd.o(FSymTab)
    __fsym___cmd_lora_test                   0x08008f18   Data          12  cmd.o(FSymTab)
    __fsym___cmd_lora_send                   0x08008f24   Data          12  cmd.o(FSymTab)
    __fsym___cmd_motor_rev                   0x08008f30   Data          12  stepper.o(FSymTab)
    __fsym_hello                             0x08008f3c   Data          12  cmd_1.o(FSymTab)
    __fsym_version                           0x08008f48   Data          12  cmd_1.o(FSymTab)
    __fsym___cmd_version                     0x08008f54   Data          12  cmd_1.o(FSymTab)
    __fsym_list_thread                       0x08008f60   Data          12  cmd_1.o(FSymTab)
    __fsym___cmd_list_thread                 0x08008f6c   Data          12  cmd_1.o(FSymTab)
    __fsym_list_sem                          0x08008f78   Data          12  cmd_1.o(FSymTab)
    __fsym___cmd_list_sem                    0x08008f84   Data          12  cmd_1.o(FSymTab)
    __fsym_list_mutex                        0x08008f90   Data          12  cmd_1.o(FSymTab)
    __fsym___cmd_list_mutex                  0x08008f9c   Data          12  cmd_1.o(FSymTab)
    __fsym_list_mailbox                      0x08008fa8   Data          12  cmd_1.o(FSymTab)
    __fsym___cmd_list_mailbox                0x08008fb4   Data          12  cmd_1.o(FSymTab)
    __fsym_list_timer                        0x08008fc0   Data          12  cmd_1.o(FSymTab)
    __fsym___cmd_list_timer                  0x08008fcc   Data          12  cmd_1.o(FSymTab)
    __fsym_list                              0x08008fd8   Data          12  cmd_1.o(FSymTab)
    __fsym___cmd_help                        0x08008fe4   Data          12  msh.o(FSymTab)
    __fsym___cmd_ps                          0x08008ff0   Data          12  msh.o(FSymTab)
    __fsym___cmd_free                        0x08008ffc   Data          12  msh.o(FSymTab)
    __fsym_list_mem                          0x08009008   Data          12  mem.o(FSymTab)
    FSymTab$$Limit                           0x08009014   Number         0  mem.o(FSymTab)
    Region$$Table$$Base                      0x08009014   Number         0  anon$$obj.o(Region$$Table)
    Region$$Table$$Limit                     0x08009034   Number         0  anon$$obj.o(Region$$Table)
    g_current_temp                           0x20000000   Data           4  main.o(.data)
    g_target_temp                            0x20000004   Data           4  main.o(.data)
    tid                                      0x20000008   Data           4  main.o(.data)
    uwTickFreq                               0x2000000c   Data           1  stm32f1xx_hal.o(.data)
    uwTickPrio                               0x20000010   Data           4  stm32f1xx_hal.o(.data)
    uwTick                                   0x20000014   Data           4  stm32f1xx_hal.o(.data)
    SystemCoreClock                          0x20000018   Data           4  system_stm32f1xx.o(.data)
    target_temperature                       0x20000020   Data           4  app_pid_test.o(.data)
    is_matlab_mode                           0x20000024   Data           1  app_pid_test.o(.data)
    g_pid_kp                                 0x20000028   Data           4  app_pid_test.o(.data)
    g_pid_ki                                 0x2000002c   Data           4  app_pid_test.o(.data)
    g_pid_kd                                 0x20000030   Data           4  app_pid_test.o(.data)
    is_lora_enable                           0x200003a4   Data           1  app_lora_node.o(.data)
    _syscall_table_begin                     0x200003c8   Data           4  shell.o(.data)
    _syscall_table_end                       0x200003cc   Data           4  shell.o(.data)
    _sysvar_table_begin                      0x200003d0   Data           4  shell.o(.data)
    _sysvar_table_end                        0x200003d4   Data           4  shell.o(.data)
    shell                                    0x200003dc   Data           4  shell.o(.data)
    rt_interrupt_from_thread                 0x200003e4   Data           4  cpuport.o(.data)
    rt_interrupt_to_thread                   0x200003e8   Data           4  cpuport.o(.data)
    rt_thread_switch_interrupt_flag          0x200003ec   Data           4  cpuport.o(.data)
    rt_interrupt_nest                        0x200003f4   Data           1  irq.o(.data)
    rt_current_priority                      0x20000460   Data           1  scheduler.o(.data)
    rt_current_thread                        0x20000464   Data           4  scheduler.o(.data)
    rt_thread_ready_priority_group           0x20000468   Data           4  scheduler.o(.data)
    rt_thread_defunct                        0x2000046c   Data           8  scheduler.o(.data)
    __stdout                                 0x20000484   Data           4  stdout.o(.data)
    __microlib_freelist                      0x20000488   Data           4  mvars.o(.data)
    __microlib_freelist_initialised          0x2000048c   Data           4  mvars.o(.data)
    hspi1                                    0x20000494   Data          88  spi.o(.bss)
    huart1                                   0x200004ec   Data          72  usart.o(.bss)
    huart3                                   0x20000534   Data          72  usart.o(.bss)
    htim6                                    0x2000057c   Data          72  stm32f1xx_hal_timebase_tim.o(.bss)
    lora_hw                                  0x200005c8   Data          28  bsp_lora.o(.bss)
    lora                                     0x200005e8   Data         280  bsp_lora.o(.bss)
    rx3_buf                                  0x20000700   Data          10  app_pid_test.o(.bss)
    rt_thread_priority_table                 0x20000b24   Data         256  scheduler.o(.bss)
    __heap_base                              0x20004828   Data           0  startup_stm32f103xe.o(HEAP)
    __heap_limit                             0x20004a28   Data           0  startup_stm32f103xe.o(HEAP)
    __initial_sp                             0x20004e28   Data           0  startup_stm32f103xe.o(STACK)



==============================================================================

Memory Map of the image

  Image Entry point : 0x08000131

  Load Region LR_IROM1 (Base: 0x08000000, Size: 0x000094c8, Max: 0x00080000, ABSOLUTE, COMPRESSED[0x0000914c])

    Execution Region ER_IROM1 (Exec base: 0x08000000, Load base: 0x08000000, Size: 0x00009034, Max: 0x00080000, ABSOLUTE)

    Exec Addr    Load Addr    Size         Type   Attr      Idx    E Section Name        Object

    0x08000000   0x08000000   0x00000130   Data   RO            3    RESET               startup_stm32f103xe.o
    0x08000130   0x08000130   0x00000000   Code   RO         5338  * .ARM.Collect$$$$00000000  mc_w.l(entry.o)
    0x08000130   0x08000130   0x00000004   Code   RO         5698    .ARM.Collect$$$$00000001  mc_w.l(entry2.o)
    0x08000134   0x08000134   0x00000004   Code   RO         5701    .ARM.Collect$$$$00000004  mc_w.l(entry5.o)
    0x08000138   0x08000138   0x00000000   Code   RO         5703    .ARM.Collect$$$$00000008  mc_w.l(entry7b.o)
    0x08000138   0x08000138   0x00000000   Code   RO         5705    .ARM.Collect$$$$0000000A  mc_w.l(entry8b.o)
    0x08000138   0x08000138   0x00000008   Code   RO         5706    .ARM.Collect$$$$0000000B  mc_w.l(entry9a.o)
    0x08000140   0x08000140   0x00000004   Code   RO         5713    .ARM.Collect$$$$0000000E  mc_w.l(entry12b.o)
    0x08000144   0x08000144   0x00000000   Code   RO         5708    .ARM.Collect$$$$0000000F  mc_w.l(entry10a.o)
    0x08000144   0x08000144   0x00000000   Code   RO         5710    .ARM.Collect$$$$00000011  mc_w.l(entry11a.o)
    0x08000144   0x08000144   0x00000004   Code   RO         5699    .ARM.Collect$$$$00002712  mc_w.l(entry2.o)
    0x08000148   0x08000148   0x00000024   Code   RO            4    .text               startup_stm32f103xe.o
    0x0800016c   0x0800016c   0x000000f4   Code   RO         4203    .text               context_rvds.o
    0x08000260   0x08000260   0x00000062   Code   RO         5341    .text               mc_w.l(uldiv.o)
    0x080002c2   0x080002c2   0x00000020   Code   RO         5343    .text               mc_w.l(llushr.o)
    0x080002e2   0x080002e2   0x00000002   PAD
    0x080002e4   0x080002e4   0x00000024   Code   RO         5345    .text               mc_w.l(rand.o)
    0x08000308   0x08000308   0x00000024   Code   RO         5348    .text               mc_w.l(memcpya.o)
    0x0800032c   0x0800032c   0x00000024   Code   RO         5350    .text               mc_w.l(memseta.o)
    0x08000350   0x08000350   0x00000018   Code   RO         5352    .text               mc_w.l(strcat.o)
    0x08000368   0x08000368   0x00000018   Code   RO         5354    .text               mc_w.l(strncpy.o)
    0x08000380   0x08000380   0x0000000e   Code   RO         5356    .text               mc_w.l(strlen.o)
    0x0800038e   0x0800038e   0x0000001c   Code   RO         5358    .text               mc_w.l(strcmp.o)
    0x080003aa   0x080003aa   0x00000012   Code   RO         5360    .text               mc_w.l(strcpy.o)
    0x080003bc   0x080003bc   0x0000001e   Code   RO         5362    .text               mc_w.l(strncmp.o)
    0x080003da   0x080003da   0x0000001a   Code   RO         5654    .text               mc_w.l(atoi.o)
    0x080003f4   0x080003f4   0x000000b0   Code   RO         5656    .text               mf_w.l(fadd.o)
    0x080004a4   0x080004a4   0x00000064   Code   RO         5658    .text               mf_w.l(fmul.o)
    0x08000508   0x08000508   0x0000007c   Code   RO         5660    .text               mf_w.l(fdiv.o)
    0x08000584   0x08000584   0x00000018   Code   RO         5662    .text               mf_w.l(fscalb.o)
    0x0800059c   0x0800059c   0x000000e4   Code   RO         5664    .text               mf_w.l(dmul.o)
    0x08000680   0x08000680   0x00000012   Code   RO         5666    .text               mf_w.l(fflti.o)
    0x08000692   0x08000692   0x00000032   Code   RO         5668    .text               mf_w.l(ffixi.o)
    0x080006c4   0x080006c4   0x00000028   Code   RO         5670    .text               mf_w.l(ffixui.o)
    0x080006ec   0x080006ec   0x00000026   Code   RO         5674    .text               mf_w.l(f2d.o)
    0x08000712   0x08000712   0x00000038   Code   RO         5676    .text               mf_w.l(d2f.o)
    0x0800074a   0x0800074a   0x00000002   PAD
    0x0800074c   0x0800074c   0x00000014   Code   RO         5678    .text               mf_w.l(cfcmple.o)
    0x08000760   0x08000760   0x00000014   Code   RO         5680    .text               mf_w.l(cfrcmple.o)
    0x08000774   0x08000774   0x0000001e   Code   RO         5719    .text               mc_w.l(llshl.o)
    0x08000792   0x08000792   0x00000002   PAD
    0x08000794   0x08000794   0x0000009c   Code   RO         5730    .text               mc_w.l(strtod.o)
    0x08000830   0x08000830   0x00000070   Code   RO         5732    .text               mc_w.l(strtol.o)
    0x080008a0   0x080008a0   0x00000000   Code   RO         5734    .text               mc_w.l(iusefp.o)
    0x080008a0   0x080008a0   0x0000006e   Code   RO         5735    .text               mf_w.l(fepilogue.o)
    0x0800090e   0x0800090e   0x0000003c   Code   RO         5737    .text               mf_w.l(frnd.o)
    0x0800094a   0x0800094a   0x000000ba   Code   RO         5739    .text               mf_w.l(depilogue.o)
    0x08000a04   0x08000a04   0x000000de   Code   RO         5743    .text               mf_w.l(ddiv.o)
    0x08000ae2   0x08000ae2   0x0000004c   Code   RO         5747    .text               mf_w.l(ffixir.o)
    0x08000b2e   0x08000b2e   0x00000036   Code   RO         5751    .text               mf_w.l(fcmp4.o)
    0x08000b64   0x08000b64   0x00000004   Code   RO         5753    .text               mf_w.l(fpstat.o)
    0x08000b68   0x08000b68   0x00000024   Code   RO         5755    .text               mc_w.l(init.o)
    0x08000b8c   0x08000b8c   0x00000000   Code   RO         5757    .text               mc_w.l(semi.o)
    0x08000b8c   0x08000b8c   0x00000008   Code   RO         5762    .text               mc_w.l(ctype_o.o)
    0x08000b94   0x08000b94   0x00000012   Code   RO         5784    .text               mc_w.l(isspace_o.o)
    0x08000ba6   0x08000ba6   0x00000002   PAD
    0x08000ba8   0x08000ba8   0x00000360   Code   RO         5790    .text               mc_w.l(scanf_fp.o)
    0x08000f08   0x08000f08   0x00000040   Code   RO         5794    .text               mc_w.l(_sgetc.o)
    0x08000f48   0x08000f48   0x0000009e   Code   RO         5796    .text               mc_w.l(_strtoul.o)
    0x08000fe6   0x08000fe6   0x00000000   Code   RO         5798    .text               mc_w.l(iusesemip.o)
    0x08000fe6   0x08000fe6   0x0000001c   Code   RO         5802    .text               mc_w.l(_chval.o)
    0x08001002   0x08001002   0x00000018   Code   RO         5804    .text               mf_w.l(dfltul.o)
    0x0800101a   0x0800101a   0x00000056   Code   RO         5814    .text               mc_w.l(__dczerorl2.o)
    0x08001070   0x08001070   0x0000000a   Code   RO         4307    i.$Sub$$main        components.o
    0x0800107a   0x0800107a   0x00000002   Code   RO          344    i.BusFault_Handler  stm32f1xx_it.o
    0x0800107c   0x0800107c   0x00000002   Code   RO          345    i.DebugMon_Handler  stm32f1xx_it.o
    0x0800107e   0x0800107e   0x00000006   Code   RO          346    i.EXTI2_IRQHandler  stm32f1xx_it.o
    0x08001084   0x08001084   0x00000004   Code   RO           13    i.Error_Handler     main.o
    0x08001088   0x08001088   0x00000020   Code   RO         3350    i.Get_Random_Delay  app_lora_node.o
    0x080010a8   0x080010a8   0x00000046   Code   RO         1240    i.HAL_DMA_Abort     stm32f1xx_hal_dma.o
    0x080010ee   0x080010ee   0x00000002   PAD
    0x080010f0   0x080010f0   0x00000130   Code   RO         1241    i.HAL_DMA_Abort_IT  stm32f1xx_hal_dma.o
    0x08001220   0x08001220   0x00000002   Code   RO         1174    i.HAL_GPIO_EXTI_Callback  stm32f1xx_hal_gpio.o
    0x08001222   0x08001222   0x00000002   PAD
    0x08001224   0x08001224   0x00000018   Code   RO         1175    i.HAL_GPIO_EXTI_IRQHandler  stm32f1xx_hal_gpio.o
    0x0800123c   0x0800123c   0x000001f8   Code   RO         1176    i.HAL_GPIO_Init     stm32f1xx_hal_gpio.o
    0x08001434   0x08001434   0x0000000a   Code   RO         1178    i.HAL_GPIO_ReadPin  stm32f1xx_hal_gpio.o
    0x0800143e   0x0800143e   0x00000010   Code   RO         1179    i.HAL_GPIO_TogglePin  stm32f1xx_hal_gpio.o
    0x0800144e   0x0800144e   0x0000000a   Code   RO         1180    i.HAL_GPIO_WritePin  stm32f1xx_hal_gpio.o
    0x08001458   0x08001458   0x0000000c   Code   RO          870    i.HAL_GetTick       stm32f1xx_hal.o
    0x08001464   0x08001464   0x0000000c   Code   RO          873    i.HAL_GetUIDw0      stm32f1xx_hal.o
    0x08001470   0x08001470   0x0000000c   Code   RO          874    i.HAL_GetUIDw1      stm32f1xx_hal.o
    0x0800147c   0x0800147c   0x0000000c   Code   RO          875    i.HAL_GetUIDw2      stm32f1xx_hal.o
    0x08001488   0x08001488   0x00000010   Code   RO          876    i.HAL_IncTick       stm32f1xx_hal.o
    0x08001498   0x08001498   0x00000024   Code   RO          877    i.HAL_Init          stm32f1xx_hal.o
    0x080014bc   0x080014bc   0x00000074   Code   RO          462    i.HAL_InitTick      stm32f1xx_hal_timebase_tim.o
    0x08001530   0x08001530   0x0000003c   Code   RO          438    i.HAL_MspInit       stm32f1xx_hal_msp.o
    0x0800156c   0x0800156c   0x0000001a   Code   RO         1336    i.HAL_NVIC_EnableIRQ  stm32f1xx_hal_cortex.o
    0x08001586   0x08001586   0x00000002   PAD
    0x08001588   0x08001588   0x00000040   Code   RO         1342    i.HAL_NVIC_SetPriority  stm32f1xx_hal_cortex.o
    0x080015c8   0x080015c8   0x00000024   Code   RO         1343    i.HAL_NVIC_SetPriorityGrouping  stm32f1xx_hal_cortex.o
    0x080015ec   0x080015ec   0x0000012c   Code   RO         1034    i.HAL_RCC_ClockConfig  stm32f1xx_hal_rcc.o
    0x08001718   0x08001718   0x00000040   Code   RO         1038    i.HAL_RCC_GetClockConfig  stm32f1xx_hal_rcc.o
    0x08001758   0x08001758   0x00000020   Code   RO         1041    i.HAL_RCC_GetPCLK1Freq  stm32f1xx_hal_rcc.o
    0x08001778   0x08001778   0x00000020   Code   RO         1042    i.HAL_RCC_GetPCLK2Freq  stm32f1xx_hal_rcc.o
    0x08001798   0x08001798   0x0000004c   Code   RO         1043    i.HAL_RCC_GetSysClockFreq  stm32f1xx_hal_rcc.o
    0x080017e4   0x080017e4   0x00000320   Code   RO         1046    i.HAL_RCC_OscConfig  stm32f1xx_hal_rcc.o
    0x08001b04   0x08001b04   0x00000002   Code   RO          544    i.HAL_SPI_ErrorCallback  stm32f1xx_hal_spi.o
    0x08001b06   0x08001b06   0x00000006   Code   RO          546    i.HAL_SPI_GetState  stm32f1xx_hal_spi.o
    0x08001b0c   0x08001b0c   0x000000e0   Code   RO          547    i.HAL_SPI_IRQHandler  stm32f1xx_hal_spi.o
    0x08001bec   0x08001bec   0x000000b2   Code   RO          548    i.HAL_SPI_Init      stm32f1xx_hal_spi.o
    0x08001c9e   0x08001c9e   0x00000002   PAD
    0x08001ca0   0x08001ca0   0x00000080   Code   RO          255    i.HAL_SPI_MspInit   spi.o
    0x08001d20   0x08001d20   0x00000166   Code   RO          556    i.HAL_SPI_Transmit  stm32f1xx_hal_spi.o
    0x08001e86   0x08001e86   0x000001f0   Code   RO          557    i.HAL_SPI_TransmitReceive  stm32f1xx_hal_spi.o
    0x08002076   0x08002076   0x00000002   Code   RO         2542    i.HAL_TIMEx_BreakCallback  stm32f1xx_hal_tim_ex.o
    0x08002078   0x08002078   0x00000002   Code   RO         2543    i.HAL_TIMEx_CommutCallback  stm32f1xx_hal_tim_ex.o
    0x0800207a   0x0800207a   0x0000005a   Code   RO         1838    i.HAL_TIM_Base_Init  stm32f1xx_hal_tim.o
    0x080020d4   0x080020d4   0x00000002   Code   RO         1840    i.HAL_TIM_Base_MspInit  stm32f1xx_hal_tim.o
    0x080020d6   0x080020d6   0x00000002   PAD
    0x080020d8   0x080020d8   0x0000006c   Code   RO         1843    i.HAL_TIM_Base_Start_IT  stm32f1xx_hal_tim.o
    0x08002144   0x08002144   0x00000002   Code   RO         1872    i.HAL_TIM_IC_CaptureCallback  stm32f1xx_hal_tim.o
    0x08002146   0x08002146   0x00000130   Code   RO         1886    i.HAL_TIM_IRQHandler  stm32f1xx_hal_tim.o
    0x08002276   0x08002276   0x00000002   Code   RO         1889    i.HAL_TIM_OC_DelayElapsedCallback  stm32f1xx_hal_tim.o
    0x08002278   0x08002278   0x00000002   Code   RO         1916    i.HAL_TIM_PWM_PulseFinishedCallback  stm32f1xx_hal_tim.o
    0x0800227a   0x0800227a   0x00000002   PAD
    0x0800227c   0x0800227c   0x00000014   Code   RO           14    i.HAL_TIM_PeriodElapsedCallback  main.o
    0x08002290   0x08002290   0x00000002   Code   RO         1929    i.HAL_TIM_TriggerCallback  stm32f1xx_hal_tim.o
    0x08002292   0x08002292   0x00000002   Code   RO         2821    i.HAL_UARTEx_RxEventCallback  stm32f1xx_hal_uart.o
    0x08002294   0x08002294   0x00000002   Code   RO         2825    i.HAL_UART_AbortReceiveCpltCallback  stm32f1xx_hal_uart.o
    0x08002296   0x08002296   0x00000002   PAD
    0x08002298   0x08002298   0x00000098   Code   RO         2826    i.HAL_UART_AbortReceive_IT  stm32f1xx_hal_uart.o
    0x08002330   0x08002330   0x00000002   Code   RO         2835    i.HAL_UART_ErrorCallback  stm32f1xx_hal_uart.o
    0x08002332   0x08002332   0x00000002   PAD
    0x08002334   0x08002334   0x0000026c   Code   RO         2838    i.HAL_UART_IRQHandler  stm32f1xx_hal_uart.o
    0x080025a0   0x080025a0   0x00000064   Code   RO         2839    i.HAL_UART_Init     stm32f1xx_hal_uart.o
    0x08002604   0x08002604   0x000000dc   Code   RO          297    i.HAL_UART_MspInit  usart.o
    0x080026e0   0x080026e0   0x0000001c   Code   RO         2844    i.HAL_UART_Receive_IT  stm32f1xx_hal_uart.o
    0x080026fc   0x080026fc   0x00000014   Code   RO           15    i.HAL_UART_RxCpltCallback  main.o
    0x08002710   0x08002710   0x000000a0   Code   RO         2847    i.HAL_UART_Transmit  stm32f1xx_hal_uart.o
    0x080027b0   0x080027b0   0x00000002   Code   RO         2850    i.HAL_UART_TxCpltCallback  stm32f1xx_hal_uart.o
    0x080027b2   0x080027b2   0x00000002   PAD
    0x080027b4   0x080027b4   0x00000048   Code   RO         3351    i.Is_Channel_Busy   app_lora_node.o
    0x080027fc   0x080027fc   0x0000000c   Code   RO         3352    i.LoRa_Get_Current_RSSI  app_lora_node.o
    0x08002808   0x08002808   0x00000118   Code   RO         3210    i.LoRa_Init         bsp_lora.o
    0x08002920   0x08002920   0x000000a0   Code   RO         3211    i.LoRa_Send_Data    bsp_lora.o
    0x080029c0   0x080029c0   0x00000128   Code   RO          226    i.MX_GPIO_Init      gpio.o
    0x08002ae8   0x08002ae8   0x00000048   Code   RO          256    i.MX_SPI1_Init      spi.o
    0x08002b30   0x08002b30   0x00000038   Code   RO          298    i.MX_USART1_UART_Init  usart.o
    0x08002b68   0x08002b68   0x00000038   Code   RO          299    i.MX_USART3_UART_Init  usart.o
    0x08002ba0   0x08002ba0   0x00000002   Code   RO          347    i.MemManage_Handler  stm32f1xx_it.o
    0x08002ba2   0x08002ba2   0x00000002   Code   RO          348    i.NMI_Handler       stm32f1xx_it.o
    0x08002ba4   0x08002ba4   0x000000ec   Code   RO         3257    i.PID_UART3_RxCpltCallback  app_pid_test.o
    0x08002c90   0x08002c90   0x0000000c   Code   RO          349    i.SPI1_IRQHandler   stm32f1xx_it.o
    0x08002c9c   0x08002c9c   0x00000010   Code   RO          575    i.SPI_DMAAbortOnError  stm32f1xx_hal_spi.o
    0x08002cac   0x08002cac   0x00000034   Code   RO          586    i.SPI_EndRxTxTransaction  stm32f1xx_hal_spi.o
    0x08002ce0   0x08002ce0   0x000000b8   Code   RO          591    i.SPI_WaitFlagStateUntilTimeout  stm32f1xx_hal_spi.o
    0x08002d98   0x08002d98   0x00000002   Code   RO          350    i.SVC_Handler       stm32f1xx_it.o
    0x08002d9a   0x08002d9a   0x0000006e   Code   RO         3409    i.SX1278_LoRaEntryRx  sx1278.o
    0x08002e08   0x08002e08   0x00000080   Code   RO         3410    i.SX1278_LoRaEntryTx  sx1278.o
    0x08002e88   0x08002e88   0x0000005a   Code   RO         3411    i.SX1278_LoRaRxPacket  sx1278.o
    0x08002ee2   0x08002ee2   0x00000056   Code   RO         3412    i.SX1278_LoRaTxPacket  sx1278.o
    0x08002f38   0x08002f38   0x0000000e   Code   RO         3414    i.SX1278_RSSI_LoRa  sx1278.o
    0x08002f46   0x08002f46   0x00000042   Code   RO         3415    i.SX1278_SPIBurstRead  sx1278.o
    0x08002f88   0x08002f88   0x00000046   Code   RO         3416    i.SX1278_SPIBurstWrite  sx1278.o
    0x08002fce   0x08002fce   0x0000001e   Code   RO         3417    i.SX1278_SPIRead    sx1278.o
    0x08002fec   0x08002fec   0x0000002e   Code   RO         3418    i.SX1278_SPIWrite   sx1278.o
    0x0800301a   0x0800301a   0x00000004   Code   RO         3419    i.SX1278_available  sx1278.o
    0x0800301e   0x0800301e   0x00000008   Code   RO         3420    i.SX1278_clearLoRaIrq  sx1278.o
    0x08003026   0x08003026   0x00000002   PAD
    0x08003028   0x08003028   0x00000148   Code   RO         3421    i.SX1278_config     sx1278.o
    0x08003170   0x08003170   0x00000008   Code   RO         3422    i.SX1278_entryLoRa  sx1278.o
    0x08003178   0x08003178   0x00000004   Code   RO         3545    i.SX1278_hw_DelayMs  sx1278_hw.o
    0x0800317c   0x0800317c   0x00000014   Code   RO         3546    i.SX1278_hw_GetDIO0  sx1278_hw.o
    0x08003190   0x08003190   0x00000030   Code   RO         3547    i.SX1278_hw_Reset   sx1278_hw.o
    0x080031c0   0x080031c0   0x00000024   Code   RO         3548    i.SX1278_hw_SPICommand  sx1278_hw.o
    0x080031e4   0x080031e4   0x00000038   Code   RO         3549    i.SX1278_hw_SPIReadByte  sx1278_hw.o
    0x0800321c   0x0800321c   0x00000014   Code   RO         3550    i.SX1278_hw_SetNSS  sx1278_hw.o
    0x08003230   0x08003230   0x0000001a   Code   RO         3551    i.SX1278_hw_init    sx1278_hw.o
    0x0800324a   0x0800324a   0x0000003a   Code   RO         3423    i.SX1278_init       sx1278.o
    0x08003284   0x08003284   0x0000002a   Code   RO         3424    i.SX1278_read       sx1278.o
    0x080032ae   0x080032ae   0x00000012   Code   RO         3426    i.SX1278_sleep      sx1278.o
    0x080032c0   0x080032c0   0x00000012   Code   RO         3427    i.SX1278_standby    sx1278.o
    0x080032d2   0x080032d2   0x0000002c   Code   RO         3428    i.SX1278_transmit   sx1278.o
    0x080032fe   0x080032fe   0x00000002   PAD
    0x08003300   0x08003300   0x000001b8   Code   RO         3353    i.Send_Join_Request  app_lora_node.o
    0x080034b8   0x080034b8   0x0000024c   Code   RO         3354    i.Send_Sensor_Data  app_lora_node.o
    0x08003704   0x08003704   0x00000012   Code   RO          351    i.SysTick_Handler   stm32f1xx_it.o
    0x08003716   0x08003716   0x0000005e   Code   RO           16    i.SystemClock_Config  main.o
    0x08003774   0x08003774   0x00000068   Code   RO         3172    i.SystemCoreClockUpdate  system_stm32f1xx.o
    0x080037dc   0x080037dc   0x00000002   Code   RO         3173    i.SystemInit        system_stm32f1xx.o
    0x080037de   0x080037de   0x00000002   PAD
    0x080037e0   0x080037e0   0x0000000c   Code   RO          352    i.TIM6_IRQHandler   stm32f1xx_it.o
    0x080037ec   0x080037ec   0x0000009c   Code   RO         1931    i.TIM_Base_SetConfig  stm32f1xx_hal_tim.o
    0x08003888   0x08003888   0x00000010   Code   RO         2852    i.UART_DMAAbortOnError  stm32f1xx_hal_uart.o
    0x08003898   0x08003898   0x00000016   Code   RO         2857    i.UART_DMARxOnlyAbortCallback  stm32f1xx_hal_uart.o
    0x080038ae   0x080038ae   0x0000004e   Code   RO         2862    i.UART_EndRxTransfer  stm32f1xx_hal_uart.o
    0x080038fc   0x080038fc   0x000000c2   Code   RO         2864    i.UART_Receive_IT   stm32f1xx_hal_uart.o
    0x080039be   0x080039be   0x00000002   PAD
    0x080039c0   0x080039c0   0x000000b8   Code   RO         2865    i.UART_SetConfig    stm32f1xx_hal_uart.o
    0x08003a78   0x08003a78   0x00000036   Code   RO         2867    i.UART_Start_Receive_IT  stm32f1xx_hal_uart.o
    0x08003aae   0x08003aae   0x00000072   Code   RO         2868    i.UART_WaitOnFlagUntilTimeout  stm32f1xx_hal_uart.o
    0x08003b20   0x08003b20   0x0000000c   Code   RO          353    i.USART1_IRQHandler  stm32f1xx_it.o
    0x08003b2c   0x08003b2c   0x0000000c   Code   RO          354    i.USART3_IRQHandler  stm32f1xx_it.o
    0x08003b38   0x08003b38   0x00000002   Code   RO          355    i.UsageFault_Handler  stm32f1xx_it.o
    0x08003b3a   0x08003b3a   0x00000002   PAD
    0x08003b3c   0x08003b3c   0x00000094   Code   RO           17    i.User_App_Start    main.o
    0x08003bd0   0x08003bd0   0x00000010   Code   RO         5367    i.__0printf$bare    mc_w.l(printfb.o)
    0x08003be0   0x08003be0   0x00000026   Code   RO         5682    i.__ARM_fpclassifyf  m_ws.l(fpclassifyf.o)
    0x08003c06   0x08003c06   0x00000020   Code   RO         1349    i.__NVIC_SetPriority  stm32f1xx_hal_cortex.o
    0x08003c26   0x08003c26   0x00000002   PAD
    0x08003c28   0x08003c28   0x00000008   Code   RO         5723    i.__aeabi_errno_addr  mc_w.l(errno.o)
    0x08003c30   0x08003c30   0x0000000a   Code   RO         5684    i.__mathlib_flt_divzero  m_ws.l(funder.o)
    0x08003c3a   0x08003c3a   0x00000006   Code   RO         5685    i.__mathlib_flt_infnan  m_ws.l(funder.o)
    0x08003c40   0x08003c40   0x00000004   Code   RO         5686    i.__mathlib_flt_infnan2  m_ws.l(funder.o)
    0x08003c44   0x08003c44   0x00000008   Code   RO         5687    i.__mathlib_flt_invalid  m_ws.l(funder.o)
    0x08003c4c   0x08003c4c   0x0000000a   Code   RO         5688    i.__mathlib_flt_overflow  m_ws.l(funder.o)
    0x08003c56   0x08003c56   0x0000000a   Code   RO         5690    i.__mathlib_flt_underflow  m_ws.l(funder.o)
    0x08003c60   0x08003c60   0x0000000c   Code   RO         5724    i.__read_errno      mc_w.l(errno.o)
    0x08003c6c   0x08003c6c   0x00000044   Code   RO         4606    i.__rt_ffs          kservice.o
    0x08003cb0   0x08003cb0   0x0000000e   Code   RO         5808    i.__scatterload_copy  mc_w.l(handlers.o)
    0x08003cbe   0x08003cbe   0x00000002   Code   RO         5809    i.__scatterload_null  mc_w.l(handlers.o)
    0x08003cc0   0x08003cc0   0x0000000e   Code   RO         5810    i.__scatterload_zeroinit  mc_w.l(handlers.o)
    0x08003cce   0x08003cce   0x00000002   PAD
    0x08003cd0   0x08003cd0   0x0000000c   Code   RO         5725    i.__set_errno       mc_w.l(errno.o)
    0x08003cdc   0x08003cdc   0x0000000e   Code   RO         5792    i._is_digit         mc_w.l(scanf_fp.o)
    0x08003cea   0x08003cea   0x00000002   PAD
    0x08003cec   0x08003cec   0x0000009c   Code   RO         4052    i._msh_exec_cmd     msh.o
    0x08003d88   0x08003d88   0x00000022   Code   RO         5374    i._printf_core      mc_w.l(printfb.o)
    0x08003daa   0x08003daa   0x00000002   PAD
    0x08003dac   0x08003dac   0x00000080   Code   RO         4998    i._rt_thread_init   thread.o
    0x08003e2c   0x08003e2c   0x0000001c   Code   RO         5128    i._rt_timer_init    timer.o
    0x08003e48   0x08003e48   0x00000006   Code   RO         5129    i._rt_timer_remove  timer.o
    0x08003e4e   0x08003e4e   0x0000001c   Code   RO         4999    i._thread_cleanup_execute  thread.o
    0x08003e6a   0x08003e6a   0x00000032   Code   RO         3714    i.and               fuzzypid.o
    0x08003e9c   0x08003e9c   0x0000002a   Code   RO         5311    i.atof              m_ws.l(atof.o)
    0x08003ec6   0x08003ec6   0x00000002   PAD
    0x08003ec8   0x08003ec8   0x000000e8   Code   RO         4207    i.bus_fault_track   cpuport.o
    0x08003fb0   0x08003fb0   0x0000000a   Code   RO         4053    i.cmd_free          msh.o
    0x08003fba   0x08003fba   0x0000000a   Code   RO         4054    i.cmd_ps            msh.o
    0x08003fc4   0x08003fc4   0x0000001a   Code   RO         3715    i.delete_fuzzy      fuzzypid.o
    0x08003fde   0x08003fde   0x00000016   Code   RO         3716    i.delete_pid        fuzzypid.o
    0x08003ff4   0x08003ff4   0x00000024   Code   RO         3717    i.delete_pid_vector  fuzzypid.o
    0x08004018   0x08004018   0x0000004c   Code   RO         3718    i.df                fuzzypid.o
    0x08004064   0x08004064   0x0000000c   Code   RO         3719    i.direct_control    fuzzypid.o
    0x08004070   0x08004070   0x00000054   Code   RO         3720    i.equilibrium       fuzzypid.o
    0x080040c4   0x080040c4   0x00000170   Code   RO         5315    i.expf              m_ws.l(expf.o)
    0x08004234   0x08004234   0x00000060   Code   RO         4124    i.finsh_get_prompt  shell.o
    0x08004294   0x08004294   0x00000014   Code   RO         4128    i.finsh_set_prompt_mode  shell.o
    0x080042a8   0x080042a8   0x0000000c   Code   RO         4129    i.finsh_system_function_init  shell.o
    0x080042b4   0x080042b4   0x00000094   Code   RO         4130    i.finsh_system_init  shell.o
    0x08004348   0x08004348   0x0000028c   Code   RO         4132    i.finsh_thread_entry  shell.o
    0x080045d4   0x080045d4   0x00000028   Code   RO         5334    i.fmaxf             m_ws.l(fmaxf.o)
    0x080045fc   0x080045fc   0x00000028   Code   RO         5336    i.fminf             m_ws.l(fminf.o)
    0x08004624   0x08004624   0x0000001a   Code   RO         3721    i.fo                fuzzypid.o
    0x0800463e   0x0800463e   0x00000012   Code   RO         5714    i.fputc             mc_w.l(fputc.o)
    0x08004650   0x08004650   0x00000050   Code   RO         5626    i.free              mc_w.l(malloc.o)
    0x080046a0   0x080046a0   0x000000f4   Code   RO         3722    i.fuzzy_control     fuzzypid.o
    0x08004794   0x08004794   0x00000028   Code   RO         3723    i.fuzzy_init        fuzzypid.o
    0x080047bc   0x080047bc   0x0000003a   Code   RO         3724    i.fuzzy_params_init  fuzzypid.o
    0x080047f6   0x080047f6   0x00000002   PAD
    0x080047f8   0x080047f8   0x00000100   Code   RO         3725    i.fuzzy_pid_control  fuzzypid.o
    0x080048f8   0x080048f8   0x00000078   Code   RO         3726    i.fuzzy_pid_init    fuzzypid.o
    0x08004970   0x08004970   0x00000026   Code   RO         3727    i.fuzzy_pid_motor_pwd_output  fuzzypid.o
    0x08004996   0x08004996   0x00000002   PAD
    0x08004998   0x08004998   0x0000004c   Code   RO         3728    i.fuzzy_pid_vector_init  fuzzypid.o
    0x080049e4   0x080049e4   0x00000078   Code   RO         4208    i.hard_fault_track  cpuport.o
    0x08004a5c   0x08004a5c   0x00000020   Code   RO         3918    i.hello             cmd_1.o
    0x08004a7c   0x08004a7c   0x00000184   Code   RO         3625    i.led_ctrl          cmd.o
    0x08004c00   0x08004c00   0x00000010   Code   RO         3731    i.limit             fuzzypid.o
    0x08004c10   0x08004c10   0x00000064   Code   RO         3919    i.list              cmd_1.o
    0x08004c74   0x08004c74   0x00000024   Code   RO         3920    i.list_find_init    cmd_1.o
    0x08004c98   0x08004c98   0x00000066   Code   RO         3921    i.list_get_next     cmd_1.o
    0x08004cfe   0x08004cfe   0x00000002   PAD
    0x08004d00   0x08004d00   0x00000144   Code   RO         3922    i.list_mailbox      cmd_1.o
    0x08004e44   0x08004e44   0x0000006c   Code   RO         4783    i.list_mem          mem.o
    0x08004eb0   0x08004eb0   0x000000f8   Code   RO         3923    i.list_mutex        cmd_1.o
    0x08004fa8   0x08004fa8   0x0000011c   Code   RO         3924    i.list_sem          cmd_1.o
    0x080050c4   0x080050c4   0x000001b8   Code   RO         3925    i.list_thread       cmd_1.o
    0x0800527c   0x0800527c   0x00000140   Code   RO         3926    i.list_timer        cmd_1.o
    0x080053bc   0x080053bc   0x00000040   Code   RO         3626    i.lora_send         cmd.o
    0x080053fc   0x080053fc   0x00000034   Code   RO         3627    i.lora_test         cmd.o
    0x08005430   0x08005430   0x0000030c   Code   RO         3355    i.lora_thread_entry  app_lora_node.o
    0x0800573c   0x0800573c   0x000000f0   Code   RO           18    i.main              main.o
    0x0800582c   0x0800582c   0x0000000e   Code   RO         4308    i.main_thread_entry  components.o
    0x0800583a   0x0800583a   0x00000002   PAD
    0x0800583c   0x0800583c   0x0000006c   Code   RO         5627    i.malloc            mc_w.l(malloc.o)
    0x080058a8   0x080058a8   0x000000d8   Code   RO         4209    i.mem_manage_fault_track  cpuport.o
    0x08005980   0x08005980   0x000000f6   Code   RO         3732    i.mf                fuzzypid.o
    0x08005a76   0x08005a76   0x00000002   PAD
    0x08005a78   0x08005a78   0x000000ec   Code   RO         3733    i.moc               fuzzypid.o
    0x08005b64   0x08005b64   0x000001ac   Code   RO         3670    i.motor_rev         stepper.o
    0x08005d10   0x08005d10   0x000000ac   Code   RO         4055    i.msh_auto_complete  msh.o
    0x08005dbc   0x08005dbc   0x00000064   Code   RO         4056    i.msh_exec          msh.o
    0x08005e20   0x08005e20   0x00000078   Code   RO         4057    i.msh_help          msh.o
    0x08005e98   0x08005e98   0x00000004   Code   RO         4058    i.msh_is_used       msh.o
    0x08005e9c   0x08005e9c   0x000000d0   Code   RO         4059    i.msh_split         msh.o
    0x08005f6c   0x08005f6c   0x00000018   Code   RO         3927    i.object_split      cmd_1.o
    0x08005f84   0x08005f84   0x00000040   Code   RO         3734    i.or                fuzzypid.o
    0x08005fc4   0x08005fc4   0x0000014c   Code   RO         3258    i.pid_matlab        app_pid_test.o
    0x08006110   0x08006110   0x00000160   Code   RO         3259    i.pid_sim           app_pid_test.o
    0x08006270   0x08006270   0x00000184   Code   RO         3260    i.pid_test          app_pid_test.o
    0x080063f4   0x080063f4   0x00000054   Code   RO         4784    i.plug_holes        mem.o
    0x08006448   0x08006448   0x00000620   Code   RO         5325    i.powf              m_ws.l(powf.o)
    0x08006a68   0x08006a68   0x00000130   Code   RO         4608    i.print_number      kservice.o
    0x08006b98   0x08006b98   0x00000088   Code   RO         3739    i.raw_fuzzy_pid_init  fuzzypid.o
    0x08006c20   0x08006c20   0x0000002c   Code   RO         4309    i.rt_application_init  components.o
    0x08006c4c   0x08006c4c   0x0000001a   Code   RO         4785    i.rt_calloc         mem.o
    0x08006c66   0x08006c66   0x00000002   PAD
    0x08006c68   0x08006c68   0x0000001c   Code   RO         4310    i.rt_components_board_init  components.o
    0x08006c84   0x08006c84   0x0000001c   Code   RO         4311    i.rt_components_init  components.o
    0x08006ca0   0x08006ca0   0x0000001c   Code   RO         4937    i.rt_enter_critical  scheduler.o
    0x08006cbc   0x08006cbc   0x00000038   Code   RO         4938    i.rt_exit_critical  scheduler.o
    0x08006cf4   0x08006cf4   0x000000c4   Code   RO         4786    i.rt_free           mem.o
    0x08006db8   0x08006db8   0x00000008   Code   RO         5228    i.rt_heap_begin_get  board.o
    0x08006dc0   0x08006dc0   0x00000008   Code   RO         5229    i.rt_heap_end_get   board.o
    0x08006dc8   0x08006dc8   0x00000060   Code   RO         5230    i.rt_hw_board_init  board.o
    0x08006e28   0x08006e28   0x0000002c   Code   RO         5289    i.rt_hw_console_getchar  finsh_port.o
    0x08006e54   0x08006e54   0x00000048   Code   RO         5231    i.rt_hw_console_output  board.o
    0x08006e9c   0x08006e9c   0x000001fc   Code   RO         4213    i.rt_hw_hard_fault_exception  cpuport.o
    0x08007098   0x08007098   0x00000038   Code   RO         4214    i.rt_hw_stack_init  cpuport.o
    0x080070d0   0x080070d0   0x0000001c   Code   RO         4576    i.rt_interrupt_enter  irq.o
    0x080070ec   0x080070ec   0x0000001c   Code   RO         4578    i.rt_interrupt_leave  irq.o
    0x08007108   0x08007108   0x0000000e   Code   RO         4409    i.rt_ipc_list_resume  ipc.o
    0x08007116   0x08007116   0x00000002   PAD
    0x08007118   0x08007118   0x00000052   Code   RO         4411    i.rt_ipc_list_suspend  ipc.o
    0x0800716a   0x0800716a   0x00000002   PAD
    0x0800716c   0x0800716c   0x00000020   Code   RO         4611    i.rt_kprintf        kservice.o
    0x0800718c   0x0800718c   0x0000000e   Code   RO         4849    i.rt_list_insert_after  object.o
    0x0800719a   0x0800719a   0x0000000e   Code   RO         5000    i.rt_list_insert_after  thread.o
    0x080071a8   0x080071a8   0x0000000e   Code   RO         5130    i.rt_list_insert_after  timer.o
    0x080071b6   0x080071b6   0x0000000e   Code   RO         4412    i.rt_list_insert_before  ipc.o
    0x080071c4   0x080071c4   0x00000012   Code   RO         3928    i.rt_list_len       cmd_1.o
    0x080071d6   0x080071d6   0x00000012   Code   RO         4850    i.rt_list_remove    object.o
    0x080071e8   0x080071e8   0x00000012   Code   RO         5001    i.rt_list_remove    thread.o
    0x080071fa   0x080071fa   0x00000012   Code   RO         5131    i.rt_list_remove    timer.o
    0x0800720c   0x0800720c   0x000000f0   Code   RO         4787    i.rt_malloc         mem.o
    0x080072fc   0x080072fc   0x00000032   Code   RO         4616    i.rt_memmove        kservice.o
    0x0800732e   0x0800732e   0x00000002   PAD
    0x08007330   0x08007330   0x00000046   Code   RO         4617    i.rt_memset         kservice.o
    0x08007376   0x08007376   0x0000002a   Code   RO         4422    i.rt_mutex_create   ipc.o
    0x080073a0   0x080073a0   0x000000a4   Code   RO         4426    i.rt_mutex_release  ipc.o
    0x08007444   0x08007444   0x000000bc   Code   RO         4427    i.rt_mutex_take     ipc.o
    0x08007500   0x08007500   0x00000050   Code   RO         4851    i.rt_object_allocate  object.o
    0x08007550   0x08007550   0x00000026   Code   RO         4852    i.rt_object_delete  object.o
    0x08007576   0x08007576   0x00000020   Code   RO         4853    i.rt_object_detach  object.o
    0x08007596   0x08007596   0x00000002   PAD
    0x08007598   0x08007598   0x00000024   Code   RO         4855    i.rt_object_get_information  object.o
    0x080075bc   0x080075bc   0x00000050   Code   RO         4859    i.rt_object_init    object.o
    0x0800760c   0x0800760c   0x0000000e   Code   RO         4860    i.rt_object_is_systemobject  object.o
    0x0800761a   0x0800761a   0x00000002   PAD
    0x0800761c   0x0800761c   0x00000058   Code   RO         4939    i.rt_schedule       scheduler.o
    0x08007674   0x08007674   0x00000050   Code   RO         4940    i.rt_schedule_insert_thread  scheduler.o
    0x080076c4   0x080076c4   0x00000048   Code   RO         4941    i.rt_schedule_remove_thread  scheduler.o
    0x0800770c   0x0800770c   0x00000020   Code   RO         4429    i.rt_sem_create     ipc.o
    0x0800772c   0x0800772c   0x00000024   Code   RO         4432    i.rt_sem_init       ipc.o
    0x08007750   0x08007750   0x00000048   Code   RO         4433    i.rt_sem_release    ipc.o
    0x08007798   0x08007798   0x0000006e   Code   RO         4434    i.rt_sem_take       ipc.o
    0x08007806   0x08007806   0x00000002   PAD
    0x08007808   0x08007808   0x000000b0   Code   RO         4619    i.rt_show_version   kservice.o
    0x080078b8   0x080078b8   0x00000010   Code   RO         4625    i.rt_strlen         kservice.o
    0x080078c8   0x080078c8   0x00000026   Code   RO         4627    i.rt_strncpy        kservice.o
    0x080078ee   0x080078ee   0x00000002   PAD
    0x080078f0   0x080078f0   0x000000ac   Code   RO         4790    i.rt_system_heap_init  mem.o
    0x0800799c   0x0800799c   0x00000034   Code   RO         4942    i.rt_system_scheduler_init  scheduler.o
    0x080079d0   0x080079d0   0x00000028   Code   RO         4943    i.rt_system_scheduler_start  scheduler.o
    0x080079f8   0x080079f8   0x0000000c   Code   RO         5132    i.rt_system_timer_init  timer.o
    0x08007a04   0x08007a04   0x00000002   Code   RO         5133    i.rt_system_timer_thread_init  timer.o
    0x08007a06   0x08007a06   0x00000076   Code   RO         5002    i.rt_thread_control  thread.o
    0x08007a7c   0x08007a7c   0x00000048   Code   RO         5003    i.rt_thread_create  thread.o
    0x08007ac4   0x08007ac4   0x0000004c   Code   RO         5006    i.rt_thread_delete  thread.o
    0x08007b10   0x08007b10   0x00000060   Code   RO         5007    i.rt_thread_detach  thread.o
    0x08007b70   0x08007b70   0x0000005c   Code   RO         5008    i.rt_thread_exit    thread.o
    0x08007bcc   0x08007bcc   0x00000006   Code   RO         4374    i.rt_thread_idle_entry  idle.o
    0x08007bd2   0x08007bd2   0x00000002   PAD
    0x08007bd4   0x08007bd4   0x0000004c   Code   RO         4375    i.rt_thread_idle_excute  idle.o
    0x08007c20   0x08007c20   0x00000038   Code   RO         4377    i.rt_thread_idle_init  idle.o
    0x08007c58   0x08007c58   0x00000030   Code   RO         5010    i.rt_thread_init    thread.o
    0x08007c88   0x08007c88   0x0000000e   Code   RO         5011    i.rt_thread_mdelay  thread.o
    0x08007c96   0x08007c96   0x0000003c   Code   RO         5012    i.rt_thread_resume  thread.o
    0x08007cd2   0x08007cd2   0x00000002   PAD
    0x08007cd4   0x08007cd4   0x0000000c   Code   RO         5013    i.rt_thread_self    thread.o
    0x08007ce0   0x08007ce0   0x00000040   Code   RO         5014    i.rt_thread_sleep   thread.o
    0x08007d20   0x08007d20   0x0000002c   Code   RO         5015    i.rt_thread_startup  thread.o
    0x08007d4c   0x08007d4c   0x00000042   Code   RO         5016    i.rt_thread_suspend  thread.o
    0x08007d8e   0x08007d8e   0x00000020   Code   RO         5017    i.rt_thread_timeout  thread.o
    0x08007dae   0x08007dae   0x00000002   PAD
    0x08007db0   0x08007db0   0x00000060   Code   RO         5018    i.rt_thread_yield   thread.o
    0x08007e10   0x08007e10   0x00000032   Code   RO         4270    i.rt_tick_from_millisecond  clock.o
    0x08007e42   0x08007e42   0x00000002   PAD
    0x08007e44   0x08007e44   0x0000000c   Code   RO         4271    i.rt_tick_get       clock.o
    0x08007e50   0x08007e50   0x0000002c   Code   RO         4272    i.rt_tick_increase  clock.o
    0x08007e7c   0x08007e7c   0x0000008c   Code   RO         5134    i.rt_timer_check    timer.o
    0x08007f08   0x08007f08   0x00000048   Code   RO         5135    i.rt_timer_control  timer.o
    0x08007f50   0x08007f50   0x00000028   Code   RO         5138    i.rt_timer_detach   timer.o
    0x08007f78   0x08007f78   0x00000028   Code   RO         5139    i.rt_timer_init     timer.o
    0x08007fa0   0x08007fa0   0x00000084   Code   RO         5141    i.rt_timer_start    timer.o
    0x08008024   0x08008024   0x0000002e   Code   RO         5142    i.rt_timer_stop     timer.o
    0x08008052   0x08008052   0x00000002   PAD
    0x08008054   0x08008054   0x00000284   Code   RO         4630    i.rt_vsnprintf      kservice.o
    0x080082d8   0x080082d8   0x00000004   Code   RO         4312    i.rti_board_end     components.o
    0x080082dc   0x080082dc   0x00000004   Code   RO         4313    i.rti_board_start   components.o
    0x080082e0   0x080082e0   0x00000004   Code   RO         4314    i.rti_end           components.o
    0x080082e4   0x080082e4   0x00000004   Code   RO         4315    i.rti_start         components.o
    0x080082e8   0x080082e8   0x0000002a   Code   RO         4316    i.rtthread_startup  components.o
    0x08008312   0x08008312   0x00000002   PAD
    0x08008314   0x08008314   0x00000030   Code   RO         3929    i.show_wait_queue   cmd_1.o
    0x08008344   0x08008344   0x00000028   Code   RO         4632    i.skip_atoi         kservice.o
    0x0800836c   0x0800836c   0x0000004c   Code   RO         3671    i.stepper_init      stepper.o
    0x080083b8   0x080083b8   0x00000068   Code   RO         3672    i.stepper_set_phase  stepper.o
    0x08008420   0x08008420   0x0000008c   Code   RO         3673    i.stepper_thread_entry  stepper.o
    0x080084ac   0x080084ac   0x00000050   Code   RO         3262    i.test_uart3        app_pid_test.o
    0x080084fc   0x080084fc   0x00000082   Code   RO         3743    i.trapmf            fuzzypid.o
    0x0800857e   0x0800857e   0x00000004   Code   RO         5233    i.uart_init         board.o
    0x08008582   0x08008582   0x00000002   PAD
    0x08008584   0x08008584   0x000000d0   Code   RO         4215    i.usage_fault_track  cpuport.o
    0x08008654   0x08008654   0x0000000a   Code   RO         3930    i.version           cmd_1.o
    0x0800865e   0x0800865e   0x000000bc   Code   RO         3745    i.zmf               fuzzypid.o
    0x0800871a   0x0800871a   0x00000012   Data   RO         1047    .constdata          stm32f1xx_hal_rcc.o
    0x0800872c   0x0800872c   0x00000010   Data   RO         3174    .constdata          system_stm32f1xx.o
    0x0800873c   0x0800873c   0x00000008   Data   RO         3175    .constdata          system_stm32f1xx.o
    0x08008744   0x08008744   0x0000000e   Data   RO         3264    .constdata          app_pid_test.o
    0x08008752   0x08008752   0x0000001b   Data   RO         3429    .constdata          sx1278.o
    0x0800876d   0x0800876d   0x00000020   Data   RO         3674    .constdata          stepper.o
    0x0800878d   0x0800878d   0x00000122   Data   RO         4634    .constdata          kservice.o
    0x080088af   0x080088af   0x00000001   PAD
    0x080088b0   0x080088b0   0x00000030   Data   RO         5316    .constdata          m_ws.l(expf.o)
    0x080088e0   0x080088e0   0x00000140   Data   RO         5326    .constdata          m_ws.l(powf.o)
    0x08008a20   0x08008a20   0x00000081   Data   RO         5763    .constdata          mc_w.l(ctype_o.o)
    0x08008aa1   0x08008aa1   0x00000003   PAD
    0x08008aa4   0x08008aa4   0x00000004   Data   RO         5764    .constdata          mc_w.l(ctype_o.o)
    0x08008aa8   0x08008aa8   0x00000044   Data   RO         3931    .conststring        cmd_1.o
    0x08008aec   0x08008aec   0x0000000e   Data   RO         3270    .rodata.name        app_pid_test.o
    0x08008afa   0x08008afa   0x00000019   Data   RO         3271    .rodata.name        app_pid_test.o
    0x08008b13   0x08008b13   0x0000000f   Data   RO         3272    .rodata.name        app_pid_test.o
    0x08008b22   0x08008b22   0x00000014   Data   RO         3273    .rodata.name        app_pid_test.o
    0x08008b36   0x08008b36   0x00000011   Data   RO         3274    .rodata.name        app_pid_test.o
    0x08008b47   0x08008b47   0x0000001b   Data   RO         3275    .rodata.name        app_pid_test.o
    0x08008b62   0x08008b62   0x00000011   Data   RO         3276    .rodata.name        app_pid_test.o
    0x08008b73   0x08008b73   0x0000000e   Data   RO         3277    .rodata.name        app_pid_test.o
    0x08008b81   0x08008b81   0x0000000a   Data   RO         3628    .rodata.name        cmd.o
    0x08008b8b   0x08008b8b   0x00000027   Data   RO         3629    .rodata.name        cmd.o
    0x08008bb2   0x08008bb2   0x00000010   Data   RO         3630    .rodata.name        cmd.o
    0x08008bc2   0x08008bc2   0x00000016   Data   RO         3631    .rodata.name        cmd.o
    0x08008bd8   0x08008bd8   0x00000010   Data   RO         3632    .rodata.name        cmd.o
    0x08008be8   0x08008be8   0x00000012   Data   RO         3633    .rodata.name        cmd.o
    0x08008bfa   0x08008bfa   0x00000010   Data   RO         3676    .rodata.name        stepper.o
    0x08008c0a   0x08008c0a   0x00000029   Data   RO         3677    .rodata.name        stepper.o
    0x08008c33   0x08008c33   0x00000006   Data   RO         3932    .rodata.name        cmd_1.o
    0x08008c39   0x08008c39   0x00000010   Data   RO         3933    .rodata.name        cmd_1.o
    0x08008c49   0x08008c49   0x00000008   Data   RO         3934    .rodata.name        cmd_1.o
    0x08008c51   0x08008c51   0x00000023   Data   RO         3935    .rodata.name        cmd_1.o
    0x08008c74   0x08008c74   0x0000000e   Data   RO         3936    .rodata.name        cmd_1.o
    0x08008c82   0x08008c82   0x00000023   Data   RO         3937    .rodata.name        cmd_1.o
    0x08008ca5   0x08008ca5   0x0000000c   Data   RO         3938    .rodata.name        cmd_1.o
    0x08008cb1   0x08008cb1   0x0000000c   Data   RO         3939    .rodata.name        cmd_1.o
    0x08008cbd   0x08008cbd   0x00000012   Data   RO         3940    .rodata.name        cmd_1.o
    0x08008ccf   0x08008ccf   0x0000000c   Data   RO         3941    .rodata.name        cmd_1.o
    0x08008cdb   0x08008cdb   0x00000009   Data   RO         3942    .rodata.name        cmd_1.o
    0x08008ce4   0x08008ce4   0x00000019   Data   RO         3943    .rodata.name        cmd_1.o
    0x08008cfd   0x08008cfd   0x0000000f   Data   RO         3944    .rodata.name        cmd_1.o
    0x08008d0c   0x08008d0c   0x00000019   Data   RO         3945    .rodata.name        cmd_1.o
    0x08008d25   0x08008d25   0x0000000b   Data   RO         3946    .rodata.name        cmd_1.o
    0x08008d30   0x08008d30   0x00000015   Data   RO         3947    .rodata.name        cmd_1.o
    0x08008d45   0x08008d45   0x00000011   Data   RO         3948    .rodata.name        cmd_1.o
    0x08008d56   0x08008d56   0x00000015   Data   RO         3949    .rodata.name        cmd_1.o
    0x08008d6b   0x08008d6b   0x0000000d   Data   RO         3950    .rodata.name        cmd_1.o
    0x08008d78   0x08008d78   0x00000018   Data   RO         3951    .rodata.name        cmd_1.o
    0x08008d90   0x08008d90   0x00000013   Data   RO         3952    .rodata.name        cmd_1.o
    0x08008da3   0x08008da3   0x00000018   Data   RO         3953    .rodata.name        cmd_1.o
    0x08008dbb   0x08008dbb   0x0000000b   Data   RO         3954    .rodata.name        cmd_1.o
    0x08008dc6   0x08008dc6   0x00000015   Data   RO         3955    .rodata.name        cmd_1.o
    0x08008ddb   0x08008ddb   0x00000011   Data   RO         3956    .rodata.name        cmd_1.o
    0x08008dec   0x08008dec   0x00000015   Data   RO         3957    .rodata.name        cmd_1.o
    0x08008e01   0x08008e01   0x00000005   Data   RO         3958    .rodata.name        cmd_1.o
    0x08008e06   0x08008e06   0x0000001a   Data   RO         3959    .rodata.name        cmd_1.o
    0x08008e20   0x08008e20   0x0000000b   Data   RO         4060    .rodata.name        msh.o
    0x08008e2b   0x08008e2b   0x00000016   Data   RO         4061    .rodata.name        msh.o
    0x08008e41   0x08008e41   0x00000009   Data   RO         4062    .rodata.name        msh.o
    0x08008e4a   0x08008e4a   0x0000001c   Data   RO         4063    .rodata.name        msh.o
    0x08008e66   0x08008e66   0x0000000b   Data   RO         4064    .rodata.name        msh.o
    0x08008e71   0x08008e71   0x00000025   Data   RO         4065    .rodata.name        msh.o
    0x08008e96   0x08008e96   0x00000009   Data   RO         4793    .rodata.name        mem.o
    0x08008e9f   0x08008e9f   0x0000001e   Data   RO         4794    .rodata.name        mem.o
    0x08008ebd   0x08008ebd   0x00000003   PAD
    0x08008ec0   0x08008ec0   0x00000004   Data   RO         4317    .rti_fn.0           components.o
    0x08008ec4   0x08008ec4   0x00000004   Data   RO         4318    .rti_fn.0.end       components.o
    0x08008ec8   0x08008ec8   0x00000004   Data   RO         5235    .rti_fn.1           board.o
    0x08008ecc   0x08008ecc   0x00000004   Data   RO         4319    .rti_fn.1.end       components.o
    0x08008ed0   0x08008ed0   0x00000004   Data   RO         3678    .rti_fn.6           stepper.o
    0x08008ed4   0x08008ed4   0x00000004   Data   RO         4135    .rti_fn.6           shell.o
    0x08008ed8   0x08008ed8   0x00000004   Data   RO         4320    .rti_fn.6.end       components.o
    0x08008edc   0x08008edc   0x00000030   Data   RO         3278    FSymTab             app_pid_test.o
    0x08008f0c   0x08008f0c   0x00000024   Data   RO         3634    FSymTab             cmd.o
    0x08008f30   0x08008f30   0x0000000c   Data   RO         3679    FSymTab             stepper.o
    0x08008f3c   0x08008f3c   0x000000a8   Data   RO         3960    FSymTab             cmd_1.o
    0x08008fe4   0x08008fe4   0x00000024   Data   RO         4066    FSymTab             msh.o
    0x08009008   0x08009008   0x0000000c   Data   RO         4795    FSymTab             mem.o
    0x08009014   0x08009014   0x00000020   Data   RO         5806    Region$$Table       anon$$obj.o


    Execution Region RW_IRAM1 (Exec base: 0x20000000, Load base: 0x08009034, Size: 0x00004e28, Max: 0x00010000, ABSOLUTE, COMPRESSED[0x00000118])

    Exec Addr    Load Addr    Size         Type   Attr      Idx    E Section Name        Object

    0x20000000   COMPRESSED   0x00000004   Data   RW           19    .data               main.o
    0x20000004   COMPRESSED   0x00000004   Data   RW           20    .data               main.o
    0x20000008   COMPRESSED   0x00000004   Data   RW           21    .data               main.o
    0x2000000c   COMPRESSED   0x0000000c   Data   RW          884    .data               stm32f1xx_hal.o
    0x20000018   COMPRESSED   0x00000004   Data   RW         3176    .data               system_stm32f1xx.o
    0x2000001c   COMPRESSED   0x00000004   Data   RW         3214    .data               bsp_lora.o
    0x20000020   COMPRESSED   0x00000004   Data   RW         3265    .data               app_pid_test.o
    0x20000024   COMPRESSED   0x00000380   Data   RW         3269    .data               app_pid_test.o
    0x200003a4   COMPRESSED   0x00000010   Data   RW         3357    .data               app_lora_node.o
    0x200003b4   COMPRESSED   0x00000014   Data   RW         3675    .data               stepper.o
    0x200003c8   COMPRESSED   0x00000018   Data   RW         4134    .data               shell.o
    0x200003e0   COMPRESSED   0x00000004   Data   RW         4216    .data               cpuport.o
    0x200003e4   COMPRESSED   0x00000004   Data   RW         4217    .data               cpuport.o
    0x200003e8   COMPRESSED   0x00000004   Data   RW         4218    .data               cpuport.o
    0x200003ec   COMPRESSED   0x00000004   Data   RW         4219    .data               cpuport.o
    0x200003f0   COMPRESSED   0x00000004   Data   RW         4274    .data               clock.o
    0x200003f4   COMPRESSED   0x00000001   Data   RW         4579    .data               irq.o
    0x200003f5   COMPRESSED   0x00000003   PAD
    0x200003f8   COMPRESSED   0x00000018   Data   RW         4792    .data               mem.o
    0x20000410   COMPRESSED   0x00000050   Data   RW         4862    .data               object.o
    0x20000460   COMPRESSED   0x00000014   Data   RW         4945    .data               scheduler.o
    0x20000474   COMPRESSED   0x0000000c   Data   RW         5143    .data               timer.o
    0x20000480   COMPRESSED   0x00000004   Data   RW         5346    .data               mc_w.l(rand.o)
    0x20000484   COMPRESSED   0x00000004   Data   RW         5716    .data               mc_w.l(stdout.o)
    0x20000488   COMPRESSED   0x00000004   Data   RW         5721    .data               mc_w.l(mvars.o)
    0x2000048c   COMPRESSED   0x00000004   Data   RW         5722    .data               mc_w.l(mvars.o)
    0x20000490   COMPRESSED   0x00000004   Data   RW         5726    .data               mc_w.l(errno.o)
    0x20000494        -       0x00000058   Zero   RW          257    .bss                spi.o
    0x200004ec        -       0x00000090   Zero   RW          300    .bss                usart.o
    0x2000057c        -       0x00000048   Zero   RW          465    .bss                stm32f1xx_hal_timebase_tim.o
    0x200005c4   COMPRESSED   0x00000004   PAD
    0x200005c8        -       0x00000138   Zero   RW         3213    .bss                bsp_lora.o
    0x20000700        -       0x0000000a   Zero   RW         3263    .bss                app_pid_test.o
    0x2000070a        -       0x00000080   Zero   RW         3356    .bss                app_lora_node.o
    0x2000078a        -       0x00000101   Zero   RW         4133    .bss                shell.o
    0x2000088b   COMPRESSED   0x00000001   PAD
    0x2000088c        -       0x00000178   Zero   RW         4378    .bss                idle.o
    0x20000a04        -       0x00000100   Zero   RW         4633    .bss                kservice.o
    0x20000b04        -       0x00000020   Zero   RW         4791    .bss                mem.o
    0x20000b24        -       0x00000100   Zero   RW         4944    .bss                scheduler.o
    0x20000c24        -       0x00003c00   Zero   RW         5234    .bss                board.o
    0x20004824   COMPRESSED   0x00000004   PAD
    0x20004828        -       0x00000200   Zero   RW            2    HEAP                startup_stm32f103xe.o
    0x20004a28        -       0x00000400   Zero   RW            1    STACK               startup_stm32f103xe.o


==============================================================================

Image component sizes


      Code (inc. data)   RO Data    RW Data    ZI Data      Debug   Object Name

      1924        906          0         16        128       6383   app_lora_node.o
      1388        568        211        900         10       9503   app_pid_test.o
       188         22          4          0      15360      28609   board.o
       440        222          0          4        312       2200   bsp_lora.o
       106         12          0          4          0       1732   clock.o
       504        304        157          0          0       3236   cmd.o
      1986        758        729          0          0      16140   cmd_1.o
       182         28         16          0          0       5630   components.o
       244         28          0          0          0        848   context_rvds.o
      1340        718          0         16          0       5502   cpuport.o
        44          6          0          0          0       1012   finsh_port.o
      2180         64          0          0          0      20354   fuzzypid.o
       296         24          0          0          0       1051   gpio.o
       138         22          0          0        376       4922   idle.o
       754          0          0          0          0      10266   ipc.o
        56         12          0          1          0       1538   irq.o
      1438        160        290          0        256      10797   kservice.o
       526        262          0         12          0     509204   main.o
       826        248         51         24         32       5167   mem.o
       780        162        154          0          0       7664   msh.o
       312          6          0         80          0       8208   object.o
       416         56          0         20        256       8010   scheduler.o
       928        134          4         24        257      10092   shell.o
       200         24          0          0         88       1713   spi.o
        36          8        304          0       1536        808   startup_stm32f103xe.o
       748        308        105         20          0       3910   stepper.o
       100         32          0         12          0       6883   stm32f1xx_hal.o
       158         14          0          0          0      28250   stm32f1xx_hal_cortex.o
       374          8          0          0          0       1871   stm32f1xx_hal_dma.o
       566         48          0          0          0       5344   stm32f1xx_hal_gpio.o
        60          8          0          0          0        898   stm32f1xx_hal_msp.o
      1304         94         18          0          0       5825   stm32f1xx_hal_rcc.o
      1516          8          0          0          0       8828   stm32f1xx_hal_spi.o
       668         42          0          0          0       7328   stm32f1xx_hal_tim.o
         4          0          0          0          0       1617   stm32f1xx_hal_tim_ex.o
       116         16          0          0         72       1459   stm32f1xx_hal_timebase_tim.o
      1730         14          0          0          0      13079   stm32f1xx_hal_uart.o
        84         24          0          0          0       5372   stm32f1xx_it.o
      1168          8         27          0          0      16907   sx1278.o
       210          0          0          0          0       4857   sx1278_hw.o
       106         22         24          4          0       1799   system_stm32f1xx.o
      1078         54          0          0          0      14441   thread.o
       550         20          0         12          0      10696   timer.o
       332         38          0          0        144       2415   usart.o

    ----------------------------------------------------------------------
     28174       5512       2130       1152      18836     822368   Object Totals
         0          0         32          0          0          0   (incl. Generated)
        70          0          4          3          9          0   (incl. Padding)

    ----------------------------------------------------------------------

      Code (inc. data)   RO Data    RW Data    ZI Data      Debug   Library Member Name

        42          0          0          0          0         84   atof.o
       368         46         48          0          0        156   expf.o
        40          0          0          0          0         80   fmaxf.o
        40          0          0          0          0         80   fminf.o
        38          0          0          0          0         68   fpclassifyf.o
        48          0          0          0          0        408   funder.o
      1568         80        320          0          0        224   powf.o
        86          0          0          0          0          0   __dczerorl2.o
        28          0          0          0          0         68   _chval.o
        64          0          0          0          0         84   _sgetc.o
       158          0          0          0          0         92   _strtoul.o
        26          0          0          0          0         80   atoi.o
         8          4        133          0          0         68   ctype_o.o
         0          0          0          0          0          0   entry.o
         0          0          0          0          0          0   entry10a.o
         0          0          0          0          0          0   entry11a.o
         4          0          0          0          0          0   entry12b.o
         8          4          0          0          0          0   entry2.o
         4          0          0          0          0          0   entry5.o
         0          0          0          0          0          0   entry7b.o
         0          0          0          0          0          0   entry8b.o
         8          4          0          0          0          0   entry9a.o
        32         16          0          4          0        204   errno.o
        18          0          0          0          0         80   fputc.o
        30          0          0          0          0          0   handlers.o
        36          8          0          0          0         68   init.o
        18          0          0          0          0         76   isspace_o.o
         0          0          0          0          0          0   iusefp.o
         0          0          0          0          0          0   iusesemip.o
        30          0          0          0          0         68   llshl.o
        32          0          0          0          0         68   llushr.o
       188         20          0          0          0        160   malloc.o
        36          0          0          0          0         68   memcpya.o
        36          0          0          0          0        108   memseta.o
         0          0          0          8          0          0   mvars.o
        50          8          0          0          0        152   printfb.o
        36         10          0          4          0        136   rand.o
       878         12          0          0          0        216   scanf_fp.o
         0          0          0          0          0          0   semi.o
         0          0          0          4          0          0   stdout.o
        24          0          0          0          0         68   strcat.o
        28          0          0          0          0         76   strcmp.o
        18          0          0          0          0         68   strcpy.o
        14          0          0          0          0         68   strlen.o
        30          0          0          0          0         80   strncmp.o
        24          0          0          0          0         76   strncpy.o
       156         12          0          0          0        120   strtod.o
       112          0          0          0          0         88   strtol.o
        98          0          0          0          0         92   uldiv.o
        20          0          0          0          0         68   cfcmple.o
        20          0          0          0          0         68   cfrcmple.o
        56          0          0          0          0         88   d2f.o
       222          0          0          0          0        100   ddiv.o
       186          0          0          0          0        176   depilogue.o
        24          0          0          0          0         76   dfltul.o
       228          0          0          0          0         96   dmul.o
        38          0          0          0          0         68   f2d.o
       176          0          0          0          0        140   fadd.o
        54          0          0          0          0         68   fcmp4.o
       124          0          0          0          0         88   fdiv.o
       110          0          0          0          0        168   fepilogue.o
        50          0          0          0          0         68   ffixi.o
        76          0          0          0          0         76   ffixir.o
        40          0          0          0          0         68   ffixui.o
        18          0          0          0          0         68   fflti.o
       100          0          0          0          0         76   fmul.o
         4          0          0          0          0         68   fpstat.o
        60          0          0          0          0         76   frnd.o
        24          0          0          0          0         68   fscalb.o

    ----------------------------------------------------------------------
      6108        224        504         20          0       5404   Library Totals
        16          0          3          0          0          0   (incl. Padding)

    ----------------------------------------------------------------------

      Code (inc. data)   RO Data    RW Data    ZI Data      Debug   Library Name

      2144        126        368          0          0       1100   m_ws.l
      2318         98        133         20          0       2532   mc_w.l
      1630          0          0          0          0       1772   mf_w.l

    ----------------------------------------------------------------------
      6108        224        504         20          0       5404   Library Totals

    ----------------------------------------------------------------------

==============================================================================


      Code (inc. data)   RO Data    RW Data    ZI Data      Debug   

     34282       5736       2634       1172      18836     810272   Grand Totals
     34282       5736       2634        280      18836     810272   ELF Image Totals (compressed)
     34282       5736       2634        280          0          0   ROM Totals

==============================================================================

    Total RO  Size (Code + RO Data)                36916 (  36.05kB)
    Total RW  Size (RW Data + ZI Data)             20008 (  19.54kB)
    Total ROM Size (Code + RO Data + RW Data)      37196 (  36.32kB)

==============================================================================

